--------------------------------------------------------------------------------------
Timing Analyzer Summary
--------------------------------------------------------------------------------------

Type           : Worst-case tco
Slack          : N/A
Required Time  : None
Actual Time    : 17.000 ns
From           : lpm_counter:count_rtl_0|dffs[0]
To             : D[0]
From Clock     : SDTAKT
To Clock       : --
Failed Paths   : 0

Type           : Worst-case tpd
Slack          : N/A
Required Time  : None
Actual Time    : 33.000 ns
From           : A[12]
To             : D[0]
From Clock     : --
To Clock       : --
Failed Paths   : 0

Type           : Clock Setup: 'SDTAKT'
Slack          : N/A
Required Time  : None
Actual Time    : 76.92 MHz ( period = 13.000 ns )
From           : lpm_counter:countA_rtl_1|dffs[8]
To             : lpm_counter:countA_rtl_1|dffs[13]
From Clock     : SDTAKT
To Clock       : SDTAKT
Failed Paths   : 0

Type           : Total number of failed paths
Slack          : 
Required Time  : 
Actual Time    : 
From           : 
To             : 
From Clock     : 
To Clock       : 
Failed Paths   : 0

--------------------------------------------------------------------------------------

