Microchip MPLAB XC8 Compiler V2.00 ()

Linker command line:

-W-3 --edf=C:\Program Files (x86)\Microchip\xc8\v2.00\pic\dat\en_msgs.txt \
  -cs -h+dist/default/production\pic16F84.production.sym \
  --cmf=dist/default/production\pic16F84.production.cmf -z -Q16F84A \
  -oC:\Users\FOMONS~1\AppData\Local\Temp\sk70.2 \
  -Mdist/default/production/pic16F84.production.map -E1 -ver=XC8 \
  --acfsm=1493 -ASTACK=031h-04dh -pstack=STACK -ACODE=00h-03FFh \
  -ASTRCODE=00h-03FFh -ASTRING=00h-0FFhx4 -ACONST=00h-0FFhx4 \
  -AENTRY=00h-0FFhx4 -ABANK0=0Ch-04Dh -ARAM=0Ch-04Dh -AABS1=0Ch-04Fh \
  -ACOMMON=04Eh-04Fh -ASFR0=00h-0Bh -ASFR1=080h-0CDh \
  -preset_vec=00h,intentry=04h,init,end_init -ppowerup=CODE -pcinit=CODE \
  -pfunctab=ENTRY -ACONFIG=02007h-02007h -pconfig=CONFIG -DCONFIG=2 \
  -AIDLOC=02000h-02003h -pidloc=IDLOC -DIDLOC=2 -AEEDATA=00h-03Fh/02100h \
  -peeprom_data=EEDATA -DEEDATA=2 -DCODE=2 -DSTRCODE=2 -DSTRING=2 -DCONST=2 \
  -DENTRY=2 -k C:\Users\FOMONS~1\AppData\Local\Temp\sk70.o \
  dist/default/production\pic16F84.production.o 

Object code version is 3.11

Machine type is 16F84A



                Name                               Link     Load   Length Selector   Space Scale
C:\Users\FOMONS~1\AppData\Local\Temp\sk70.o
                end_init                              D        D        1        8       0
                reset_vec                             0        0        1        0       0
dist/default/production\pic16F84.production.o
                cinit                                 E        E        7        8       0
                intentry                              4        4        9        8       0
                text7                                15       15      111        8       0
                text6                               31D      31D       20      554       0
                text5                               33D      33D       1F      554       0
                text4                               2AA      2AA       41      554       0
                text3                               35C      35C       1A      554       0
                text2                               37E      37E        1      554       0
                text1                               2EB      2EB       32      554       0
                maintext                            126      126       AC        8       0
                cstackBANK0                          23       23        E        C       1
                clrtext                             376      376        8      554       0
                bssBANK0                              C        C       17        C       1
                strings                             200      200       AA      400       0

TOTAL           Name                               Link     Load   Length     Space
        CLASS   STACK          

        CLASS   CODE           
                end_init                              D        D        1         0
                cinit                                 E        E        7         0
                intentry                              4        4        9         0
                reset_vec                             0        0        1         0
                text7                                15       15      111         0
                text6                               31D      31D       20         0
                text5                               33D      33D       1F         0
                text4                               2AA      2AA       41         0
                text3                               35C      35C       1A         0
                text2                               37E      37E        1         0
                text1                               2EB      2EB       32         0
                maintext                            126      126       AC         0
                clrtext                             376      376        8         0

        CLASS   STRCODE        

        CLASS   STRING         
                strings                             200      200       AA         0

        CLASS   CONST          

        CLASS   ENTRY          

        CLASS   BANK0          
                cstackBANK0                          23       23        E         1
                bssBANK0                              C        C       17         1

        CLASS   RAM            

        CLASS   ABS1           
                abs_s1                               4E       4E        2         1

        CLASS   COMMON         

        CLASS   SFR0           

        CLASS   SFR1           

        CLASS   CONFIG         

        CLASS   IDLOC          

        CLASS   EEDATA         

        CLASS   BANK1          



SEGMENTS        Name                           Load    Length   Top    Selector   Space  Class     Delta

                reset_vec                      000000  000001  000001         0       0  CODE        2
                intentry                       000004  0001CE  0001D2         8       0  CODE        2
                bssBANK0                       00000C  000025  000031         C       1  BANK0       1
                strings                        000200  0000AA  0002AA       400       0  STRING      2
                text4                          0002AA  0000D5  00037F       554       0  CODE        2


UNUSED ADDRESS RANGES

        Name                Unused          Largest block    Delta
        BANK0            031-04D            1D           1
        CODE             001-003             3           2
                         1D2-1FF            2E
                         37F-3FF            81
        CONFIG           2007-2007             1           2
        CONST            001-003             3           2
                         1D2-1FF            2E
                         37F-3FF            81
        EEDATA           2100-213F            40           2
        ENTRY            001-003             3           2
                         1D2-1FF            2E
                         37F-3FF            81
        IDLOC            2000-2003             4           2
        RAM              031-04D            1D           1
        SFR0             000-00B             C           1
        SFR1             080-0CD            4E           1
        STACK            031-04D            1D           1
        STRCODE          001-003             3           2
                         1D2-1FF            2E
                         37F-3FF            81
        STRING           001-003             3           2
                         1D2-1FF            2E
                         37F-3FF            81

                                  Symbol Table

_GIE                           (abs)        05F
_PORTA                         (abs)        005
_PORTAbits                     (abs)        005
_PORTB                         (abs)        006
_PSA                           (abs)        40B
_RA1                           (abs)        029
_RA2                           (abs)        02A
_T0CS                          (abs)        40D
_T0IE                          (abs)        05D
_T0IF                          (abs)        05A
_T0SE                          (abs)        40C
_TMR0                          (abs)        001
_TRISA0                        (abs)        428
_TRISA1                        (abs)        429
_TRISA2                        (abs)        42A
_TRISA3                        (abs)        42B
_TRISA4                        (abs)        42C
_TRISB                         (abs)        086
__Habs1                        abs1         000
__Hbank0                       bank0        000
__Hbank1                       bank1        000
__HbssBANK0                    bssBANK0     000
__Hcinit                       cinit        015
__Hclrtext                     clrtext      000
__Hcode                        code         000
__Hcommon                      common       000
__Hconfig                      config       000
__HcstackBANK0                 cstackBANK0  000
__HcstackCOMMON                cstackCOMMON 000
__Heeprom_data                 eeprom_data  000
__Hend_init                    end_init     00E
__Hfunctab                     functab      000
__Hidloc                       idloc        000
__Hinit                        init         00D
__Hintentry                    intentry     00D
__Hmaintext                    maintext     000
__Hpowerup                     powerup      000
__Hram                         ram          000
__Hreset_vec                   reset_vec    001
__Hsfr0                        sfr0         000
__Hsfr1                        sfr1         000
__Hspace_0                     (abs)        37F
__Hspace_1                     (abs)        031
__Hspace_2                     (abs)        000
__Hspace_3                     (abs)        000
__Hstack                       stack        000
__Hstrings                     strings      000
__Htext                        text         000
__Labs1                        abs1         000
__Lbank0                       bank0        000
__Lbank1                       bank1        000
__LbssBANK0                    bssBANK0     000
__Lcinit                       cinit        00E
__Lclrtext                     clrtext      000
__Lcode                        code         000
__Lcommon                      common       000
__Lconfig                      config       000
__LcstackBANK0                 cstackBANK0  000
__LcstackCOMMON                cstackCOMMON 000
__Leeprom_data                 eeprom_data  000
__Lend_init                    end_init     00D
__Lfunctab                     functab      000
__Lidloc                       idloc        000
__Linit                        init         00D
__Lintentry                    intentry     004
__Lmaintext                    maintext     000
__Lpowerup                     powerup      000
__Lram                         ram          000
__Lreset_vec                   reset_vec    000
__Lsfr0                        sfr0         000
__Lsfr1                        sfr1         000
__Lspace_0                     (abs)        000
__Lspace_1                     (abs)        000
__Lspace_2                     (abs)        000
__Lspace_3                     (abs)        000
__Lstack                       stack        000
__Lstrings                     strings      000
__Ltext                        text         000
__S0                           (abs)        37F
__S1                           (abs)        031
__S2                           (abs)        000
__S3                           (abs)        000
___int_sp                      stack        000
___latbits                     (abs)        000
___sp                          stack        000
__end_of__initialization       cinit        013
__end_of__stringtab            strings      206
__end_of_codeToMatrix          strings      286
__end_of_keyDown               text4        2EB
__end_of_keyUp                 text3        376
__end_of_main                  maintext     1D2
__end_of_myDelay               text2        37F
__end_of_myIsr                 text7        126
__end_of_replaceOnShiftKeyDown strings      2AA
__end_of_resetPort             text6        33D
__end_of_sendDataToAltera      text1        31D
__end_of_setPort               text5        35C
__initialization               cinit        00E
__pbssBANK0                    bssBANK0     00C
__pcstackBANK0                 cstackBANK0  023
__pcstackCOMMON                cstackCOMMON 000
__pintentry                    intentry     004
__pmaintext                    maintext     126
__pstrings                     strings      200
__ptext1                       text1        2EB
__ptext2                       text2        37E
__ptext3                       text3        35C
__ptext4                       text4        2AA
__ptext5                       text5        33D
__ptext6                       text6        31D
__ptext7                       text7        015
__size_of_keyDown              (abs)        000
__size_of_keyUp                (abs)        000
__size_of_main                 (abs)        000
__size_of_myDelay              (abs)        000
__size_of_myIsr                (abs)        000
__size_of_resetPort            (abs)        000
__size_of_sendDataToAltera     (abs)        000
__size_of_setPort              (abs)        000
__stringbase                   strings      205
__stringtab                    strings      200
_codeToMatrix                  strings      206
_ctrl                          bssBANK0     018
_i                             bssBANK0     01A
_keyDown                       text4        2AA
_keyUp                         text3        35C
_main                          maintext     126
_myDelay                       text2        37E
_myIsr                         text7        015
_myIsr$79                      cstackBANK0  028
_outPorts                      bssBANK0     00C
_ps2Bits                       bssBANK0     021
_ps2BitsCount                  bssBANK0     020
_ps2Data                       bssBANK0     01F
_ps2DataCount                  bssBANK0     01E
_ps2DataState                  bssBANK0     022
_ps2NeedEncode                 bssBANK0     01B
_ps2Up                         bssBANK0     01C
_ps2WaitCode                   bssBANK0     01D
_replaceOnShiftKeyDown         strings      286
_replaced                      bssBANK0     017
_resetPort                     text6        31D
_sendDataToAltera              text1        2EB
_setPort                       text5        33D
_shift                         bssBANK0     019
btemp                          (abs)        04E
clear_ram0                     clrtext      376
end_of_initialization          cinit        013
interrupt_function             intentry     004
intlevel0                      functab      000
intlevel1                      functab      000
intlevel2                      functab      000
intlevel3                      functab      000
intlevel4                      functab      000
intlevel5                      functab      000
keyDown@key                    cstackBANK0  02F
keyUp@key                      cstackBANK0  02F
resetPort@bit_id               cstackBANK0  02D
reset_vec                      reset_vec    000
saved_w                        (abs)        04E
setPort@bit_id                 cstackBANK0  02D
stackhi                        (abs)        000
stacklo                        (abs)        000
start                          init         00D
start_initialization           cinit        00E
wtemp0                         (abs)        04E


FUNCTION INFORMATION:

 *************** function _main *****************
 Defined at:
		line 251 in file "main.c"
 Parameters:    Size  Location     Type
		None
 Auto vars:     Size  Location     Type
		None
 Return value:  Size  Location     Type
                  1    wreg      void 
 Registers used:
		wreg, fsr0l, fsr0h, status,2, status,0, pclath, cstack
 Tracked objects:
		On entry : 
		On exit  : 
		Unchanged: 
 Data sizes:     COMMON   BANK0
      Params:         0       0
      Locals:         0       0
      Temps:          0       1
      Totals:         0       1
Total ram usage:        1 bytes
 Hardware stack levels required when called:    3
 This function calls:
		_keyDown
		_keyUp
		_sendDataToAltera
 This function is called by:
		Startup code after reset
 This function uses a non-reentrant model


 *************** function _sendDataToAltera *****************
 Defined at:
		line 191 in file "main.c"
 Parameters:    Size  Location     Type
		None
 Auto vars:     Size  Location     Type
		None
 Return value:  Size  Location     Type
                  1    wreg      void 
 Registers used:
		wreg, fsr0l, fsr0h, status,2, status,0, pclath, cstack
 Tracked objects:
		On entry : 
		On exit  : 
		Unchanged: 
 Data sizes:     COMMON   BANK0
      Params:         0       0
      Locals:         0       0
      Temps:          0       1
      Totals:         0       1
Total ram usage:        1 bytes
 Hardware stack levels used:    1
 Hardware stack levels required when called:    2
 This function calls:
		_myDelay
 This function is called by:
		_main
 This function uses a non-reentrant model


 *************** function _myDelay *****************
 Defined at:
		line 183 in file "main.c"
 Parameters:    Size  Location     Type
		None
 Auto vars:     Size  Location     Type
		None
 Return value:  Size  Location     Type
                  1    wreg      void 
 Registers used:
		None
 Tracked objects:
		On entry : 
		On exit  : 
		Unchanged: 
 Data sizes:     COMMON   BANK0
      Params:         0       0
      Locals:         0       0
      Temps:          0       0
      Totals:         0       0
Total ram usage:        0 bytes
 Hardware stack levels used:    1
 Hardware stack levels required when called:    1
 This function calls:
		Nothing
 This function is called by:
		_sendDataToAltera
 This function uses a non-reentrant model


 *************** function _keyUp *****************
 Defined at:
		line 176 in file "main.c"
 Parameters:    Size  Location     Type
  key             1    wreg     unsigned char 
 Auto vars:     Size  Location     Type
  key             1   12[BANK0 ] unsigned char 
 Return value:  Size  Location     Type
                  1    wreg      void 
 Registers used:
		wreg, fsr0l, fsr0h, status,2, status,0, pclath, cstack
 Tracked objects:
		On entry : 
		On exit  : 
		Unchanged: 
 Data sizes:     COMMON   BANK0
      Params:         0       0
      Locals:         0       1
      Temps:          0       1
      Totals:         0       2
Total ram usage:        2 bytes
 Hardware stack levels used:    1
 Hardware stack levels required when called:    2
 This function calls:
		_resetPort
 This function is called by:
		_main
 This function uses a non-reentrant model


 *************** function _keyDown *****************
 Defined at:
		line 155 in file "main.c"
 Parameters:    Size  Location     Type
  key             1    wreg     unsigned char 
 Auto vars:     Size  Location     Type
  key             1   12[BANK0 ] unsigned char 
 Return value:  Size  Location     Type
                  1    wreg      void 
 Registers used:
		wreg, fsr0l, fsr0h, status,2, status,0, pclath, cstack
 Tracked objects:
		On entry : 
		On exit  : 
		Unchanged: 
 Data sizes:     COMMON   BANK0
      Params:         0       0
      Locals:         0       1
      Temps:          0       1
      Totals:         0       2
Total ram usage:        2 bytes
 Hardware stack levels used:    1
 Hardware stack levels required when called:    2
 This function calls:
		_resetPort
		_setPort
 This function is called by:
		_main
 This function uses a non-reentrant model


 *************** function _setPort *****************
 Defined at:
		line 143 in file "main.c"
 Parameters:    Size  Location     Type
  bit_id          1    wreg     unsigned char 
 Auto vars:     Size  Location     Type
  bit_id          1   10[BANK0 ] unsigned char 
 Return value:  Size  Location     Type
                  1    wreg      void 
 Registers used:
		wreg, fsr0l, fsr0h, status,2, status,0
 Tracked objects:
		On entry : 
		On exit  : 
		Unchanged: 
 Data sizes:     COMMON   BANK0
      Params:         0       0
      Locals:         0       1
      Temps:          0       3
      Totals:         0       4
Total ram usage:        4 bytes
 Hardware stack levels used:    1
 Hardware stack levels required when called:    1
 This function calls:
		Nothing
 This function is called by:
		_keyDown
 This function uses a non-reentrant model


 *************** function _resetPort *****************
 Defined at:
		line 148 in file "main.c"
 Parameters:    Size  Location     Type
  bit_id          1    wreg     unsigned char 
 Auto vars:     Size  Location     Type
  bit_id          1   10[BANK0 ] unsigned char 
 Return value:  Size  Location     Type
                  1    wreg      void 
 Registers used:
		wreg, fsr0l, fsr0h, status,2, status,0
 Tracked objects:
		On entry : 
		On exit  : 
		Unchanged: 
 Data sizes:     COMMON   BANK0
      Params:         0       0
      Locals:         0       1
      Temps:          0       3
      Totals:         0       4
Total ram usage:        4 bytes
 Hardware stack levels used:    1
 Hardware stack levels required when called:    1
 This function calls:
		Nothing
 This function is called by:
		_keyDown
		_keyUp
 This function uses a non-reentrant model


 *************** function _myIsr *****************
 Defined at:
		line 69 in file "main.c"
 Parameters:    Size  Location     Type
		None
 Auto vars:     Size  Location     Type
		None
 Return value:  Size  Location     Type
                  1    wreg      void 
 Registers used:
		wreg, fsr0l, fsr0h, status,2, status,0
 Tracked objects:
		On entry : 
		On exit  : 
		Unchanged: 
 Data sizes:     COMMON   BANK0
      Params:         0       0
      Locals:         0       2
      Temps:          0       5
      Totals:         0       7
Total ram usage:        7 bytes
 Hardware stack levels used:    1
 This function calls:
		Nothing
 This function is called by:
		Interrupt level 1
 This function uses a non-reentrant model



MODULE INFORMATION

Module		Function		Class		Link	Load	Size
shared
		__stringtab    		STRING         	0200	0000	7
		_codeToMatrix  		STRING         	0206	0000	129
		__initialization		CODE           	000E	0000	6
		_replaceOnShiftKeyDown		STRING         	0286	0000	37

shared estimated size: 179

main.c
		_keyDown       		CODE           	02AA	0000	66
		_keyUp         		CODE           	035C	0000	27
		_main          		CODE           	0126	0000	173
		_setPort       		CODE           	033D	0000	32
		_myIsr         		CODE           	0015	0000	274
		_myDelay       		CODE           	037E	0000	2
		_sendDataToAltera		CODE           	02EB	0000	51
		_resetPort     		CODE           	031D	0000	33

main.c estimated size: 658

