Microchip MPLAB XC8 Compiler V2.00 ()

Linker command line:

-W-3 --edf=C:\Program Files (x86)\Microchip\xc8\v2.00\pic\dat\en_msgs.txt \
  -cs -h+dist/default/production\pic16F84.production.sym \
  --cmf=dist/default/production\pic16F84.production.cmf -z -Q16F84A \
  -oC:\Users\FOMONS~1\AppData\Local\Temp\sdis.2 \
  -Mdist/default/production/pic16F84.production.map -E1 -ver=XC8 \
  --acfsm=1493 -ASTACK=034h-04dh -pstack=STACK -ACODE=00h-03FFh \
  -ASTRCODE=00h-03FFh -ASTRING=00h-0FFhx4 -ACONST=00h-0FFhx4 \
  -AENTRY=00h-0FFhx4 -ABANK0=0Ch-04Dh -ARAM=0Ch-04Dh -AABS1=0Ch-04Fh \
  -ACOMMON=04Eh-04Fh -ASFR0=00h-0Bh -ASFR1=080h-0CDh \
  -preset_vec=00h,intentry=04h,init,end_init -ppowerup=CODE -pcinit=CODE \
  -pfunctab=ENTRY -ACONFIG=02007h-02007h -pconfig=CONFIG -DCONFIG=2 \
  -AIDLOC=02000h-02003h -pidloc=IDLOC -DIDLOC=2 -AEEDATA=00h-03Fh/02100h \
  -peeprom_data=EEDATA -DEEDATA=2 -DCODE=2 -DSTRCODE=2 -DSTRING=2 -DCONST=2 \
  -DENTRY=2 -k C:\Users\FOMONS~1\AppData\Local\Temp\sdis.o \
  dist/default/production\pic16F84.production.o 

Object code version is 3.11

Machine type is 16F84A



                Name                               Link     Load   Length Selector   Space Scale
C:\Users\FOMONS~1\AppData\Local\Temp\sdis.o
                end_init                              F        F        1        8       0
                reset_vec                             0        0        1        0       0
dist/default/production\pic16F84.production.o
                cinit                                10       10        7        8       0
                intentry                              4        4        B        8       0
                text7                                17       17       D8        8       0
                text6                               2E3      2E3       20      388       0
                text5                               303      303       1F      388       0
                text4                               270      270       41      388       0
                text3                               322      322       1A      388       0
                text2                               344      344        1      388       0
                text1                               2B1      2B1       32      388       0
                maintext                            1C4      1C4       AC      388       0
                cstackBANK0                          23       23       11        C       1
                clrtext                             33C      33C        8      388       0
                bssBANK0                              C        C       17        C       1
                strings                             100      100       C4      200       0

TOTAL           Name                               Link     Load   Length     Space
        CLASS   STACK          

        CLASS   CODE           
                end_init                              F        F        1         0
                cinit                                10       10        7         0
                intentry                              4        4        B         0
                reset_vec                             0        0        1         0
                text7                                17       17       D8         0
                text6                               2E3      2E3       20         0
                text5                               303      303       1F         0
                text4                               270      270       41         0
                text3                               322      322       1A         0
                text2                               344      344        1         0
                text1                               2B1      2B1       32         0
                maintext                            1C4      1C4       AC         0
                clrtext                             33C      33C        8         0

        CLASS   STRCODE        

        CLASS   STRING         
                strings                             100      100       C4         0

        CLASS   CONST          

        CLASS   ENTRY          

        CLASS   BANK0          
                cstackBANK0                          23       23       11         1
                bssBANK0                              C        C       17         1

        CLASS   RAM            

        CLASS   ABS1           
                abs_s1                               4E       4E        2         1

        CLASS   COMMON         

        CLASS   SFR0           

        CLASS   SFR1           

        CLASS   CONFIG         

        CLASS   IDLOC          

        CLASS   EEDATA         

        CLASS   BANK1          



SEGMENTS        Name                           Load    Length   Top    Selector   Space  Class     Delta

                reset_vec                      000000  000001  000001         0       0  CODE        2
                intentry                       000004  0000EB  0000EF         8       0  CODE        2
                bssBANK0                       00000C  000028  000034         C       1  BANK0       1
                strings                        000100  0000C4  0001C4       200       0  STRING      2
                maintext                       0001C4  000181  000345       388       0  CODE        2


UNUSED ADDRESS RANGES

        Name                Unused          Largest block    Delta
        BANK0            034-04D            1A           1
        CODE             001-003             3           2
                         0EF-0FF            11
                         345-3FF            BB
        CONFIG           2007-2007             1           2
        CONST            001-003             3           2
                         0EF-0FF            11
                         345-3FF            BB
        EEDATA           2100-213F            40           2
        ENTRY            001-003             3           2
                         0EF-0FF            11
                         345-3FF            BB
        IDLOC            2000-2003             4           2
        RAM              034-04D            1A           1
        SFR0             000-00B             C           1
        SFR1             080-0CD            4E           1
        STACK            034-04D            1A           1
        STRCODE          001-003             3           2
                         0EF-0FF            11
                         345-3FF            BB
        STRING           001-003             3           2
                         0EF-0FF            11
                         345-3FF            BB

                                  Symbol Table

_GIE                           (abs)        05F
_PORTA                         (abs)        005
_PORTAbits                     (abs)        005
_PORTB                         (abs)        006
_PSA                           (abs)        40B
_RA1                           (abs)        029
_RA2                           (abs)        02A
_T0CS                          (abs)        40D
_T0IE                          (abs)        05D
_T0IF                          (abs)        05A
_T0SE                          (abs)        40C
_TMR0                          (abs)        001
_TRISA0                        (abs)        428
_TRISA1                        (abs)        429
_TRISA2                        (abs)        42A
_TRISA3                        (abs)        42B
_TRISA4                        (abs)        42C
_TRISB                         (abs)        086
__Habs1                        abs1         000
__Hbank0                       bank0        000
__Hbank1                       bank1        000
__HbssBANK0                    bssBANK0     000
__Hcinit                       cinit        017
__Hclrtext                     clrtext      000
__Hcode                        code         000
__Hcommon                      common       000
__Hconfig                      config       000
__HcstackBANK0                 cstackBANK0  000
__HcstackCOMMON                cstackCOMMON 000
__Heeprom_data                 eeprom_data  000
__Hend_init                    end_init     010
__Hfunctab                     functab      000
__Hidloc                       idloc        000
__Hinit                        init         00F
__Hintentry                    intentry     00F
__Hmaintext                    maintext     000
__Hpowerup                     powerup      000
__Hram                         ram          000
__Hreset_vec                   reset_vec    001
__Hsfr0                        sfr0         000
__Hsfr1                        sfr1         000
__Hspace_0                     (abs)        345
__Hspace_1                     (abs)        034
__Hspace_2                     (abs)        000
__Hspace_3                     (abs)        000
__Hstack                       stack        000
__Hstrings                     strings      000
__Htext                        text         000
__Labs1                        abs1         000
__Lbank0                       bank0        000
__Lbank1                       bank1        000
__LbssBANK0                    bssBANK0     000
__Lcinit                       cinit        010
__Lclrtext                     clrtext      000
__Lcode                        code         000
__Lcommon                      common       000
__Lconfig                      config       000
__LcstackBANK0                 cstackBANK0  000
__LcstackCOMMON                cstackCOMMON 000
__Leeprom_data                 eeprom_data  000
__Lend_init                    end_init     00F
__Lfunctab                     functab      000
__Lidloc                       idloc        000
__Linit                        init         00F
__Lintentry                    intentry     004
__Lmaintext                    maintext     000
__Lpowerup                     powerup      000
__Lram                         ram          000
__Lreset_vec                   reset_vec    000
__Lsfr0                        sfr0         000
__Lsfr1                        sfr1         000
__Lspace_0                     (abs)        000
__Lspace_1                     (abs)        000
__Lspace_2                     (abs)        000
__Lspace_3                     (abs)        000
__Lstack                       stack        000
__Lstrings                     strings      000
__Ltext                        text         000
__S0                           (abs)        345
__S1                           (abs)        034
__S2                           (abs)        000
__S3                           (abs)        000
___int_sp                      stack        000
___latbits                     (abs)        000
___sp                          stack        000
__end_of__initialization       cinit        015
__end_of__stringtab            strings      106
__end_of_codeToMatrix          strings      186
__end_of_keyDown               text4        2B1
__end_of_keyUp                 text3        33C
__end_of_main                  maintext     270
__end_of_myDelay               text2        345
__end_of_myIsr                 text7        0EF
__end_of_replaceOnShiftKeyDown strings      1AA
__end_of_replaceTwoBytesCodes  strings      1C4
__end_of_resetPort             text6        303
__end_of_sendDataToAltera      text1        2E3
__end_of_setPort               text5        322
__initialization               cinit        010
__pbssBANK0                    bssBANK0     00C
__pcstackBANK0                 cstackBANK0  023
__pcstackCOMMON                cstackCOMMON 000
__pintentry                    intentry     004
__pmaintext                    maintext     1C4
__pstrings                     strings      100
__ptext1                       text1        2B1
__ptext2                       text2        344
__ptext3                       text3        322
__ptext4                       text4        270
__ptext5                       text5        303
__ptext6                       text6        2E3
__ptext7                       text7        017
__size_of_keyDown              (abs)        000
__size_of_keyUp                (abs)        000
__size_of_main                 (abs)        000
__size_of_myDelay              (abs)        000
__size_of_myIsr                (abs)        000
__size_of_resetPort            (abs)        000
__size_of_sendDataToAltera     (abs)        000
__size_of_setPort              (abs)        000
__stringbase                   strings      105
__stringtab                    strings      100
_codeToMatrix                  strings      106
_ctrl                          bssBANK0     018
_i                             bssBANK0     01A
_keyDown                       text4        270
_keyUp                         text3        322
_main                          maintext     1C4
_myDelay                       text2        344
_myIsr                         text7        017
_myIsr$81                      cstackBANK0  029
_outPorts                      bssBANK0     00C
_ps2Bits                       bssBANK0     021
_ps2BitsCount                  bssBANK0     020
_ps2Data                       bssBANK0     01F
_ps2DataCount                  bssBANK0     01E
_ps2DataState                  bssBANK0     022
_ps2NeedEncode                 bssBANK0     01B
_ps2Up                         bssBANK0     01C
_ps2WaitCode                   bssBANK0     01D
_replaceOnShiftKeyDown         strings      186
_replaceTwoBytesCodes          strings      1AA
_replaced                      bssBANK0     017
_resetPort                     text6        2E3
_sendDataToAltera              text1        2B1
_setPort                       text5        303
_shift                         bssBANK0     019
btemp                          (abs)        04E
clear_ram0                     clrtext      33C
end_of_initialization          cinit        015
interrupt_function             intentry     004
intlevel0                      functab      000
intlevel1                      functab      000
intlevel2                      functab      000
intlevel3                      functab      000
intlevel4                      functab      000
intlevel5                      functab      000
keyDown@key                    cstackBANK0  032
keyUp@key                      cstackBANK0  032
myIsr@ii                       cstackBANK0  02B
resetPort@bit_id               cstackBANK0  030
reset_vec                      reset_vec    000
saved_w                        (abs)        04E
setPort@bit_id                 cstackBANK0  030
stackhi                        (abs)        000
stacklo                        (abs)        000
start                          init         00F
start_initialization           cinit        010
wtemp0                         (abs)        04E


FUNCTION INFORMATION:

 *************** function _main *****************
 Defined at:
		line 257 in file "main.c"
 Parameters:    Size  Location     Type
		None
 Auto vars:     Size  Location     Type
		None
 Return value:  Size  Location     Type
                  1    wreg      void 
 Registers used:
		wreg, fsr0l, fsr0h, status,2, status,0, pclath, cstack
 Tracked objects:
		On entry : 
		On exit  : 
		Unchanged: 
 Data sizes:     COMMON   BANK0
      Params:         0       0
      Locals:         0       0
      Temps:          0       1
      Totals:         0       1
Total ram usage:        1 bytes
 Hardware stack levels required when called:    4
 This function calls:
		_keyDown
		_keyUp
		_sendDataToAltera
 This function is called by:
		Startup code after reset
 This function uses a non-reentrant model


 *************** function _sendDataToAltera *****************
 Defined at:
		line 197 in file "main.c"
 Parameters:    Size  Location     Type
		None
 Auto vars:     Size  Location     Type
		None
 Return value:  Size  Location     Type
                  1    wreg      void 
 Registers used:
		wreg, fsr0l, fsr0h, status,2, status,0, pclath, cstack
 Tracked objects:
		On entry : 
		On exit  : 
		Unchanged: 
 Data sizes:     COMMON   BANK0
      Params:         0       0
      Locals:         0       0
      Temps:          0       1
      Totals:         0       1
Total ram usage:        1 bytes
 Hardware stack levels used:    1
 Hardware stack levels required when called:    3
 This function calls:
		_myDelay
 This function is called by:
		_main
 This function uses a non-reentrant model


 *************** function _myDelay *****************
 Defined at:
		line 189 in file "main.c"
 Parameters:    Size  Location     Type
		None
 Auto vars:     Size  Location     Type
		None
 Return value:  Size  Location     Type
                  1    wreg      void 
 Registers used:
		None
 Tracked objects:
		On entry : 
		On exit  : 
		Unchanged: 
 Data sizes:     COMMON   BANK0
      Params:         0       0
      Locals:         0       0
      Temps:          0       0
      Totals:         0       0
Total ram usage:        0 bytes
 Hardware stack levels used:    1
 Hardware stack levels required when called:    2
 This function calls:
		Nothing
 This function is called by:
		_sendDataToAltera
 This function uses a non-reentrant model


 *************** function _keyUp *****************
 Defined at:
		line 182 in file "main.c"
 Parameters:    Size  Location     Type
  key             1    wreg     unsigned char 
 Auto vars:     Size  Location     Type
  key             1   15[BANK0 ] unsigned char 
 Return value:  Size  Location     Type
                  1    wreg      void 
 Registers used:
		wreg, fsr0l, fsr0h, status,2, status,0, pclath, cstack
 Tracked objects:
		On entry : 
		On exit  : 
		Unchanged: 
 Data sizes:     COMMON   BANK0
      Params:         0       0
      Locals:         0       1
      Temps:          0       1
      Totals:         0       2
Total ram usage:        2 bytes
 Hardware stack levels used:    1
 Hardware stack levels required when called:    3
 This function calls:
		_resetPort
 This function is called by:
		_main
 This function uses a non-reentrant model


 *************** function _keyDown *****************
 Defined at:
		line 161 in file "main.c"
 Parameters:    Size  Location     Type
  key             1    wreg     unsigned char 
 Auto vars:     Size  Location     Type
  key             1   15[BANK0 ] unsigned char 
 Return value:  Size  Location     Type
                  1    wreg      void 
 Registers used:
		wreg, fsr0l, fsr0h, status,2, status,0, pclath, cstack
 Tracked objects:
		On entry : 
		On exit  : 
		Unchanged: 
 Data sizes:     COMMON   BANK0
      Params:         0       0
      Locals:         0       1
      Temps:          0       1
      Totals:         0       2
Total ram usage:        2 bytes
 Hardware stack levels used:    1
 Hardware stack levels required when called:    3
 This function calls:
		_resetPort
		_setPort
 This function is called by:
		_main
 This function uses a non-reentrant model


 *************** function _setPort *****************
 Defined at:
		line 149 in file "main.c"
 Parameters:    Size  Location     Type
  bit_id          1    wreg     unsigned char 
 Auto vars:     Size  Location     Type
  bit_id          1   13[BANK0 ] unsigned char 
 Return value:  Size  Location     Type
                  1    wreg      void 
 Registers used:
		wreg, fsr0l, fsr0h, status,2, status,0
 Tracked objects:
		On entry : 
		On exit  : 
		Unchanged: 
 Data sizes:     COMMON   BANK0
      Params:         0       0
      Locals:         0       1
      Temps:          0       3
      Totals:         0       4
Total ram usage:        4 bytes
 Hardware stack levels used:    1
 Hardware stack levels required when called:    2
 This function calls:
		Nothing
 This function is called by:
		_keyDown
 This function uses a non-reentrant model


 *************** function _resetPort *****************
 Defined at:
		line 154 in file "main.c"
 Parameters:    Size  Location     Type
  bit_id          1    wreg     unsigned char 
 Auto vars:     Size  Location     Type
  bit_id          1   13[BANK0 ] unsigned char 
 Return value:  Size  Location     Type
                  1    wreg      void 
 Registers used:
		wreg, fsr0l, fsr0h, status,2, status,0
 Tracked objects:
		On entry : 
		On exit  : 
		Unchanged: 
 Data sizes:     COMMON   BANK0
      Params:         0       0
      Locals:         0       1
      Temps:          0       3
      Totals:         0       4
Total ram usage:        4 bytes
 Hardware stack levels used:    1
 Hardware stack levels required when called:    2
 This function calls:
		Nothing
 This function is called by:
		_keyDown
		_keyUp
 This function uses a non-reentrant model


 *************** function _myIsr *****************
 Defined at:
		line 69 in file "main.c"
 Parameters:    Size  Location     Type
		None
 Auto vars:     Size  Location     Type
  ii              2    8[BANK0 ] int 
 Return value:  Size  Location     Type
                  1    wreg      void 
 Registers used:
		wreg, fsr0l, fsr0h, status,2, status,0, btemp+1, pclath
 Tracked objects:
		On entry : 
		On exit  : 
		Unchanged: 
 Data sizes:     COMMON   BANK0
      Params:         0       0
      Locals:         0       4
      Temps:          0       6
      Totals:         0      10
Total ram usage:       10 bytes
 Hardware stack levels used:    2
 This function calls:
		Nothing
 This function is called by:
		Interrupt level 1
 This function uses a non-reentrant model



MODULE INFORMATION

Module		Function		Class		Link	Load	Size
shared
		__stringtab    		STRING         	0100	0000	7
		_codeToMatrix  		STRING         	0106	0000	129
		_replaceTwoBytesCodes		STRING         	01AA	0000	27
		__initialization		CODE           	0010	0000	6
		_replaceOnShiftKeyDown		STRING         	0186	0000	37

shared estimated size: 206

main.c
		_keyDown       		CODE           	0270	0000	66
		_keyUp         		CODE           	0322	0000	27
		_main          		CODE           	01C4	0000	173
		_setPort       		CODE           	0303	0000	32
		_myIsr         		CODE           	0017	0000	217
		_myDelay       		CODE           	0344	0000	2
		_sendDataToAltera		CODE           	02B1	0000	51
		_resetPort     		CODE           	02E3	0000	33

main.c estimated size: 601

