Microchip MPLAB XC8 Compiler V2.00 ()

Linker command line:

-W-3 --edf=C:\Program Files (x86)\Microchip\xc8\v2.00\pic\dat\en_msgs.txt \
  -cs -h+dist/default/production\pic16F84.production.sym \
  --cmf=dist/default/production\pic16F84.production.cmf -z -Q16F84A \
  -oC:\Users\FOMONS~1\AppData\Local\Temp\s6qs.2 \
  -Mdist/default/production/pic16F84.production.map -E1 -ver=XC8 \
  --acfsm=1493 -ASTACK=03Ch-04dh -pstack=STACK -ACODE=00h-03FFh \
  -ASTRCODE=00h-03FFh -ASTRING=00h-0FFhx4 -ACONST=00h-0FFhx4 \
  -AENTRY=00h-0FFhx4 -ABANK0=0Ch-04Dh -ARAM=0Ch-04Dh -AABS1=0Ch-04Fh \
  -ACOMMON=04Eh-04Fh -ASFR0=00h-0Bh -ASFR1=080h-0CDh \
  -preset_vec=00h,intentry=04h,init,end_init -ppowerup=CODE -pcinit=CODE \
  -pfunctab=ENTRY -ACONFIG=02007h-02007h -pconfig=CONFIG -DCONFIG=2 \
  -AIDLOC=02000h-02003h -pidloc=IDLOC -DIDLOC=2 -AEEDATA=00h-03Fh/02100h \
  -peeprom_data=EEDATA -DEEDATA=2 -DCODE=2 -DSTRCODE=2 -DSTRING=2 -DCONST=2 \
  -DENTRY=2 -k C:\Users\FOMONS~1\AppData\Local\Temp\s6qs.o \
  dist/default/production\pic16F84.production.o 

Object code version is 3.11

Machine type is 16F84A



                Name                               Link     Load   Length Selector   Space Scale
C:\Users\FOMONS~1\AppData\Local\Temp\s6qs.o
                end_init                              D        D        1        8       0
                reset_vec                             0        0        1        0       0
dist/default/production\pic16F84.production.o
                cinit                                 E        E       1D        8       0
                intentry                              4        4        9        8       0
                text8                               1E6      1E6       B2        8       0
                text7                                2B       2B       FD        8       0
                text6                               398      398       1E        8       0
                text5                               33D      33D       3C        8       0
                text4                               379      379       1F        8       0
                text3                               301      301       3C        8       0
                text2                               298      298       69        8       0
                text1                               3C9      3C9        1        8       0
                maintext                            128      128       BE        8       0
                cstackBANK0                           C        C       13        C       1
                clrtext                             3C1      3C1        8        8       0
                dataBANK0                            31       31        B        C       1
                bssBANK0                             1F       1F       12        C       1
                idataBANK0                          3B6      3B6        B        8       0

TOTAL           Name                               Link     Load   Length     Space
        CLASS   STACK          

        CLASS   CODE           
                end_init                              D        D        1         0
                cinit                                 E        E       1D         0
                intentry                              4        4        9         0
                reset_vec                             0        0        1         0
                text8                               1E6      1E6       B2         0
                text7                                2B       2B       FD         0
                text6                               398      398       1E         0
                text5                               33D      33D       3C         0
                text4                               379      379       1F         0
                text3                               301      301       3C         0
                text2                               298      298       69         0
                text1                               3C9      3C9        1         0
                maintext                            128      128       BE         0
                clrtext                             3C1      3C1        8         0
                idataBANK0                          3B6      3B6        B         0

        CLASS   STRCODE        

        CLASS   STRING         

        CLASS   CONST          

        CLASS   ENTRY          

        CLASS   BANK0          
                cstackBANK0                           C        C       13         1
                dataBANK0                            31       31        B         1
                bssBANK0                             1F       1F       12         1

        CLASS   RAM            

        CLASS   ABS1           
                abs_s1                               4E       4E        2         1

        CLASS   COMMON         

        CLASS   SFR0           

        CLASS   SFR1           

        CLASS   CONFIG         

        CLASS   IDLOC          

        CLASS   EEDATA         

        CLASS   BANK1          



SEGMENTS        Name                           Load    Length   Top    Selector   Space  Class     Delta

                reset_vec                      000000  000001  000001         0       0  CODE        2
                intentry                       000004  0003C6  0003CA         8       0  CODE        2
                cstackBANK0                    00000C  000030  00003C         C       1  BANK0       1


UNUSED ADDRESS RANGES

        Name                Unused          Largest block    Delta
        BANK0            03C-04D            12           1
        CODE             001-003             3           2
                         3CA-3FF            36
        CONFIG           2007-2007             1           2
        CONST            001-003             3           2
                         3CA-3FF            36
        EEDATA           2100-213F            40           2
        ENTRY            001-003             3           2
                         3CA-3FF            36
        IDLOC            2000-2003             4           2
        RAM              03C-04D            12           1
        SFR0             000-00B             C           1
        SFR1             080-0CD            4E           1
        STACK            03C-04D            12           1
        STRCODE          001-003             3           2
                         3CA-3FF            36
        STRING           001-003             3           2
                         3CA-3FF            36

                                  Symbol Table

?_codeToMatrix             cstackBANK0  011
_GIE                       (abs)        05F
_PORTA                     (abs)        005
_PORTAbits                 (abs)        005
_PORTB                     (abs)        006
_PSA                       (abs)        40B
_T0CS                      (abs)        40D
_T0IE                      (abs)        05D
_T0IF                      (abs)        05A
_T0SE                      (abs)        40C
_TMR0                      (abs)        001
_TRISA0                    (abs)        428
_TRISA1                    (abs)        429
_TRISA2                    (abs)        42A
_TRISA3                    (abs)        42B
_TRISA4                    (abs)        42C
_TRISB                     (abs)        086
__Habs1                    abs1         000
__Hbank0                   bank0        000
__Hbank1                   bank1        000
__HbssBANK0                bssBANK0     000
__Hcinit                   cinit        02B
__Hclrtext                 clrtext      000
__Hcode                    code         000
__Hcommon                  common       000
__Hconfig                  config       000
__HcstackBANK0             cstackBANK0  000
__HcstackCOMMON            cstackCOMMON 000
__HdataBANK0               dataBANK0    000
__Heeprom_data             eeprom_data  000
__Hend_init                end_init     00E
__Hfunctab                 functab      000
__HidataBANK0              idataBANK0   000
__Hidloc                   idloc        000
__Hinit                    init         00D
__Hintentry                intentry     00D
__Hmaintext                maintext     000
__Hpowerup                 powerup      000
__Hram                     ram          000
__Hreset_vec               reset_vec    001
__Hsfr0                    sfr0         000
__Hsfr1                    sfr1         000
__Hspace_0                 (abs)        3CA
__Hspace_1                 (abs)        03C
__Hspace_2                 (abs)        000
__Hspace_3                 (abs)        000
__Hstack                   stack        000
__Hstrings                 strings      000
__Htext                    text         000
__Labs1                    abs1         000
__Lbank0                   bank0        000
__Lbank1                   bank1        000
__LbssBANK0                bssBANK0     000
__Lcinit                   cinit        00E
__Lclrtext                 clrtext      000
__Lcode                    code         000
__Lcommon                  common       000
__Lconfig                  config       000
__LcstackBANK0             cstackBANK0  000
__LcstackCOMMON            cstackCOMMON 000
__LdataBANK0               dataBANK0    000
__Leeprom_data             eeprom_data  000
__Lend_init                end_init     00D
__Lfunctab                 functab      000
__LidataBANK0              idataBANK0   000
__Lidloc                   idloc        000
__Linit                    init         00D
__Lintentry                intentry     004
__Lmaintext                maintext     000
__Lpowerup                 powerup      000
__Lram                     ram          000
__Lreset_vec               reset_vec    000
__Lsfr0                    sfr0         000
__Lsfr1                    sfr1         000
__Lspace_0                 (abs)        000
__Lspace_1                 (abs)        000
__Lspace_2                 (abs)        000
__Lspace_3                 (abs)        000
__Lstack                   stack        000
__Lstrings                 strings      000
__Ltext                    text         000
__S0                       (abs)        3CA
__S1                       (abs)        03C
__S2                       (abs)        000
__S3                       (abs)        000
___int_sp                  stack        000
___latbits                 (abs)        000
___sp                      stack        000
__end_of__initialization   cinit        029
__end_of_codeToMatrix      text7        128
__end_of_keyDown           text5        379
__end_of_keyUp             text3        33D
__end_of_main              maintext     1E6
__end_of_myIsr             text8        298
__end_of_replaceCode       text2        301
__end_of_resetPort         text4        398
__end_of_sendDataToAltera  text1        3CA
__end_of_setPort           text6        3B6
__initialization           cinit        00E
__pbssBANK0                bssBANK0     01F
__pcstackBANK0             cstackBANK0  00C
__pcstackCOMMON            cstackCOMMON 000
__pdataBANK0               dataBANK0    031
__pidataBANK0              idataBANK0   3B6
__pintentry                intentry     004
__pmaintext                maintext     128
__ptext1                   text1        3C9
__ptext2                   text2        298
__ptext3                   text3        301
__ptext4                   text4        379
__ptext5                   text5        33D
__ptext6                   text6        398
__ptext7                   text7        02B
__ptext8                   text8        1E6
__size_of_codeToMatrix     (abs)        000
__size_of_keyDown          (abs)        000
__size_of_keyUp            (abs)        000
__size_of_main             (abs)        000
__size_of_myIsr            (abs)        000
__size_of_replaceCode      (abs)        000
__size_of_resetPort        (abs)        000
__size_of_sendDataToAltera (abs)        000
__size_of_setPort          (abs)        000
_capsLock                  bssBANK0     02A
_codeToMatrix              text7        02B
_keyDown                   text5        33D
_keyUp                     text3        301
_main                      maintext     128
_myIsr                     text8        1E6
_numLock                   bssBANK0     029
_outPorts                  dataBANK0    031
_ps2Bits                   bssBANK0     02F
_ps2BitsCount              bssBANK0     02E
_ps2Data                   bssBANK0     01F
_ps2DataCount              bssBANK0     02D
_ps2DataState              bssBANK0     030
_replaceCode               text2        298
_resetPort                 text4        379
_sendDataToAltera          text1        3C9
_setPort                   text6        398
_shift                     bssBANK0     02B
btemp                      (abs)        04E
clear_ram0                 clrtext      3C1
codeToMatrix@c             cstackBANK0  012
codeToMatrix@n             cstackBANK0  013
codeToMatrix@r             cstackBANK0  016
codeToMatrix@s             cstackBANK0  011
end_of_initialization      cinit        029
interrupt_function         intentry     004
intlevel0                  functab      000
intlevel1                  functab      000
intlevel2                  functab      000
intlevel3                  functab      000
intlevel4                  functab      000
intlevel5                  functab      000
keyDown@c                  cstackBANK0  01D
keyDown@key                cstackBANK0  01C
keyUp@c                    cstackBANK0  01D
keyUp@key                  cstackBANK0  01C
replaceCode@code           cstackBANK0  013
replaceCode@r              cstackBANK0  014
resetPort@bit_id           cstackBANK0  014
reset_vec                  reset_vec    000
saved_w                    (abs)        04E
setPort@bit_id             cstackBANK0  014
stackhi                    (abs)        000
stacklo                    (abs)        000
start                      init         00D
start_initialization       cinit        00E
wtemp0                     (abs)        04E


FUNCTION INFORMATION:

 *************** function _main *****************
 Defined at:
		line 235 in file "main.c"
 Parameters:    Size  Location     Type
		None
 Auto vars:     Size  Location     Type
		None
 Return value:  Size  Location     Type
                  1    wreg      void 
 Registers used:
		wreg, fsr0l, fsr0h, status,2, status,0, pclath, cstack
 Tracked objects:
		On entry : 
		On exit  : 
		Unchanged: 
 Data sizes:     COMMON   BANK0
      Params:         0       0
      Locals:         0       0
      Temps:          0       0
      Totals:         0       0
Total ram usage:        0 bytes
 Hardware stack levels required when called:    3
 This function calls:
		_keyDown
		_keyUp
		_replaceCode
		_sendDataToAltera
 This function is called by:
		Startup code after reset
 This function uses a non-reentrant model


 *************** function _sendDataToAltera *****************
 Defined at:
		line 216 in file "main.c"
 Parameters:    Size  Location     Type
		None
 Auto vars:     Size  Location     Type
		None
 Return value:  Size  Location     Type
                  1    wreg      void 
 Registers used:
		None
 Tracked objects:
		On entry : 
		On exit  : 
		Unchanged: 
 Data sizes:     COMMON   BANK0
      Params:         0       0
      Locals:         0       0
      Temps:          0       0
      Totals:         0       0
Total ram usage:        0 bytes
 Hardware stack levels used:    1
 Hardware stack levels required when called:    1
 This function calls:
		Nothing
 This function is called by:
		_main
 This function uses a non-reentrant model


 *************** function _replaceCode *****************
 Defined at:
		line 85 in file "main.c"
 Parameters:    Size  Location     Type
  code            1    wreg     unsigned char 
 Auto vars:     Size  Location     Type
  code            1    7[BANK0 ] unsigned char 
  r               1    8[BANK0 ] unsigned char 
 Return value:  Size  Location     Type
                  1    wreg      unsigned char 
 Registers used:
		wreg, fsr0l, fsr0h, status,2, status,0
 Tracked objects:
		On entry : 
		On exit  : 
		Unchanged: 
 Data sizes:     COMMON   BANK0
      Params:         0       0
      Locals:         0       2
      Temps:          0       2
      Totals:         0       4
Total ram usage:        4 bytes
 Hardware stack levels used:    1
 Hardware stack levels required when called:    1
 This function calls:
		Nothing
 This function is called by:
		_main
 This function uses a non-reentrant model


 *************** function _keyUp *****************
 Defined at:
		line 207 in file "main.c"
 Parameters:    Size  Location     Type
  key             1    wreg     unsigned char 
 Auto vars:     Size  Location     Type
  key             1   16[BANK0 ] unsigned char 
  c               2   17[BANK0 ] unsigned int 
 Return value:  Size  Location     Type
                  1    wreg      void 
 Registers used:
		wreg, fsr0l, fsr0h, status,2, status,0, pclath, cstack
 Tracked objects:
		On entry : 
		On exit  : 
		Unchanged: 
 Data sizes:     COMMON   BANK0
      Params:         0       0
      Locals:         0       3
      Temps:          0       4
      Totals:         0       7
Total ram usage:        7 bytes
 Hardware stack levels used:    1
 Hardware stack levels required when called:    2
 This function calls:
		_codeToMatrix
		_resetPort
		_setPort
 This function is called by:
		_main
 This function uses a non-reentrant model


 *************** function _resetPort *****************
 Defined at:
		line 193 in file "main.c"
 Parameters:    Size  Location     Type
  bit_id          1    wreg     unsigned char 
 Auto vars:     Size  Location     Type
  bit_id          1    8[BANK0 ] unsigned char 
 Return value:  Size  Location     Type
                  1    wreg      void 
 Registers used:
		wreg, fsr0l, fsr0h, status,2, status,0
 Tracked objects:
		On entry : 
		On exit  : 
		Unchanged: 
 Data sizes:     COMMON   BANK0
      Params:         0       0
      Locals:         0       1
      Temps:          0       3
      Totals:         0       4
Total ram usage:        4 bytes
 Hardware stack levels used:    1
 Hardware stack levels required when called:    1
 This function calls:
		Nothing
 This function is called by:
		_keyUp
 This function uses a non-reentrant model


 *************** function _keyDown *****************
 Defined at:
		line 200 in file "main.c"
 Parameters:    Size  Location     Type
  key             1    wreg     unsigned char 
 Auto vars:     Size  Location     Type
  key             1   16[BANK0 ] unsigned char 
  c               2   17[BANK0 ] unsigned int 
 Return value:  Size  Location     Type
                  1    wreg      void 
 Registers used:
		wreg, fsr0l, fsr0h, status,2, status,0, pclath, cstack
 Tracked objects:
		On entry : 
		On exit  : 
		Unchanged: 
 Data sizes:     COMMON   BANK0
      Params:         0       0
      Locals:         0       3
      Temps:          0       4
      Totals:         0       7
Total ram usage:        7 bytes
 Hardware stack levels used:    1
 Hardware stack levels required when called:    2
 This function calls:
		_codeToMatrix
		_setPort
 This function is called by:
		_main
 This function uses a non-reentrant model


 *************** function _setPort *****************
 Defined at:
		line 188 in file "main.c"
 Parameters:    Size  Location     Type
  bit_id          1    wreg     unsigned char 
 Auto vars:     Size  Location     Type
  bit_id          1    8[BANK0 ] unsigned char 
 Return value:  Size  Location     Type
                  1    wreg      void 
 Registers used:
		wreg, fsr0l, fsr0h, status,2, status,0
 Tracked objects:
		On entry : 
		On exit  : 
		Unchanged: 
 Data sizes:     COMMON   BANK0
      Params:         0       0
      Locals:         0       1
      Temps:          0       3
      Totals:         0       4
Total ram usage:        4 bytes
 Hardware stack levels used:    1
 Hardware stack levels required when called:    1
 This function calls:
		Nothing
 This function is called by:
		_keyDown
		_keyUp
 This function uses a non-reentrant model


 *************** function _codeToMatrix *****************
 Defined at:
		line 27 in file "./ps2tozxtable.h"
 Parameters:    Size  Location     Type
  k               1    wreg     unsigned char 
  s               1    5[BANK0 ] unsigned char 
  c               1    6[BANK0 ] unsigned char 
  n               1    7[BANK0 ] unsigned char 
 Auto vars:     Size  Location     Type
  k               1    0[BANK0 ] unsigned char 
  r               2   10[BANK0 ] unsigned int 
 Return value:  Size  Location     Type
                  2    5[BANK0 ] unsigned int 
 Registers used:
		wreg, fsr0l, fsr0h, status,2, status,0
 Tracked objects:
		On entry : 
		On exit  : 
		Unchanged: 
 Data sizes:     COMMON   BANK0
      Params:         0       3
      Locals:         0       2
      Temps:          0       2
      Totals:         0       7
Total ram usage:        7 bytes
 Hardware stack levels used:    1
 Hardware stack levels required when called:    1
 This function calls:
		Nothing
 This function is called by:
		_keyDown
		_keyUp
 This function uses a non-reentrant model


 *************** function _myIsr *****************
 Defined at:
		line 142 in file "main.c"
 Parameters:    Size  Location     Type
		None
 Auto vars:     Size  Location     Type
		None
 Return value:  Size  Location     Type
                  1    wreg      void 
 Registers used:
		wreg, fsr0l, fsr0h, status,2, status,0
 Tracked objects:
		On entry : 
		On exit  : 
		Unchanged: 
 Data sizes:     COMMON   BANK0
      Params:         0       0
      Locals:         0       0
      Temps:          0       5
      Totals:         0       5
Total ram usage:        5 bytes
 Hardware stack levels used:    1
 This function calls:
		Nothing
 This function is called by:
		Interrupt level 1
 This function uses a non-reentrant model



MODULE INFORMATION

Module		Function		Class		Link	Load	Size
./ps2tozxtable.h
		_codeToMatrix  		CODE           	002B	0000	254

./ps2tozxtable.h estimated size: 254

shared
		__initialization		CODE           	000E	0000	28

shared estimated size: 28

main.c
		_keyDown       		CODE           	033D	0000	61
		_keyUp         		CODE           	0301	0000	61
		_main          		CODE           	0128	0000	191
		_setPort       		CODE           	0398	0000	31
		_myIsr         		CODE           	01E6	0000	179
		_sendDataToAltera		CODE           	03C9	0000	2
		_replaceCode   		CODE           	0298	0000	106
		_resetPort     		CODE           	0379	0000	32

main.c estimated size: 663

