Microchip MPLAB XC8 Compiler V2.00 ()

Linker command line:

-W-3 --edf=C:\Program Files (x86)\Microchip\xc8\v2.00\pic\dat\en_msgs.txt \
  -cs -h+dist/default/production\pic16F84.production.sym \
  --cmf=dist/default/production\pic16F84.production.cmf -z -Q16F84A \
  -oC:\Users\FOMONS~1\AppData\Local\Temp\sb4c.2 \
  -Mdist/default/production/pic16F84.production.map -E1 -ver=XC8 \
  --acfsm=1493 -ASTACK=038h-04dh -pstack=STACK -ACODE=00h-03FFh \
  -ASTRCODE=00h-03FFh -ASTRING=00h-0FFhx4 -ACONST=00h-0FFhx4 \
  -AENTRY=00h-0FFhx4 -ABANK0=0Ch-04Dh -ARAM=0Ch-04Dh -AABS1=0Ch-04Fh \
  -ACOMMON=04Eh-04Fh -ASFR0=00h-0Bh -ASFR1=080h-0CDh \
  -preset_vec=00h,intentry=04h,init,end_init -ppowerup=CODE -pcinit=CODE \
  -pfunctab=ENTRY -ACONFIG=02007h-02007h -pconfig=CONFIG -DCONFIG=2 \
  -AIDLOC=02000h-02003h -pidloc=IDLOC -DIDLOC=2 -AEEDATA=00h-03Fh/02100h \
  -peeprom_data=EEDATA -DEEDATA=2 -DCODE=2 -DSTRCODE=2 -DSTRING=2 -DCONST=2 \
  -DENTRY=2 -k C:\Users\FOMONS~1\AppData\Local\Temp\sb4c.o \
  dist/default/production\pic16F84.production.o 

Object code version is 3.11

Machine type is 16F84A



                Name                               Link     Load   Length Selector   Space Scale
C:\Users\FOMONS~1\AppData\Local\Temp\sb4c.o
                end_init                              F        F        1        8       0
                reset_vec                             0        0        1        0       0
dist/default/production\pic16F84.production.o
                cinit                                10       10       21        8       0
                intentry                              4        4        B        8       0
                text7                                31       31       D8        8       0
                text6                               2EE      2EE       20      39A       0
                text5                               30E      30E       1F      39A       0
                text4                               279      279       41      39A       0
                text3                               32D      32D       1A      39A       0
                text2                               347      347       14      39A       0
                text1                               2BA      2BA       34      39A       0
                maintext                            1CD      1CD       AC      39A       0
                cstackBANK0                           C        C       11        C       1
                clrtext                             368      368        8      39A       0
                dataBANK0                            2B       2B        D        C       1
                bssBANK0                             1D       1D        E        C       1
                strings                             109      109       C4      212       0
                idataBANK0                          35B      35B        D      39A       0

TOTAL           Name                               Link     Load   Length     Space
        CLASS   STACK          

        CLASS   CODE           
                end_init                              F        F        1         0
                cinit                                10       10       21         0
                intentry                              4        4        B         0
                reset_vec                             0        0        1         0
                text7                                31       31       D8         0
                text6                               2EE      2EE       20         0
                text5                               30E      30E       1F         0
                text4                               279      279       41         0
                text3                               32D      32D       1A         0
                text2                               347      347       14         0
                text1                               2BA      2BA       34         0
                maintext                            1CD      1CD       AC         0
                clrtext                             368      368        8         0
                idataBANK0                          35B      35B        D         0

        CLASS   STRCODE        

        CLASS   STRING         
                strings                             109      109       C4         0

        CLASS   CONST          

        CLASS   ENTRY          

        CLASS   BANK0          
                cstackBANK0                           C        C       11         1
                dataBANK0                            2B       2B        D         1
                bssBANK0                             1D       1D        E         1

        CLASS   RAM            

        CLASS   ABS1           
                abs_s1                               4E       4E        2         1

        CLASS   COMMON         

        CLASS   SFR0           

        CLASS   SFR1           

        CLASS   CONFIG         

        CLASS   IDLOC          

        CLASS   EEDATA         

        CLASS   BANK1          



SEGMENTS        Name                           Load    Length   Top    Selector   Space  Class     Delta

                reset_vec                      000000  000001  000001         0       0  CODE        2
                intentry                       000004  000105  000109         8       0  CODE        2
                cstackBANK0                    00000C  00002C  000038         C       1  BANK0       1
                strings                        000109  0000C4  0001CD       212       0  STRING      2
                maintext                       0001CD  0001A3  000370       39A       0  CODE        2


UNUSED ADDRESS RANGES

        Name                Unused          Largest block    Delta
        BANK0            038-04D            16           1
        CODE             001-003             3           2
                         370-3FF            90
        CONFIG           2007-2007             1           2
        CONST            001-003             3           2
                         370-3FF            90
        EEDATA           2100-213F            40           2
        ENTRY            001-003             3           2
                         370-3FF            90
        IDLOC            2000-2003             4           2
        RAM              038-04D            16           1
        SFR0             000-00B             C           1
        SFR1             080-0CD            4E           1
        STACK            038-04D            16           1
        STRCODE          001-003             3           2
                         370-3FF            90
        STRING           001-003             3           2
                         370-3FF            90

                                  Symbol Table

_GIE                           (abs)       05F
_PORTA                         (abs)       005
_PORTAbits                     (abs)       005
_PORTB                         (abs)       006
_PSA                           (abs)       40B
_RA1                           (abs)       029
_RA2                           (abs)       02A
_T0CS                          (abs)       40D
_T0IE                          (abs)       05D
_T0IF                          (abs)       05A
_T0SE                          (abs)       40C
_TMR0                          (abs)       001
_TRISA0                        (abs)       428
_TRISA1                        (abs)       429
_TRISA2                        (abs)       42A
_TRISA3                        (abs)       42B
_TRISA4                        (abs)       42C
_TRISB                         (abs)       086
__Habs1                        abs1        000
__Hbank0                       bank0       000
__Hbank1                       bank1       000
__HbssBANK0                    bssBANK0    000
__Hcinit                       cinit       031
__Hclrtext                     clrtext     000
__Hcode                        code        000
__Hcommon                      common      000
__Hconfig                      config      000
__HcstackBANK0                 cstackBANK0 000
__HdataBANK0                   dataBANK0   000
__Heeprom_data                 eeprom_data 000
__Hend_init                    end_init    010
__Hfunctab                     functab     000
__HidataBANK0                  idataBANK0  000
__Hidloc                       idloc       000
__Hinit                        init        00F
__Hintentry                    intentry    00F
__Hmaintext                    maintext    000
__Hpowerup                     powerup     000
__Hram                         ram         000
__Hreset_vec                   reset_vec   001
__Hsfr0                        sfr0        000
__Hsfr1                        sfr1        000
__Hspace_0                     (abs)       370
__Hspace_1                     (abs)       038
__Hspace_2                     (abs)       000
__Hspace_3                     (abs)       000
__Hstack                       stack       000
__Hstrings                     strings     000
__Htext                        text        000
__Labs1                        abs1        000
__Lbank0                       bank0       000
__Lbank1                       bank1       000
__LbssBANK0                    bssBANK0    000
__Lcinit                       cinit       010
__Lclrtext                     clrtext     000
__Lcode                        code        000
__Lcommon                      common      000
__Lconfig                      config      000
__LcstackBANK0                 cstackBANK0 000
__LdataBANK0                   dataBANK0   000
__Leeprom_data                 eeprom_data 000
__Lend_init                    end_init    00F
__Lfunctab                     functab     000
__LidataBANK0                  idataBANK0  000
__Lidloc                       idloc       000
__Linit                        init        00F
__Lintentry                    intentry    004
__Lmaintext                    maintext    000
__Lpowerup                     powerup     000
__Lram                         ram         000
__Lreset_vec                   reset_vec   000
__Lsfr0                        sfr0        000
__Lsfr1                        sfr1        000
__Lspace_0                     (abs)       000
__Lspace_1                     (abs)       000
__Lspace_2                     (abs)       000
__Lspace_3                     (abs)       000
__Lstack                       stack       000
__Lstrings                     strings     000
__Ltext                        text        000
__S0                           (abs)       370
__S1                           (abs)       038
__S2                           (abs)       000
__S3                           (abs)       000
___int_sp                      stack       000
___latbits                     (abs)       000
___sp                          stack       000
__end_of__initialization       cinit       02F
__end_of__stringtab            strings     10F
__end_of_codeToMatrix          strings     18F
__end_of_keyDown               text4       2BA
__end_of_keyUp                 text3       347
__end_of_main                  maintext    279
__end_of_myDelay               text2       35B
__end_of_myIsr                 text7       109
__end_of_replaceOnShiftKeyDown strings     1B3
__end_of_replaceTwoBytesCodes  strings     1CD
__end_of_resetPort             text6       30E
__end_of_sendDataToAltera      text1       2EE
__end_of_setPort               text5       32D
__initialization               cinit       010
__pbssBANK0                    bssBANK0    01D
__pcstackBANK0                 cstackBANK0 00C
__pdataBANK0                   dataBANK0   02B
__pidataBANK0                  idataBANK0  35B
__pintentry                    intentry    004
__pmaintext                    maintext    1CD
__pstrings                     strings     109
__ptext1                       text1       2BA
__ptext2                       text2       347
__ptext3                       text3       32D
__ptext4                       text4       279
__ptext5                       text5       30E
__ptext6                       text6       2EE
__ptext7                       text7       031
__size_of_keyDown              (abs)       000
__size_of_keyUp                (abs)       000
__size_of_main                 (abs)       000
__size_of_myDelay              (abs)       000
__size_of_myIsr                (abs)       000
__size_of_resetPort            (abs)       000
__size_of_sendDataToAltera     (abs)       000
__size_of_setPort              (abs)       000
__stringbase                   strings     10E
__stringtab                    strings     109
_codeToMatrix                  strings     10F
_ctrl                          bssBANK0    020
_i                             bssBANK0    022
_keyDown                       text4       279
_keyUp                         text3       32D
_main                          maintext    1CD
_myDelay                       text2       347
_myIsr                         text7       031
_myIsr$84                      cstackBANK0 012
_outPorts                      dataBANK0   02B
_ps2Bits                       bssBANK0    029
_ps2BitsCount                  bssBANK0    028
_ps2Data                       bssBANK0    027
_ps2DataCount                  bssBANK0    026
_ps2DataState                  bssBANK0    02A
_ps2NeedEncode                 bssBANK0    023
_ps2Up                         bssBANK0    024
_ps2WaitCode                   bssBANK0    025
_replaceOnShiftKeyDown         strings     18F
_replaceTwoBytesCodes          strings     1B3
_replaced                      bssBANK0    01F
_resetPort                     text6       2EE
_sendDataToAltera              text1       2BA
_setPort                       text5       30E
_shift                         bssBANK0    021
btemp                          (abs)       04E
clear_ram0                     clrtext     368
end_of_initialization          cinit       02F
interrupt_function             intentry    004
intlevel0                      functab     000
intlevel1                      functab     000
intlevel2                      functab     000
intlevel3                      functab     000
intlevel4                      functab     000
intlevel5                      functab     000
keyDown@key                    cstackBANK0 01B
keyUp@key                      cstackBANK0 01B
myDelay@j                      cstackBANK0 017
myIsr@ii                       cstackBANK0 014
resetPort@bit_id               cstackBANK0 019
reset_vec                      reset_vec   000
saved_w                        (abs)       04E
setPort@bit_id                 cstackBANK0 019
stackhi                        (abs)       000
stacklo                        (abs)       000
start                          init        00F
start_initialization           cinit       010
wtemp0                         (abs)       04E


FUNCTION INFORMATION:

 *************** function _main *****************
 Defined at:
		line 244 in file "main.c"
 Parameters:    Size  Location     Type
		None
 Auto vars:     Size  Location     Type
		None
 Return value:  Size  Location     Type
                  1    wreg      void 
 Registers used:
		wreg, fsr0l, fsr0h, status,2, status,0, pclath, cstack
 Tracked objects:
		On entry : 
		On exit  : 
		Unchanged: 
 Data sizes:     COMMON   BANK0
      Params:         0       0
      Locals:         0       0
      Temps:          0       1
      Totals:         0       1
Total ram usage:        1 bytes
 Hardware stack levels required when called:    4
 This function calls:
		_keyDown
		_keyUp
		_sendDataToAltera
 This function is called by:
		Startup code after reset
 This function uses a non-reentrant model


 *************** function _sendDataToAltera *****************
 Defined at:
		line 183 in file "main.c"
 Parameters:    Size  Location     Type
		None
 Auto vars:     Size  Location     Type
		None
 Return value:  Size  Location     Type
                  1    wreg      void 
 Registers used:
		wreg, fsr0l, fsr0h, status,2, status,0, pclath, cstack
 Tracked objects:
		On entry : 
		On exit  : 
		Unchanged: 
 Data sizes:     COMMON   BANK0
      Params:         0       0
      Locals:         0       0
      Temps:          0       1
      Totals:         0       1
Total ram usage:        1 bytes
 Hardware stack levels used:    1
 Hardware stack levels required when called:    3
 This function calls:
		_myDelay
 This function is called by:
		_main
 This function uses a non-reentrant model


 *************** function _myDelay *****************
 Defined at:
		line 175 in file "main.c"
 Parameters:    Size  Location     Type
		None
 Auto vars:     Size  Location     Type
  j               1   11[BANK0 ] unsigned char 
 Return value:  Size  Location     Type
                  1    wreg      void 
 Registers used:
		wreg, status,2, status,0
 Tracked objects:
		On entry : 
		On exit  : 
		Unchanged: 
 Data sizes:     COMMON   BANK0
      Params:         0       0
      Locals:         0       1
      Temps:          0       1
      Totals:         0       2
Total ram usage:        2 bytes
 Hardware stack levels used:    1
 Hardware stack levels required when called:    2
 This function calls:
		Nothing
 This function is called by:
		_sendDataToAltera
 This function uses a non-reentrant model


 *************** function _keyUp *****************
 Defined at:
		line 168 in file "main.c"
 Parameters:    Size  Location     Type
  key             1    wreg     unsigned char 
 Auto vars:     Size  Location     Type
  key             1   15[BANK0 ] unsigned char 
 Return value:  Size  Location     Type
                  1    wreg      void 
 Registers used:
		wreg, fsr0l, fsr0h, status,2, status,0, pclath, cstack
 Tracked objects:
		On entry : 
		On exit  : 
		Unchanged: 
 Data sizes:     COMMON   BANK0
      Params:         0       0
      Locals:         0       1
      Temps:          0       1
      Totals:         0       2
Total ram usage:        2 bytes
 Hardware stack levels used:    1
 Hardware stack levels required when called:    3
 This function calls:
		_resetPort
 This function is called by:
		_main
 This function uses a non-reentrant model


 *************** function _keyDown *****************
 Defined at:
		line 147 in file "main.c"
 Parameters:    Size  Location     Type
  key             1    wreg     unsigned char 
 Auto vars:     Size  Location     Type
  key             1   15[BANK0 ] unsigned char 
 Return value:  Size  Location     Type
                  1    wreg      void 
 Registers used:
		wreg, fsr0l, fsr0h, status,2, status,0, pclath, cstack
 Tracked objects:
		On entry : 
		On exit  : 
		Unchanged: 
 Data sizes:     COMMON   BANK0
      Params:         0       0
      Locals:         0       1
      Temps:          0       1
      Totals:         0       2
Total ram usage:        2 bytes
 Hardware stack levels used:    1
 Hardware stack levels required when called:    3
 This function calls:
		_resetPort
		_setPort
 This function is called by:
		_main
 This function uses a non-reentrant model


 *************** function _setPort *****************
 Defined at:
		line 135 in file "main.c"
 Parameters:    Size  Location     Type
  bit_id          1    wreg     unsigned char 
 Auto vars:     Size  Location     Type
  bit_id          1   13[BANK0 ] unsigned char 
 Return value:  Size  Location     Type
                  1    wreg      void 
 Registers used:
		wreg, fsr0l, fsr0h, status,2, status,0
 Tracked objects:
		On entry : 
		On exit  : 
		Unchanged: 
 Data sizes:     COMMON   BANK0
      Params:         0       0
      Locals:         0       1
      Temps:          0       3
      Totals:         0       4
Total ram usage:        4 bytes
 Hardware stack levels used:    1
 Hardware stack levels required when called:    2
 This function calls:
		Nothing
 This function is called by:
		_keyDown
 This function uses a non-reentrant model


 *************** function _resetPort *****************
 Defined at:
		line 140 in file "main.c"
 Parameters:    Size  Location     Type
  bit_id          1    wreg     unsigned char 
 Auto vars:     Size  Location     Type
  bit_id          1   13[BANK0 ] unsigned char 
 Return value:  Size  Location     Type
                  1    wreg      void 
 Registers used:
		wreg, fsr0l, fsr0h, status,2, status,0
 Tracked objects:
		On entry : 
		On exit  : 
		Unchanged: 
 Data sizes:     COMMON   BANK0
      Params:         0       0
      Locals:         0       1
      Temps:          0       3
      Totals:         0       4
Total ram usage:        4 bytes
 Hardware stack levels used:    1
 Hardware stack levels required when called:    2
 This function calls:
		Nothing
 This function is called by:
		_keyDown
		_keyUp
 This function uses a non-reentrant model


 *************** function _myIsr *****************
 Defined at:
		line 74 in file "main.c"
 Parameters:    Size  Location     Type
		None
 Auto vars:     Size  Location     Type
  ii              2    8[BANK0 ] int 
 Return value:  Size  Location     Type
                  1    wreg      void 
 Registers used:
		wreg, fsr0l, fsr0h, status,2, status,0, btemp+1, pclath
 Tracked objects:
		On entry : 
		On exit  : 
		Unchanged: 
 Data sizes:     COMMON   BANK0
      Params:         0       0
      Locals:         0       4
      Temps:          0       6
      Totals:         0      10
Total ram usage:       10 bytes
 Hardware stack levels used:    2
 This function calls:
		Nothing
 This function is called by:
		Interrupt level 1
 This function uses a non-reentrant model



MODULE INFORMATION

Module		Function		Class		Link	Load	Size
shared
		__stringtab    		STRING         	0109	0000	7
		_codeToMatrix  		STRING         	010F	0000	129
		_replaceTwoBytesCodes		STRING         	01B3	0000	27
		__initialization		CODE           	0010	0000	32
		_replaceOnShiftKeyDown		STRING         	018F	0000	37

shared estimated size: 232

main.c
		_keyDown       		CODE           	0279	0000	66
		_keyUp         		CODE           	032D	0000	27
		_main          		CODE           	01CD	0000	173
		_setPort       		CODE           	030E	0000	32
		_myIsr         		CODE           	0031	0000	217
		_myDelay       		CODE           	0347	0000	21
		_sendDataToAltera		CODE           	02BA	0000	53
		_resetPort     		CODE           	02EE	0000	33

main.c estimated size: 622

