Microchip MPLAB XC8 Compiler V2.00 ()

Linker command line:

-W-3 --edf=C:\Program Files (x86)\Microchip\xc8\v2.00\pic\dat\en_msgs.txt \
  -cs -h+dist/default/production\pic16F84.production.sym \
  --cmf=dist/default/production\pic16F84.production.cmf -z -Q16F84A \
  -oC:\Users\FOMONS~1\AppData\Local\Temp\sl1o.2 \
  -Mdist/default/production/pic16F84.production.map -E1 -ver=XC8 \
  --acfsm=1493 -ASTACK=043h-04dh -pstack=STACK -ACODE=00h-03FFh \
  -ASTRCODE=00h-03FFh -ASTRING=00h-0FFhx4 -ACONST=00h-0FFhx4 \
  -AENTRY=00h-0FFhx4 -ABANK0=0Ch-04Dh -ARAM=0Ch-04Dh -AABS1=0Ch-04Fh \
  -ACOMMON=04Eh-04Fh -ASFR0=00h-0Bh -ASFR1=080h-0CDh \
  -preset_vec=00h,intentry=04h,init,end_init -ppowerup=CODE -pcinit=CODE \
  -pfunctab=ENTRY -ACONFIG=02007h-02007h -pconfig=CONFIG -DCONFIG=2 \
  -AIDLOC=02000h-02003h -pidloc=IDLOC -DIDLOC=2 -AEEDATA=00h-03Fh/02100h \
  -peeprom_data=EEDATA -DEEDATA=2 -DCODE=2 -DSTRCODE=2 -DSTRING=2 -DCONST=2 \
  -DENTRY=2 -k C:\Users\FOMONS~1\AppData\Local\Temp\sl1o.o \
  dist/default/production\pic16F84.production.o 

Object code version is 3.11

Machine type is 16F84A



                Name                               Link     Load   Length Selector   Space Scale
C:\Users\FOMONS~1\AppData\Local\Temp\sl1o.o
                end_init                              F        F        1        8       0
                reset_vec                             0        0        1        0       0
dist/default/production\pic16F84.production.o
                cinit                                10       10       1D        8       0
                intentry                              4        4        B        8       0
                text6                               2E0      2E0       8C      5C0       0
                text5                               170      170       3D        8       0
                text4                               1F0      1F0        1        8       0
                text3                               3C0      3C0       40      5C0       0
                text2                               1AD      1AD       30        8       0
                text1                               36C      36C       54      5C0       0
                maintext                             2D       2D      143        8       0
                cstackBANK0                           C        C       1B        C       1
                clrtext                             1E8      1E8        8        8       0
                dataBANK0                            37       37        B        C       1
                bssBANK0                             27       27       10        C       1
                nvBANK0                              42       42        1        C       1
                strings                             200      200       E0      400       0
                idataBANK0                          1DD      1DD        B        8       0

TOTAL           Name                               Link     Load   Length     Space
        CLASS   STACK          

        CLASS   CODE           
                end_init                              F        F        1         0
                cinit                                10       10       1D         0
                intentry                              4        4        B         0
                reset_vec                             0        0        1         0
                text6                               2E0      2E0       8C         0
                text5                               170      170       3D         0
                text4                               1F0      1F0        1         0
                text3                               3C0      3C0       40         0
                text2                               1AD      1AD       30         0
                text1                               36C      36C       54         0
                maintext                             2D       2D      143         0
                clrtext                             1E8      1E8        8         0
                idataBANK0                          1DD      1DD        B         0

        CLASS   STRCODE        

        CLASS   STRING         
                strings                             200      200       E0         0

        CLASS   CONST          

        CLASS   ENTRY          

        CLASS   BANK0          
                cstackBANK0                           C        C       1B         1
                dataBANK0                            37       37        B         1
                bssBANK0                             27       27       10         1
                nvBANK0                              42       42        1         1

        CLASS   RAM            

        CLASS   ABS1           
                abs_s1                               4E       4E        2         1

        CLASS   COMMON         

        CLASS   SFR0           

        CLASS   SFR1           

        CLASS   CONFIG         

        CLASS   IDLOC          

        CLASS   EEDATA         

        CLASS   BANK1          



SEGMENTS        Name                           Load    Length   Top    Selector   Space  Class     Delta

                reset_vec                      000000  000001  000001         0       0  CODE        2
                intentry                       000004  0001ED  0001F1         8       0  CODE        2
                cstackBANK0                    00000C  000037  000043         C       1  BANK0       1
                strings                        000200  0000E0  0002E0       400       0  STRING      2
                text6                          0002E0  000120  000400       5C0       0  CODE        2


UNUSED ADDRESS RANGES

        Name                Unused          Largest block    Delta
        BANK0            043-04D             B           1
        CODE             001-003             3           2
                         1F1-1FF             F
        CONFIG           2007-2007             1           2
        CONST            001-003             3           2
                         1F1-1FF             F
        EEDATA           2100-213F            40           2
        ENTRY            001-003             3           2
                         1F1-1FF             F
        IDLOC            2000-2003             4           2
        RAM              043-04D             B           1
        SFR0             000-00B             C           1
        SFR1             080-0CD            4E           1
        STACK            043-04D             B           1
        STRCODE          001-003             3           2
                         1F1-1FF             F
        STRING           001-003             3           2
                         1F1-1FF             F

                                  Symbol Table

_GIE                                (abs)        05F
_PORTA                              (abs)        005
_PORTAbits                          (abs)        005
_PORTB                              (abs)        006
_PSA                                (abs)        40B
_RA1                                (abs)        029
_RA2                                (abs)        02A
_T0CS                               (abs)        40D
_T0IE                               (abs)        05D
_T0IF                               (abs)        05A
_T0SE                               (abs)        40C
_TMR0                               (abs)        001
_TRISA0                             (abs)        428
_TRISA1                             (abs)        429
_TRISA2                             (abs)        42A
_TRISA3                             (abs)        42B
_TRISA4                             (abs)        42C
_TRISB                              (abs)        086
__Habs1                             abs1         000
__Hbank0                            bank0        000
__Hbank1                            bank1        000
__HbssBANK0                         bssBANK0     000
__Hcinit                            cinit        02D
__Hclrtext                          clrtext      000
__Hcode                             code         000
__Hcommon                           common       000
__Hconfig                           config       000
__HcstackBANK0                      cstackBANK0  000
__HcstackCOMMON                     cstackCOMMON 000
__HdataBANK0                        dataBANK0    000
__Heeprom_data                      eeprom_data  000
__Hend_init                         end_init     010
__Hfunctab                          functab      000
__HidataBANK0                       idataBANK0   000
__Hidloc                            idloc        000
__Hinit                             init         00F
__Hintentry                         intentry     00F
__Hmaintext                         maintext     000
__HnvBANK0                          nvBANK0      000
__Hpowerup                          powerup      000
__Hram                              ram          000
__Hreset_vec                        reset_vec    001
__Hsfr0                             sfr0         000
__Hsfr1                             sfr1         000
__Hspace_0                          (abs)        400
__Hspace_1                          (abs)        043
__Hspace_2                          (abs)        000
__Hspace_3                          (abs)        000
__Hstack                            stack        000
__Hstrings                          strings      000
__Htext                             text         000
__Labs1                             abs1         000
__Lbank0                            bank0        000
__Lbank1                            bank1        000
__LbssBANK0                         bssBANK0     000
__Lcinit                            cinit        010
__Lclrtext                          clrtext      000
__Lcode                             code         000
__Lcommon                           common       000
__Lconfig                           config       000
__LcstackBANK0                      cstackBANK0  000
__LcstackCOMMON                     cstackCOMMON 000
__LdataBANK0                        dataBANK0    000
__Leeprom_data                      eeprom_data  000
__Lend_init                         end_init     00F
__Lfunctab                          functab      000
__LidataBANK0                       idataBANK0   000
__Lidloc                            idloc        000
__Linit                             init         00F
__Lintentry                         intentry     004
__Lmaintext                         maintext     000
__LnvBANK0                          nvBANK0      000
__Lpowerup                          powerup      000
__Lram                              ram          000
__Lreset_vec                        reset_vec    000
__Lsfr0                             sfr0         000
__Lsfr1                             sfr1         000
__Lspace_0                          (abs)        000
__Lspace_1                          (abs)        000
__Lspace_2                          (abs)        000
__Lspace_3                          (abs)        000
__Lstack                            stack        000
__Lstrings                          strings      000
__Ltext                             text         000
__S0                                (abs)        400
__S1                                (abs)        043
__S2                                (abs)        000
__S3                                (abs)        000
___int_sp                           stack        000
___latbits                          (abs)        000
___sp                               stack        000
__end_of__initialization            cinit        02B
__end_of__stringtab                 strings      206
__end_of_calculateBitsFromTable     text5        1AD
__end_of_codeToMatrix               strings      286
__end_of_importantKeys              strings      2DA
__end_of_kempstonMouseKeys          strings      2E0
__end_of_main                       maintext     170
__end_of_myDelay                    text4        1F1
__end_of_myIsr                      text6        36C
__end_of_replaceOnDelayKeyDown      strings      2D4
__end_of_replaceOnShiftKeyDown      strings      2B0
__end_of_replaceTwoBytesCodes       strings      2CC
__end_of_sendDataToAltera           text3        400
__end_of_updateKey                  text1        3C0
__end_of_updatePort                 text2        1DD
__initialization                    cinit        010
__pbssBANK0                         bssBANK0     027
__pcstackBANK0                      cstackBANK0  00C
__pcstackCOMMON                     cstackCOMMON 000
__pdataBANK0                        dataBANK0    037
__pidataBANK0                       idataBANK0   1DD
__pintentry                         intentry     004
__pmaintext                         maintext     02D
__pnvBANK0                          nvBANK0      042
__pstrings                          strings      200
__ptext1                            text1        36C
__ptext2                            text2        1AD
__ptext3                            text3        3C0
__ptext4                            text4        1F0
__ptext5                            text5        170
__ptext6                            text6        2E0
__size_of_calculateBitsFromTable    (abs)        000
__size_of_main                      (abs)        000
__size_of_myDelay                   (abs)        000
__size_of_myIsr                     (abs)        000
__size_of_sendDataToAltera          (abs)        000
__size_of_updateKey                 (abs)        000
__size_of_updatePort                (abs)        000
__stringbase                        strings      205
__stringtab                         strings      200
_calculateBitsFromTable             text5        170
_codeToMatrix                       strings      206
_delay                              bssBANK0     029
_delayedKey                         bssBANK0     02B
_importantKeys                      strings      2D4
_kempstonMouseEmulatorDelay         bssBANK0     027
_kempstonMouseEmulatorKeys          bssBANK0     035
_kempstonMouseKeys                  strings      2DA
_main                               maintext     02D
_myDelay                            text4        1F0
_myIsr                              text6        2E0
_myIsr$87                           cstackBANK0  012
_numLock                            bssBANK0     02D
_outPorts                           dataBANK0    037
_ps2Bits                            bssBANK0     033
_ps2BitsCount                       bssBANK0     032
_ps2Data                            bssBANK0     031
_ps2DataState                       bssBANK0     034
_ps2Device                          bssBANK0     030
_ps2Down                            nvBANK0      042
_ps2NeedEncode                      bssBANK0     02E
_ps2WaitCode                        bssBANK0     02F
_replaceOnDelayKeyDown              strings      2CC
_replaceOnShiftKeyDown              strings      286
_replaceTwoBytesCodes               strings      2B0
_replaced                           bssBANK0     02C
_sendDataToAltera                   text3        3C0
_sendDataToAltera$104               cstackBANK0  017
_shift_ctrl_alt                     bssBANK0     036
_updateKey                          text1        36C
_updateKey$97                       cstackBANK0  01E
_updatePort                         text2        1AD
btemp                               (abs)        04E
calculateBitsFromTable@bits         cstackBANK0  01A
calculateBitsFromTable@clearIfFound cstackBANK0  017
calculateBitsFromTable@count        cstackBANK0  016
calculateBitsFromTable@i            cstackBANK0  01B
calculateBitsFromTable@table        cstackBANK0  015
clear_ram0                          clrtext      1E8
end_of_initialization               cinit        02B
interrupt_function                  intentry     004
intlevel0                           functab      000
intlevel1                           functab      000
intlevel2                           functab      000
intlevel3                           functab      000
intlevel4                           functab      000
intlevel5                           functab      000
main@i                              cstackBANK0  026
main@i_118                          cstackBANK0  025
myIsr@i                             cstackBANK0  014
reset_vec                           reset_vec    000
saved_w                             (abs)        04E
sendDataToAltera@i                  cstackBANK0  019
stackhi                             (abs)        000
stacklo                             (abs)        000
start                               init         00F
start_initialization                cinit        010
updateKey@code                      cstackBANK0  021
updateKey@key                       cstackBANK0  020
updateKey@localCtrl                 cstackBANK0  01F
updateKey@localShift                cstackBANK0  01D
updateKey@set                       cstackBANK0  01B
updatePort@a                        cstackBANK0  019
updatePort@bit_id                   cstackBANK0  01A
updatePort@set                      cstackBANK0  015
wtemp0                              (abs)        04E


FUNCTION INFORMATION:

 *************** function _main *****************
 Defined at:
		line 350 in file "main.c"
 Parameters:    Size  Location     Type
		None
 Auto vars:     Size  Location     Type
  i               1   25[BANK0 ] char 
  i               1   26[BANK0 ] char 
 Return value:  Size  Location     Type
                  1    wreg      void 
 Registers used:
		wreg, fsr0l, fsr0h, status,2, status,0, pclath, cstack
 Tracked objects:
		On entry : 
		On exit  : 
		Unchanged: 
 Data sizes:     COMMON   BANK0
      Params:         0       0
      Locals:         0       2
      Temps:          0       3
      Totals:         0       5
Total ram usage:        5 bytes
 Hardware stack levels required when called:    4
 This function calls:
		_calculateBitsFromTable
		_sendDataToAltera
		_updateKey
		_updatePort
 This function is called by:
		Startup code after reset
 This function uses a non-reentrant model


 *************** function _updateKey *****************
 Defined at:
		line 178 in file "main.c"
 Parameters:    Size  Location     Type
  key             1    wreg     unsigned char 
  set             1   15[BANK0 ] unsigned char 
 Auto vars:     Size  Location     Type
  key             1   20[BANK0 ] unsigned char 
  code            1   21[BANK0 ] unsigned char 
  localCtrl       1   19[BANK0 ] unsigned char 
  localShift      1   17[BANK0 ] unsigned char 
 Return value:  Size  Location     Type
                  1    wreg      void 
 Registers used:
		wreg, fsr0l, fsr0h, status,2, status,0, pclath, cstack
 Tracked objects:
		On entry : 
		On exit  : 
		Unchanged: 
 Data sizes:     COMMON   BANK0
      Params:         0       1
      Locals:         0       5
      Temps:          0       1
      Totals:         0       7
Total ram usage:        7 bytes
 Hardware stack levels used:    1
 Hardware stack levels required when called:    3
 This function calls:
		_updatePort
 This function is called by:
		_main
 This function uses a non-reentrant model


 *************** function _updatePort *****************
 Defined at:
		line 169 in file "main.c"
 Parameters:    Size  Location     Type
  bit_id          1    wreg     unsigned char 
  set             1    9[BANK0 ] unsigned char 
 Auto vars:     Size  Location     Type
  bit_id          1   14[BANK0 ] unsigned char 
  a               1   13[BANK0 ] unsigned char 
 Return value:  Size  Location     Type
                  1    wreg      void 
 Registers used:
		wreg, fsr0l, fsr0h, status,2, status,0
 Tracked objects:
		On entry : 
		On exit  : 
		Unchanged: 
 Data sizes:     COMMON   BANK0
      Params:         0       1
      Locals:         0       2
      Temps:          0       3
      Totals:         0       6
Total ram usage:        6 bytes
 Hardware stack levels used:    1
 Hardware stack levels required when called:    2
 This function calls:
		Nothing
 This function is called by:
		_updateKey
		_main
 This function uses a non-reentrant model


 *************** function _sendDataToAltera *****************
 Defined at:
		line 229 in file "main.c"
 Parameters:    Size  Location     Type
		None
 Auto vars:     Size  Location     Type
  i               1   13[BANK0 ] char 
 Return value:  Size  Location     Type
                  1    wreg      void 
 Registers used:
		wreg, fsr0l, fsr0h, status,2, status,0, pclath, cstack
 Tracked objects:
		On entry : 
		On exit  : 
		Unchanged: 
 Data sizes:     COMMON   BANK0
      Params:         0       0
      Locals:         0       3
      Temps:          0       2
      Totals:         0       5
Total ram usage:        5 bytes
 Hardware stack levels used:    1
 Hardware stack levels required when called:    3
 This function calls:
		_myDelay
 This function is called by:
		_main
 This function uses a non-reentrant model


 *************** function _myDelay *****************
 Defined at:
		line 197 in file "main.c"
 Parameters:    Size  Location     Type
		None
 Auto vars:     Size  Location     Type
		None
 Return value:  Size  Location     Type
                  1    wreg      void 
 Registers used:
		None
 Tracked objects:
		On entry : 
		On exit  : 
		Unchanged: 
 Data sizes:     COMMON   BANK0
      Params:         0       0
      Locals:         0       0
      Temps:          0       0
      Totals:         0       0
Total ram usage:        0 bytes
 Hardware stack levels used:    1
 Hardware stack levels required when called:    2
 This function calls:
		Nothing
 This function is called by:
		_sendDataToAltera
 This function uses a non-reentrant model


 *************** function _calculateBitsFromTable *****************
 Defined at:
		line 300 in file "main.c"
 Parameters:    Size  Location     Type
  bits            1    wreg     PTR unsigned char 
		 -> kempstonMouseEmulatorKeys(1), shift_ctrl_alt(1), 
  table           1    9[BANK0 ] PTR unsigned char 
		 -> kempstonMouseKeys(6), importantKeys(6), 
  count           1   10[BANK0 ] unsigned char 
  clearIfFound    1   11[BANK0 ] unsigned char 
 Auto vars:     Size  Location     Type
  bits            1   14[BANK0 ] PTR unsigned char 
		 -> kempstonMouseEmulatorKeys(1), shift_ctrl_alt(1), 
  i               1   15[BANK0 ] unsigned char 
 Return value:  Size  Location     Type
                  1    wreg      void 
 Registers used:
		wreg, fsr0l, fsr0h, status,2, status,0, pclath
 Tracked objects:
		On entry : 
		On exit  : 
		Unchanged: 
 Data sizes:     COMMON   BANK0
      Params:         0       3
      Locals:         0       2
      Temps:          0       2
      Totals:         0       7
Total ram usage:        7 bytes
 Hardware stack levels used:    2
 Hardware stack levels required when called:    2
 This function calls:
		Nothing
 This function is called by:
		_main
 This function uses a non-reentrant model


 *************** function _myIsr *****************
 Defined at:
		line 102 in file "main.c"
 Parameters:    Size  Location     Type
		None
 Auto vars:     Size  Location     Type
  i               1    8[BANK0 ] char 
 Return value:  Size  Location     Type
                  1    wreg      void 
 Registers used:
		wreg, fsr0l, fsr0h, status,2, status,0, pclath
 Tracked objects:
		On entry : 
		On exit  : 
		Unchanged: 
 Data sizes:     COMMON   BANK0
      Params:         0       0
      Locals:         0       3
      Temps:          0       6
      Totals:         0       9
Total ram usage:        9 bytes
 Hardware stack levels used:    2
 This function calls:
		Nothing
 This function is called by:
		Interrupt level 1
 This function uses a non-reentrant model



MODULE INFORMATION

Module		Function		Class		Link	Load	Size
shared
		__stringtab    		STRING         	0200	0000	7
		_kempstonMouseKeys		STRING         	02DA	0000	7
		_codeToMatrix  		STRING         	0206	0000	129
		_importantKeys 		STRING         	02D4	0000	7
		_replaceTwoBytesCodes		STRING         	02B0	0000	29
		__initialization		CODE           	0010	0000	28
		_replaceOnShiftKeyDown		STRING         	0286	0000	43
		_replaceOnDelayKeyDown		STRING         	02CC	0000	9

shared estimated size: 259

main.c
		_updatePort    		CODE           	01AD	0000	49
		_main          		CODE           	002D	0000	324
		_calculateBitsFromTable		CODE           	0170	0000	62
		_myIsr         		CODE           	02E0	0000	141
		_myDelay       		CODE           	01F0	0000	2
		_updateKey     		CODE           	036C	0000	85
		_sendDataToAltera		CODE           	03C0	0000	65

main.c estimated size: 728

