Microchip MPLAB XC8 Compiler V2.00 ()

Linker command line:

-W-3 --edf=C:\Program Files (x86)\Microchip\xc8\v2.00\pic\dat\en_msgs.txt \
  -cs -h+dist/default/production\pic16F84.production.sym \
  --cmf=dist/default/production\pic16F84.production.cmf -z -Q16F84A \
  -oC:\Users\FOMONS~1\AppData\Local\Temp\sgns.2 \
  -Mdist/default/production/pic16F84.production.map -E1 -ver=XC8 \
  --acfsm=1493 -ASTACK=026h-04dh -pstack=STACK -ACODE=00h-03FFh \
  -ASTRCODE=00h-03FFh -ASTRING=00h-0FFhx4 -ACONST=00h-0FFhx4 \
  -AENTRY=00h-0FFhx4 -ABANK0=0Ch-04Dh -ARAM=0Ch-04Dh -AABS1=0Ch-04Fh \
  -ACOMMON=04Eh-04Fh -ASFR0=00h-0Bh -ASFR1=080h-0CDh \
  -preset_vec=00h,intentry=04h,init,end_init -ppowerup=CODE -pcinit=CODE \
  -pfunctab=ENTRY -ACONFIG=02007h-02007h -pconfig=CONFIG -DCONFIG=2 \
  -AIDLOC=02000h-02003h -pidloc=IDLOC -DIDLOC=2 -AEEDATA=00h-03Fh/02100h \
  -peeprom_data=EEDATA -DEEDATA=2 -DCODE=2 -DSTRCODE=2 -DSTRING=2 -DCONST=2 \
  -DENTRY=2 -k C:\Users\FOMONS~1\AppData\Local\Temp\sgns.o \
  dist/default/production\pic16F84.production.o 

Object code version is 3.11

Machine type is 16F84A



                Name                               Link     Load   Length Selector   Space Scale
C:\Users\FOMONS~1\AppData\Local\Temp\sgns.o
                end_init                              D        D        1        8       0
                reset_vec                             0        0        1        0       0
dist/default/production\pic16F84.production.o
                cinit                                 E        E        7        8       0
                intentry                              4        4        9        8       0
                text1                                15       15       87        8       0
                maintext                             9C       9C       54        8       0
                cstackBANK0                          21       21        5        C       1
                clrtext                              F0       F0        8        8       0
                bssBANK0                              C        C       15        C       1

TOTAL           Name                               Link     Load   Length     Space
        CLASS   STACK          

        CLASS   CODE           
                end_init                              D        D        1         0
                cinit                                 E        E        7         0
                intentry                              4        4        9         0
                reset_vec                             0        0        1         0
                text1                                15       15       87         0
                maintext                             9C       9C       54         0
                clrtext                              F0       F0        8         0

        CLASS   STRCODE        

        CLASS   STRING         

        CLASS   CONST          

        CLASS   ENTRY          

        CLASS   BANK0          
                cstackBANK0                          21       21        5         1
                bssBANK0                              C        C       15         1

        CLASS   RAM            

        CLASS   ABS1           
                abs_s1                               4E       4E        2         1

        CLASS   COMMON         

        CLASS   SFR0           

        CLASS   SFR1           

        CLASS   CONFIG         

        CLASS   IDLOC          

        CLASS   EEDATA         

        CLASS   BANK1          



SEGMENTS        Name                           Load    Length   Top    Selector   Space  Class     Delta

                reset_vec                      000000  000001  000001         0       0  CODE        2
                intentry                       000004  0000F4  0000F8         8       0  CODE        2
                bssBANK0                       00000C  00001A  000026         C       1  BANK0       1


UNUSED ADDRESS RANGES

        Name                Unused          Largest block    Delta
        BANK0            026-04D            28           1
        CODE             001-003             3           2
                         0F8-3FF           308
        CONFIG           2007-2007             1           2
        CONST            001-003             3           2
                         0F8-3FF           100
        EEDATA           2100-213F            40           2
        ENTRY            001-003             3           2
                         0F8-3FF           100
        IDLOC            2000-2003             4           2
        RAM              026-04D            28           1
        SFR0             000-00B             C           1
        SFR1             080-0CD            4E           1
        STACK            026-04D            28           1
        STRCODE          001-003             3           2
                         0F8-3FF           308
        STRING           001-003             3           2
                         0F8-3FF           100

                                  Symbol Table

_GIE                     (abs)        05F
_PORTA                   (abs)        005
_PORTAbits               (abs)        005
_PORTB                   (abs)        006
_PSA                     (abs)        40B
_T0CS                    (abs)        40D
_T0IE                    (abs)        05D
_T0IF                    (abs)        05A
_T0SE                    (abs)        40C
_TMR0                    (abs)        001
_TRISA0                  (abs)        428
_TRISA1                  (abs)        429
_TRISA2                  (abs)        42A
_TRISA3                  (abs)        42B
_TRISA4                  (abs)        42C
_TRISB                   (abs)        086
__Habs1                  abs1         000
__Hbank0                 bank0        000
__Hbank1                 bank1        000
__HbssBANK0              bssBANK0     000
__Hcinit                 cinit        015
__Hclrtext               clrtext      000
__Hcode                  code         000
__Hcommon                common       000
__Hconfig                config       000
__HcstackBANK0           cstackBANK0  000
__HcstackCOMMON          cstackCOMMON 000
__Heeprom_data           eeprom_data  000
__Hend_init              end_init     00E
__Hfunctab               functab      000
__Hidloc                 idloc        000
__Hinit                  init         00D
__Hintentry              intentry     00D
__Hmaintext              maintext     000
__Hpowerup               powerup      000
__Hram                   ram          000
__Hreset_vec             reset_vec    001
__Hsfr0                  sfr0         000
__Hsfr1                  sfr1         000
__Hspace_0               (abs)        0F8
__Hspace_1               (abs)        026
__Hspace_2               (abs)        000
__Hspace_3               (abs)        000
__Hstack                 stack        000
__Hstrings               strings      000
__Htext                  text         000
__Labs1                  abs1         000
__Lbank0                 bank0        000
__Lbank1                 bank1        000
__LbssBANK0              bssBANK0     000
__Lcinit                 cinit        00E
__Lclrtext               clrtext      000
__Lcode                  code         000
__Lcommon                common       000
__Lconfig                config       000
__LcstackBANK0           cstackBANK0  000
__LcstackCOMMON          cstackCOMMON 000
__Leeprom_data           eeprom_data  000
__Lend_init              end_init     00D
__Lfunctab               functab      000
__Lidloc                 idloc        000
__Linit                  init         00D
__Lintentry              intentry     004
__Lmaintext              maintext     000
__Lpowerup               powerup      000
__Lram                   ram          000
__Lreset_vec             reset_vec    000
__Lsfr0                  sfr0         000
__Lsfr1                  sfr1         000
__Lspace_0               (abs)        000
__Lspace_1               (abs)        000
__Lspace_2               (abs)        000
__Lspace_3               (abs)        000
__Lstack                 stack        000
__Lstrings               strings      000
__Ltext                  text         000
__S0                     (abs)        0F8
__S1                     (abs)        026
__S2                     (abs)        000
__S3                     (abs)        000
___int_sp                stack        000
___latbits               (abs)        000
___sp                    stack        000
__end_of__initialization cinit        013
__end_of_main            maintext     0F0
__end_of_myIsr           text1        09C
__initialization         cinit        00E
__pbssBANK0              bssBANK0     00C
__pcstackBANK0           cstackBANK0  021
__pcstackCOMMON          cstackCOMMON 000
__pintentry              intentry     004
__pmaintext              maintext     09C
__ptext1                 text1        015
__size_of_main           (abs)        000
__size_of_myIsr          (abs)        000
_main                    maintext     09C
_myIsr                   text1        015
_pa                      bssBANK0     018
_ps2Data                 bssBANK0     01F
_ps2DataArray            bssBANK0     00C
_ps2DataBitsCount        bssBANK0     01E
_ps2DataCount            bssBANK0     01D
_ps2DataState            bssBANK0     020
btemp                    (abs)        04E
clear_ram0               clrtext      0F0
end_of_initialization    cinit        013
interrupt_function       intentry     004
intlevel0                functab      000
intlevel1                functab      000
intlevel2                functab      000
intlevel3                functab      000
intlevel4                functab      000
intlevel5                functab      000
reset_vec                reset_vec    000
saved_w                  (abs)        04E
stackhi                  (abs)        000
stacklo                  (abs)        000
start                    init         00D
start_initialization     cinit        00E
wtemp0                   (abs)        04E


FUNCTION INFORMATION:

 *************** function _main *****************
 Defined at:
		line 92 in file "main.c"
 Parameters:    Size  Location     Type
		None
 Auto vars:     Size  Location     Type
		None
 Return value:  Size  Location     Type
                  1    wreg      void 
 Registers used:
		wreg, status,2, status,0
 Tracked objects:
		On entry : 
		On exit  : 
		Unchanged: 
 Data sizes:     COMMON   BANK0
      Params:         0       0
      Locals:         0       0
      Temps:          0       0
      Totals:         0       0
Total ram usage:        0 bytes
 Hardware stack levels required when called:    1
 This function calls:
		Nothing
 This function is called by:
		Startup code after reset
 This function uses a non-reentrant model


 *************** function _myIsr *****************
 Defined at:
		line 47 in file "main.c"
 Parameters:    Size  Location     Type
		None
 Auto vars:     Size  Location     Type
		None
 Return value:  Size  Location     Type
                  1    wreg      void 
 Registers used:
		wreg, fsr0l, fsr0h, status,2, status,0
 Tracked objects:
		On entry : 
		On exit  : 
		Unchanged: 
 Data sizes:     COMMON   BANK0
      Params:         0       0
      Locals:         0       0
      Temps:          0       5
      Totals:         0       5
Total ram usage:        5 bytes
 Hardware stack levels used:    1
 This function calls:
		Nothing
 This function is called by:
		Interrupt level 1
 This function uses a non-reentrant model



MODULE INFORMATION

Module		Function		Class		Link	Load	Size
shared
		__initialization		CODE           	000E	0000	6

shared estimated size: 6

main.c
		_main          		CODE           	009C	0000	85
		_myIsr         		CODE           	0015	0000	136

main.c estimated size: 221

