Microchip MPLAB XC8 Compiler V2.00 ()

Linker command line:

-W-3 --edf=C:\Program Files (x86)\Microchip\xc8\v2.00\pic\dat\en_msgs.txt \
  -cs -h+dist/default/production\zcontrollerpic16F84.production.sym \
  --cmf=dist/default/production\zcontrollerpic16F84.production.cmf -z \
  -Q16F84A -oC:\Users\FOMONS~1\AppData\Local\Temp\s9as.2 \
  -Mdist/default/production/zcontrollerpic16F84.production.map -E1 -ver=XC8 \
  --acfsm=1493 -ASTACK=011h-04dh -pstack=STACK -ACODE=00h-03FFh \
  -ASTRCODE=00h-03FFh -ASTRING=00h-0FFhx4 -ACONST=00h-0FFhx4 \
  -AENTRY=00h-0FFhx4 -ABANK0=0Ch-04Dh -ARAM=0Ch-04Dh -AABS1=0Ch-04Fh \
  -ACOMMON=04Eh-04Fh -ASFR0=00h-0Bh -ASFR1=080h-0CDh \
  -preset_vec=00h,intentry,init,end_init -ppowerup=CODE -pcinit=CODE \
  -pfunctab=ENTRY -ACONFIG=02007h-02007h -pconfig=CONFIG -DCONFIG=2 \
  -AIDLOC=02000h-02003h -pidloc=IDLOC -DIDLOC=2 -AEEDATA=00h-03Fh/02100h \
  -peeprom_data=EEDATA -DEEDATA=2 -DCODE=2 -DSTRCODE=2 -DSTRING=2 -DCONST=2 \
  -DENTRY=2 -k C:\Users\FOMONS~1\AppData\Local\Temp\s9as.o \
  dist/default/production\zcontrollerpic16F84.production.o 

Object code version is 3.11

Machine type is 16F84A



                Name                               Link     Load   Length Selector   Space Scale
C:\Users\FOMONS~1\AppData\Local\Temp\s9as.o
                end_init                              0        0        1        0       0
dist/default/production\zcontrollerpic16F84.production.o
                cinit                               3FB      3FB        5      7F6       0
                maintext                            3CB      3CB       30      796       0
                cstackBANK0                           C        C        3        C       1
                bssBANK0                              F        F        2        C       1

TOTAL           Name                               Link     Load   Length     Space
        CLASS   STACK          

        CLASS   CODE           
                end_init                              0        0        1         0
                cinit                               3FB      3FB        5         0
                maintext                            3CB      3CB       30         0

        CLASS   STRCODE        

        CLASS   STRING         

        CLASS   CONST          

        CLASS   ENTRY          

        CLASS   BANK0          
                cstackBANK0                           C        C        3         1
                bssBANK0                              F        F        2         1

        CLASS   RAM            

        CLASS   ABS1           
                abs_s1                               4E       4E        2         1

        CLASS   COMMON         

        CLASS   SFR0           

        CLASS   SFR1           

        CLASS   CONFIG         

        CLASS   IDLOC          

        CLASS   EEDATA         

        CLASS   BANK1          



SEGMENTS        Name                           Load    Length   Top    Selector   Space  Class     Delta

                reset_vec                      000000  000001  000001         0       0  CODE        2
                cstackBANK0                    00000C  000005  000011         C       1  BANK0       1
                maintext                       0003CB  000030  0003FB       796       0  CODE        2
                cinit                          0003FB  000005  000400       7F6       0  CODE        2


UNUSED ADDRESS RANGES

        Name                Unused          Largest block    Delta
        BANK0            011-04D            3D           1
        CODE             001-3CA           3CA           2
        CONFIG           2007-2007             1           2
        CONST            001-3CA           100           2
        EEDATA           2100-213F            40           2
        ENTRY            001-3CA           100           2
        IDLOC            2000-2003             4           2
        RAM              011-04D            3D           1
        SFR0             000-00B             C           1
        SFR1             080-0CD            4E           1
        STACK            011-04D            3D           1
        STRCODE          001-3CA           3CA           2
        STRING           001-3CA           100           2

                                  Symbol Table

_PORTA                   (abs)       005
_PORTB                   (abs)       006
_TRISA0                  (abs)       428
_TRISA1                  (abs)       429
_TRISA2                  (abs)       42A
_TRISA3                  (abs)       42B
_TRISA4                  (abs)       42C
_TRISB                   (abs)       086
__Habs1                  abs1        000
__Hbank0                 bank0       000
__Hbank1                 bank1       000
__HbssBANK0              bssBANK0    000
__Hcinit                 cinit       400
__Hclrtext               clrtext     000
__Hcode                  code        000
__Hcommon                common      000
__Hconfig                config      000
__HcstackBANK0           cstackBANK0 000
__Heeprom_data           eeprom_data 000
__Hend_init              end_init    001
__Hfunctab               functab     000
__Hidloc                 idloc       000
__Hinit                  init        000
__Hintentry              intentry    000
__Hmaintext              maintext    000
__Hpowerup               powerup     000
__Hram                   ram         000
__Hreset_vec             reset_vec   000
__Hsfr0                  sfr0        000
__Hsfr1                  sfr1        000
__Hspace_0               (abs)       400
__Hspace_1               (abs)       011
__Hspace_2               (abs)       000
__Hspace_3               (abs)       000
__Hstack                 stack       000
__Hstrings               strings     000
__Htext                  text        000
__Labs1                  abs1        000
__Lbank0                 bank0       000
__Lbank1                 bank1       000
__LbssBANK0              bssBANK0    000
__Lcinit                 cinit       3FB
__Lclrtext               clrtext     000
__Lcode                  code        000
__Lcommon                common      000
__Lconfig                config      000
__LcstackBANK0           cstackBANK0 000
__Leeprom_data           eeprom_data 000
__Lend_init              end_init    000
__Lfunctab               functab     000
__Lidloc                 idloc       000
__Linit                  init        000
__Lintentry              intentry    000
__Lmaintext              maintext    000
__Lpowerup               powerup     000
__Lram                   ram         000
__Lreset_vec             reset_vec   000
__Lsfr0                  sfr0        000
__Lsfr1                  sfr1        000
__Lspace_0               (abs)       000
__Lspace_1               (abs)       000
__Lspace_2               (abs)       000
__Lspace_3               (abs)       000
__Lstack                 stack       000
__Lstrings               strings     000
__Ltext                  text        000
__S0                     (abs)       400
__S1                     (abs)       011
__S2                     (abs)       000
__S3                     (abs)       000
___int_sp                stack       000
___latbits               (abs)       000
___sp                    stack       000
__end_of__initialization cinit       3FE
__end_of_main            maintext    3FB
__initialization         cinit       3FB
__pbssBANK0              bssBANK0    00F
__pcstackBANK0           cstackBANK0 00C
__pmaintext              maintext    3CB
__size_of_main           (abs)       000
_main                    maintext    3CB
_pa                      bssBANK0    00F
btemp                    (abs)       04E
end_of_initialization    cinit       3FE
intlevel0                functab     000
intlevel1                functab     000
intlevel2                functab     000
intlevel3                functab     000
intlevel4                functab     000
intlevel5                functab     000
reset_vec                reset_vec   000
stackhi                  (abs)       000
stacklo                  (abs)       000
start                    init        000
start_initialization     cinit       3FB
wtemp0                   (abs)       04E


FUNCTION INFORMATION:

 *************** function _main *****************
 Defined at:
		line 53 in file "main.c"
 Parameters:    Size  Location     Type
		None
 Auto vars:     Size  Location     Type
		None
 Return value:  Size  Location     Type
                  1    wreg      void 
 Registers used:
		wreg, status,2, status,0
 Tracked objects:
		On entry : 
		On exit  : 
		Unchanged: 
 Data sizes:     COMMON   BANK0
      Params:         0       0
      Locals:         0       0
      Temps:          0       3
      Totals:         0       3
Total ram usage:        3 bytes
 This function calls:
		Nothing
 This function is called by:
		Startup code after reset
 This function uses a non-reentrant model



MODULE INFORMATION

Module		Function		Class		Link	Load	Size
shared
		__initialization		CODE           	03FB	0000	4

shared estimated size: 4

main.c
		_main          		CODE           	03CB	0000	49

main.c estimated size: 49

