Microchip MPLAB XC8 Compiler V2.00 ()

Linker command line:

-W-3 --edf=C:\Program Files (x86)\Microchip\xc8\v2.00\pic\dat\en_msgs.txt \
  -cs -h+dist/default/production\pic16F628A.production.sym \
  --cmf=dist/default/production\pic16F628A.production.cmf -z -Q16F628A \
  -oC:\Users\FOMONS~1\AppData\Local\Temp\sk6g.2 \
  -Mdist/default/production/pic16F628A.production.map -E1 -ver=XC8 \
  --acfsm=1493 -ASTACK=0BAh-0efh -pstack=STACK -ACODE=00h-07FFh \
  -ASTRCODE=00h-07FFh -ASTRING=00h-0FFhx8 -ACONST=00h-0FFhx8 \
  -AENTRY=00h-0FFhx8 -ACOMMON=070h-07Fh -ABANK0=020h-06Fh -ABANK1=0A0h-0EFh \
  -ABANK2=0120h-014Fh -ARAM=020h-06Fh,0A0h-0EFh,0120h-014Fh \
  -AABS1=020h-07Fh,0A0h-0EFh,0120h-014Fh -ASFR0=00h-01Fh -ASFR1=080h-09Fh \
  -ASFR2=0100h-011Fh -ASFR3=0180h-01EFh \
  -preset_vec=00h,intentry=04h,init,end_init -ppowerup=CODE -pcinit=CODE \
  -pfunctab=ENTRY -ACONFIG=02007h-02007h -pconfig=CONFIG -DCONFIG=2 \
  -AIDLOC=02000h-02003h -pidloc=IDLOC -DIDLOC=2 -AEEDATA=00h-07Fh/02100h \
  -peeprom_data=EEDATA -DEEDATA=2 -DCODE=2 -DSTRCODE=2 -DSTRING=2 -DCONST=2 \
  -DENTRY=2 -k C:\Users\FOMONS~1\AppData\Local\Temp\sk6g.o \
  dist/default/production\pic16F628A.production.o 

Object code version is 3.11

Machine type is 16F628A



                Name                               Link     Load   Length Selector   Space Scale
C:\Users\FOMONS~1\AppData\Local\Temp\sk6g.o
                end_init                              C        C        1        8       0
                reset_vec                             0        0        1        0       0
dist/default/production\pic16F628A.production.o
                cinit                                 D        D       27        8       0
                intentry                              4        4        8        8       0
                text13                              292      292       11        8       0
                text12                              568      568       A3      7D6       0
                text11                              27F      27F       13        8       0
                text10                              7DB      7DB       18      7D6       0
                text9                               796      796       45      7D6       0
                text8                               24E      24E       31        8       0
                text7                               6F5      6F5       57      7D6       0
                text6                               3EB      3EB       D5      7D6       0
                text5                               60B      60B       85      7D6       0
                text4                               4C0      4C0       A8      7D6       0
                text3                               690      690       65      7D6       0
                text2                               7FF      7FF        1      7D6       0
                text1                               74C      74C       4A      7D6       0
                maintext                             34       34      21A        8       0
                cstackBANK0                          20       20       24       20       1
                cstackCOMMON                         70       70        A       70       1
                clrtext                             2A3      2A3        8        8       0
                bssBANK1                             A0       A0       1A       A0       1
                dataBANK0                            59       59        C       20       1
                bssBANK0                             44       44       15       20       1
                bssCOMMON                            7A       7A        4       70       1
                strings                             300      300       EB      600       0
                idataBANK0                          7F3      7F3        C      7D6       0

TOTAL           Name                               Link     Load   Length     Space
        CLASS   STACK          

        CLASS   CODE           
                end_init                              C        C        1         0
                cinit                                 D        D       27         0
                intentry                              4        4        8         0
                reset_vec                             0        0        1         0
                text13                              292      292       11         0
                text12                              568      568       A3         0
                text11                              27F      27F       13         0
                text10                              7DB      7DB       18         0
                text9                               796      796       45         0
                text8                               24E      24E       31         0
                text7                               6F5      6F5       57         0
                text6                               3EB      3EB       D5         0
                text5                               60B      60B       85         0
                text4                               4C0      4C0       A8         0
                text3                               690      690       65         0
                text2                               7FF      7FF        1         0
                text1                               74C      74C       4A         0
                maintext                             34       34      21A         0
                clrtext                             2A3      2A3        8         0
                idataBANK0                          7F3      7F3        C         0

        CLASS   STRCODE        

        CLASS   STRING         
                strings                             300      300       EB         0

        CLASS   CONST          

        CLASS   ENTRY          

        CLASS   COMMON         
                cstackCOMMON                         70       70        A         1
                bssCOMMON                            7A       7A        4         1

        CLASS   BANK0          
                cstackBANK0                          20       20       24         1
                dataBANK0                            59       59        C         1
                bssBANK0                             44       44       15         1

        CLASS   BANK1          
                bssBANK1                             A0       A0       1A         1

        CLASS   BANK2          

        CLASS   RAM            

        CLASS   ABS1           
                abs_s1                               7E       7E        2         1

        CLASS   SFR0           

        CLASS   SFR1           

        CLASS   SFR2           

        CLASS   SFR3           

        CLASS   CONFIG         

        CLASS   IDLOC          

        CLASS   EEDATA         

        CLASS   BANK3          



SEGMENTS        Name                           Load    Length   Top    Selector   Space  Class     Delta

                reset_vec                      000000  000001  000001         0       0  CODE        2
                intentry                       000004  0002A7  0002AB         8       0  CODE        2
                cstackBANK0                    000020  000045  000065        20       1  BANK0       1
                cstackCOMMON                   000070  00000E  00007E        70       1  COMMON      1
                bssBANK1                       0000A0  00001A  0000BA        A0       1  BANK1       1
                strings                        000300  0000EB  0003EB       600       0  STRING      2
                text6                          0003EB  000415  000800       7D6       0  CODE        2


UNUSED ADDRESS RANGES

        Name                Unused          Largest block    Delta
        BANK0            0065-006F              B           1
        BANK1            00BA-00EF             36           1
        BANK2            0120-014F             30           1
        CODE             0001-0003              3           2
                         02AB-02FF             55
        CONFIG           2007-2007              1           2
        CONST            0001-0003              3           2
                         02AB-02FF             55
        EEDATA           2100-217F             80           2
        ENTRY            0001-0003              3           2
                         02AB-02FF             55
        IDLOC            2000-2003              4           2
        RAM              0065-006F              B           1
                         00BA-00EF             36
                         0120-014F             30
        SFR0             0000-001F             20           1
        SFR1             0080-009F             20           1
        SFR2             0100-011F             20           1
        SFR3             0180-01EF             70           1
        STACK            00BA-00EF             36           1
        STRCODE          0001-0003              3           2
                         02AB-02FF             55
        STRING           0001-0003              3           2
                         02AB-02FF             55

                                  Symbol Table

_CCP1CON                            (abs)        0017
_CCP1IE                             (abs)        0462
_CCP1IF                             (abs)        0062
_CCPR1H                             (abs)        0016
_CCPR1L                             (abs)        0015
_CMCON                              (abs)        001F
_CMIE                               (abs)        0466
_CMIF                               (abs)        0066
_EEIE                               (abs)        0467
_EEIF                               (abs)        0067
_GIE                                (abs)        005F
_INTE                               (abs)        005C
_INTEDG                             (abs)        040E
_INTF                               (abs)        0059
_PEIE                               (abs)        005E
_PORTA                              (abs)        0005
_PORTB                              (abs)        0006
_PS0                                (abs)        0408
_PS1                                (abs)        0409
_PS2                                (abs)        040A
_PSA                                (abs)        040B
_RA0                                (abs)        0028
_RA1                                (abs)        0029
_RA2                                (abs)        002A
_RA3                                (abs)        002B
_RA4                                (abs)        002C
_RBIE                               (abs)        005B
_RBIF                               (abs)        0058
_RCIE                               (abs)        0465
_RCIF                               (abs)        0065
_RCSTA                              (abs)        0018
_SPEN                               (abs)        00C7
_T0CS                               (abs)        040D
_T0IE                               (abs)        005D
_T0IF                               (abs)        005A
_T0SE                               (abs)        040C
_T1CON                              (abs)        0010
_TMR0                               (abs)        0001
_TMR1H                              (abs)        000F
_TMR1IE                             (abs)        0460
_TMR1IF                             (abs)        0060
_TMR1L                              (abs)        000E
_TMR2                               (abs)        0011
_TMR2IE                             (abs)        0461
_TMR2IF                             (abs)        0061
_TRISA                              (abs)        0085
_TRISB                              (abs)        0086
_TXIE                               (abs)        0464
_TXIF                               (abs)        0064
_TXSTA                              (abs)        0098
_VRCON                              (abs)        009F
__Habs1                             abs1         0000
__Hbank0                            bank0        0000
__Hbank1                            bank1        0000
__Hbank2                            bank2        0000
__Hbank3                            bank3        0000
__HbssBANK0                         bssBANK0     0000
__HbssBANK1                         bssBANK1     0000
__HbssCOMMON                        bssCOMMON    0000
__Hcinit                            cinit        0034
__Hclrtext                          clrtext      0000
__Hcode                             code         0000
__Hcommon                           common       0000
__Hconfig                           config       0000
__HcstackBANK0                      cstackBANK0  0000
__HcstackCOMMON                     cstackCOMMON 0000
__HdataBANK0                        dataBANK0    0000
__Heeprom_data                      eeprom_data  0000
__Hend_init                         end_init     000D
__Hfunctab                          functab      0000
__HidataBANK0                       idataBANK0   0000
__Hidloc                            idloc        0000
__Hinit                             init         000C
__Hintentry                         intentry     000C
__Hmaintext                         maintext     0000
__Hpowerup                          powerup      0000
__Hram                              ram          0000
__Hreset_vec                        reset_vec    0001
__Hsfr0                             sfr0         0000
__Hsfr1                             sfr1         0000
__Hsfr2                             sfr2         0000
__Hsfr3                             sfr3         0000
__Hspace_0                          (abs)        0800
__Hspace_1                          (abs)        00BA
__Hspace_2                          (abs)        0000
__Hspace_3                          (abs)        0000
__Hstack                            stack        0000
__Hstrings                          strings      0000
__Htext                             text         0000
__Labs1                             abs1         0000
__Lbank0                            bank0        0000
__Lbank1                            bank1        0000
__Lbank2                            bank2        0000
__Lbank3                            bank3        0000
__LbssBANK0                         bssBANK0     0000
__LbssBANK1                         bssBANK1     0000
__LbssCOMMON                        bssCOMMON    0000
__Lcinit                            cinit        000D
__Lclrtext                          clrtext      0000
__Lcode                             code         0000
__Lcommon                           common       0000
__Lconfig                           config       0000
__LcstackBANK0                      cstackBANK0  0000
__LcstackCOMMON                     cstackCOMMON 0000
__LdataBANK0                        dataBANK0    0000
__Leeprom_data                      eeprom_data  0000
__Lend_init                         end_init     000C
__Lfunctab                          functab      0000
__LidataBANK0                       idataBANK0   0000
__Lidloc                            idloc        0000
__Linit                             init         000C
__Lintentry                         intentry     0004
__Lmaintext                         maintext     0000
__Lpowerup                          powerup      0000
__Lram                              ram          0000
__Lreset_vec                        reset_vec    0000
__Lsfr0                             sfr0         0000
__Lsfr1                             sfr1         0000
__Lsfr2                             sfr2         0000
__Lsfr3                             sfr3         0000
__Lspace_0                          (abs)        0000
__Lspace_1                          (abs)        0000
__Lspace_2                          (abs)        0000
__Lspace_3                          (abs)        0000
__Lstack                            stack        0000
__Lstrings                          strings      0000
__Ltext                             text         0000
__S0                                (abs)        0800
__S1                                (abs)        00BA
__S2                                (abs)        0000
__S3                                (abs)        0000
___bmul                             text11       027F
___bmul@multiplicand                cstackBANK0  0020
___bmul@multiplier                  cstackBANK0  0023
___bmul@product                     cstackBANK0  0022
___int_sp                           stack        0000
___latbits                          (abs)        0000
___sp                               stack        0000
__end_of___bmul                     text11       0292
__end_of__initialization            cinit        0032
__end_of__stringtab                 strings      0306
__end_of_calculateBitsFromTable     text9        07DB
__end_of_codeToMatrix               strings      0386
__end_of_deviceDataInit             text10       07F3
__end_of_deviceDataUpdateKeyboard   text5        0690
__end_of_deviceDataUpdateMouse      text4        0568
__end_of_deviceLogic                strings      03D5
__end_of_deviceLogicMax             strings      03DE
__end_of_deviceLogicMouseIndex      strings      03DF
__end_of_importantKeys              strings      03E5
__end_of_kempstonMouseKeys          strings      03EB
__end_of_main                       maintext     024E
__end_of_myDelay                    text2        0800
__end_of_myIsr                      text12       060B
__end_of_processKeyCode             text6        04C0
__end_of_replaceOnDelayKeyDown      strings      03DD
__end_of_replaceOnShiftKeyDown      strings      03B0
__end_of_replaceTwoBytesCodes       strings      03CC
__end_of_send                       text3        06F5
__end_of_sendDataToAltera           text1        0796
__end_of_updateKey                  text7        074C
__end_of_updatePort                 text8        027F
__end_ofi1___bmul                   text13       02A3
__initialization                    cinit        000D
__pbssBANK0                         bssBANK0     0044
__pbssBANK1                         bssBANK1     00A0
__pbssCOMMON                        bssCOMMON    007A
__pcstackBANK0                      cstackBANK0  0020
__pcstackCOMMON                     cstackCOMMON 0070
__pdataBANK0                        dataBANK0    0059
__pidataBANK0                       idataBANK0   07F3
__pintentry                         intentry     0004
__pmaintext                         maintext     0034
__pstrings                          strings      0300
__ptext1                            text1        074C
__ptext10                           text10       07DB
__ptext11                           text11       027F
__ptext12                           text12       0568
__ptext13                           text13       0292
__ptext2                            text2        07FF
__ptext3                            text3        0690
__ptext4                            text4        04C0
__ptext5                            text5        060B
__ptext6                            text6        03EB
__ptext7                            text7        06F5
__ptext8                            text8        024E
__ptext9                            text9        0796
__size_of___bmul                    (abs)        0000
__size_of_calculateBitsFromTable    (abs)        0000
__size_of_deviceDataInit            (abs)        0000
__size_of_deviceDataUpdateKeyboard  (abs)        0000
__size_of_deviceDataUpdateMouse     (abs)        0000
__size_of_main                      (abs)        0000
__size_of_myDelay                   (abs)        0000
__size_of_myIsr                     (abs)        0000
__size_of_processKeyCode            (abs)        0000
__size_of_send                      (abs)        0000
__size_of_sendDataToAltera          (abs)        0000
__size_of_updateKey                 (abs)        0000
__size_of_updatePort                (abs)        0000
__size_ofi1___bmul                  (abs)        0000
__stringbase                        strings      0305
__stringtab                         strings      0300
_calculateBitsFromTable             text9        0796
_codeToMatrix                       strings      0306
_delay                              bssBANK0     0048
_delayedKey                         bssBANK0     004C
_deviceDataInit                     text10       07DB
_deviceDataUpdateKeyboard           text5        060B
_deviceDataUpdateKeyboard$187       cstackBANK0  0038
_deviceDataUpdateMouse              text4        04C0
_deviceLogic                        strings      03CC
_deviceLogicCommand                 bssBANK0     0054
_deviceLogicDelay                   bssBANK0     004A
_deviceLogicDevice                  bssBANK0     0052
_deviceLogicIndex                   bssBANK0     0055
_deviceLogicMax                     strings      03DD
_deviceLogicMouseIndex              strings      03DE
_deviceLogicState                   bssBANK0     0053
_devices                            bssBANK1     00A0
_importantKeys                      strings      03DF
_kempstonMouseCounterA              bssBANK0     0044
_kempstonMouseCounterB              bssBANK0     0051
_kempstonMouseCounterC              bssBANK0     0050
_kempstonMouseEmulatorDelay         bssBANK0     0046
_kempstonMouseEmulatorKeys          bssBANK0     0058
_kempstonMouseKeys                  strings      03E5
_main                               maintext     0034
_myDelay                            text2        07FF
_myIsr                              text12       0568
_nRBPU                              (abs)        040F
_needSave                           bssBANK0     004F
_numLock                            bssBANK0     004E
_outPorts                           dataBANK0    0059
_processKeyCode                     text6        03EB
_ps2Bits                            bssCOMMON    007C
_ps2BitsCount                       bssCOMMON    007B
_ps2DataState                       bssCOMMON    007D
_ps2Device                          bssCOMMON    007A
_ps2DeviceMain                      dataBANK0    0064
_ps2Parity                          bssBANK0     0056
_replaceOnDelayKeyDown              strings      03D5
_replaceOnShiftKeyDown              strings      0386
_replaceTwoBytesCodes               strings      03B0
_replaced                           bssBANK0     004D
_send                               text3        0690
_sendDataToAltera                   text1        074C
_sendDataToAltera$161               cstackBANK0  0022
_shift_ctrl_alt                     bssBANK0     0057
_updateKey                          text7        06F5
_updateKey$154                      cstackBANK0  0029
_updatePort                         text8        024E
btemp                               (abs)        007E
calculateBitsFromTable@bits         cstackBANK0  0021
calculateBitsFromTable@clearIfFound cstackBANK0  0024
calculateBitsFromTable@count        cstackBANK0  0023
calculateBitsFromTable@i            cstackBANK0  0028
calculateBitsFromTable@keyCode      cstackBANK0  0027
calculateBitsFromTable@keyDown      cstackBANK0  0020
calculateBitsFromTable@table        cstackBANK0  0022
clear_ram0                          clrtext      02A3
deviceDataInit@device               cstackBANK0  0020
deviceDataUpdateKeyboard@code       cstackBANK0  003B
deviceDataUpdateKeyboard@device     cstackBANK0  003C
deviceDataUpdateKeyboard@i          cstackBANK0  003A
deviceDataUpdateMouse@code          cstackBANK0  0022
deviceDataUpdateMouse@device        cstackBANK0  0024
deviceDataUpdateMouse@j             cstackBANK0  0023
end_of_initialization               cinit        0032
i1___bmul                           text13       0292
i1___bmul@multiplicand              cstackCOMMON 0070
i1___bmul@multiplier                cstackCOMMON 0072
i1___bmul@product                   cstackCOMMON 0073
interrupt_function                  intentry     0004
intlevel0                           functab      0000
intlevel1                           functab      0000
intlevel2                           functab      0000
intlevel3                           functab      0000
intlevel4                           functab      0000
intlevel5                           functab      0000
main@code                           cstackBANK0  0041
main@device                         cstackBANK0  0043
main@i                              cstackBANK0  003F
main@i_208                          cstackBANK0  0042
main@j                              cstackBANK0  0040
myIsr@device                        cstackCOMMON 0079
processKeyCode@i                    cstackBANK0  0034
processKeyCode@i_167                cstackBANK0  0033
processKeyCode@keyCode              cstackBANK0  0035
processKeyCode@keyDown              cstackBANK0  002D
reset_vec                           reset_vec    0000
saved_w                             (abs)        007E
send@byte                           cstackBANK0  0020
send@device                         cstackBANK0  0022
send@i                              cstackBANK0  0023
send@j                              cstackBANK0  0024
sendDataToAltera@i                  cstackBANK0  0024
stackhi                             (abs)        0000
stacklo                             (abs)        0000
start                               init         000C
start_initialization                cinit        000D
updateKey@code                      cstackBANK0  002C
updateKey@down                      cstackBANK0  0026
updateKey@key                       cstackBANK0  002B
updateKey@localCtrl                 cstackBANK0  002A
updateKey@localShift                cstackBANK0  0028
updatePort@a                        cstackBANK0  0024
updatePort@bit_id                   cstackBANK0  0025
updatePort@set                      cstackBANK0  0020
wtemp0                              (abs)        007E


FUNCTION INFORMATION:

 *************** function _main *****************
 Defined at:
		line 492 in file "main.c"
 Parameters:    Size  Location     Type
		None
 Auto vars:     Size  Location     Type
  j               1   32[BANK0 ] unsigned char 
  device          1   35[BANK0 ] PTR struct PS2DeviceData
		 -> devices(26), 
  i               1   34[BANK0 ] unsigned char 
  i               1   31[BANK0 ] char 
  code            1   33[BANK0 ] unsigned char 
 Return value:  Size  Location     Type
                  1    wreg      void 
 Registers used:
		wreg, fsr0l, fsr0h, status,2, status,0, pclath, cstack
 Tracked objects:
		On entry : 
		On exit  : 
		Unchanged: 
 Data sizes:     COMMON   BANK0   BANK1   BANK2
      Params:         0       0       0       0
      Locals:         0       5       0       0
      Temps:          0       2       0       0
      Totals:         0       7       0       0
Total ram usage:        7 bytes
 Hardware stack levels required when called:    6
 This function calls:
		___bmul
		_deviceDataInit
		_deviceDataUpdateKeyboard
		_deviceDataUpdateMouse
		_send
		_sendDataToAltera
		_updateKey
		_updatePort
 This function is called by:
		Startup code after reset
 This function uses a non-reentrant model


 *************** function _sendDataToAltera *****************
 Defined at:
		line 309 in file "main.c"
 Parameters:    Size  Location     Type
		None
 Auto vars:     Size  Location     Type
  i               1    4[BANK0 ] char 
 Return value:  Size  Location     Type
                  1    wreg      void 
 Registers used:
		wreg, fsr0l, fsr0h, status,2, status,0, pclath, cstack
 Tracked objects:
		On entry : 
		On exit  : 
		Unchanged: 
 Data sizes:     COMMON   BANK0   BANK1   BANK2
      Params:         0       0       0       0
      Locals:         0       3       0       0
      Temps:          0       2       0       0
      Totals:         0       5       0       0
Total ram usage:        5 bytes
 Hardware stack levels used:    1
 Hardware stack levels required when called:    3
 This function calls:
		_myDelay
 This function is called by:
		_main
 This function uses a non-reentrant model


 *************** function _myDelay *****************
 Defined at:
		line 304 in file "main.c"
 Parameters:    Size  Location     Type
		None
 Auto vars:     Size  Location     Type
		None
 Return value:  Size  Location     Type
                  1    wreg      void 
 Registers used:
		None
 Tracked objects:
		On entry : 
		On exit  : 
		Unchanged: 
 Data sizes:     COMMON   BANK0   BANK1   BANK2
      Params:         0       0       0       0
      Locals:         0       0       0       0
      Temps:          0       0       0       0
      Totals:         0       0       0       0
Total ram usage:        0 bytes
 Hardware stack levels used:    1
 Hardware stack levels required when called:    2
 This function calls:
		Nothing
 This function is called by:
		_sendDataToAltera
 This function uses a non-reentrant model


 *************** function _send *****************
 Defined at:
		line 215 in file "main.c"
 Parameters:    Size  Location     Type
  device          1    wreg     unsigned char 
  byte            1    0[BANK0 ] unsigned char 
 Auto vars:     Size  Location     Type
  device          1    2[BANK0 ] unsigned char 
  j               1    4[BANK0 ] unsigned char 
  i               1    3[BANK0 ] unsigned char 
 Return value:  Size  Location     Type
                  1    wreg      void 
 Registers used:
		wreg, status,2, status,0
 Tracked objects:
		On entry : 
		On exit  : 
		Unchanged: 
 Data sizes:     COMMON   BANK0   BANK1   BANK2
      Params:         0       1       0       0
      Locals:         0       3       0       0
      Temps:          0       1       0       0
      Totals:         0       5       0       0
Total ram usage:        5 bytes
 Hardware stack levels used:    1
 Hardware stack levels required when called:    2
 This function calls:
		Nothing
 This function is called by:
		_main
 This function uses a non-reentrant model


 *************** function _deviceDataUpdateMouse *****************
 Defined at:
		line 446 in file "main.c"
 Parameters:    Size  Location     Type
  device          1    wreg     PTR struct PS2DeviceData
		 -> devices(26), 
 Auto vars:     Size  Location     Type
  device          1    4[BANK0 ] PTR struct PS2DeviceData
		 -> devices(26), 
  j               1    3[BANK0 ] unsigned char 
  code            1    2[BANK0 ] unsigned char 
 Return value:  Size  Location     Type
                  1    wreg      void 
 Registers used:
		wreg, fsr0l, fsr0h, status,2, status,0
 Tracked objects:
		On entry : 
		On exit  : 
		Unchanged: 
 Data sizes:     COMMON   BANK0   BANK1   BANK2
      Params:         0       0       0       0
      Locals:         0       3       0       0
      Temps:          0       2       0       0
      Totals:         0       5       0       0
Total ram usage:        5 bytes
 Hardware stack levels used:    1
 Hardware stack levels required when called:    2
 This function calls:
		Nothing
 This function is called by:
		_main
 This function uses a non-reentrant model


 *************** function _deviceDataUpdateKeyboard *****************
 Defined at:
		line 417 in file "main.c"
 Parameters:    Size  Location     Type
  device          1    wreg     PTR struct PS2DeviceData
		 -> devices(26), 
 Auto vars:     Size  Location     Type
  device          1   28[BANK0 ] PTR struct PS2DeviceData
		 -> devices(26), 
  i               1   26[BANK0 ] char 
  code            1   27[BANK0 ] unsigned char 
 Return value:  Size  Location     Type
                  1    wreg      void 
 Registers used:
		wreg, fsr0l, fsr0h, status,2, status,0, pclath, cstack
 Tracked objects:
		On entry : 
		On exit  : 
		Unchanged: 
 Data sizes:     COMMON   BANK0   BANK1   BANK2
      Params:         0       0       0       0
      Locals:         0       5       0       0
      Temps:          0       2       0       0
      Totals:         0       7       0       0
Total ram usage:        7 bytes
 Hardware stack levels used:    1
 Hardware stack levels required when called:    5
 This function calls:
		_processKeyCode
 This function is called by:
		_main
 This function uses a non-reentrant model


 *************** function _processKeyCode *****************
 Defined at:
		line 330 in file "main.c"
 Parameters:    Size  Location     Type
  keyCode         1    wreg     unsigned char 
  keyDown         1   13[BANK0 ] unsigned char 
 Auto vars:     Size  Location     Type
  keyCode         1   21[BANK0 ] unsigned char 
  i               1   19[BANK0 ] char 
  i               1   20[BANK0 ] char 
 Return value:  Size  Location     Type
                  1    wreg      void 
 Registers used:
		wreg, fsr0l, fsr0h, status,2, status,0, pclath, cstack
 Tracked objects:
		On entry : 
		On exit  : 
		Unchanged: 
 Data sizes:     COMMON   BANK0   BANK1   BANK2
      Params:         0       1       0       0
      Locals:         0       3       0       0
      Temps:          0       5       0       0
      Totals:         0       9       0       0
Total ram usage:        9 bytes
 Hardware stack levels used:    1
 Hardware stack levels required when called:    4
 This function calls:
		_calculateBitsFromTable
		_updateKey
 This function is called by:
		_deviceDataUpdateKeyboard
 This function uses a non-reentrant model


 *************** function _updateKey *****************
 Defined at:
		line 286 in file "main.c"
 Parameters:    Size  Location     Type
  key             1    wreg     unsigned char 
  down            1    6[BANK0 ] unsigned char 
 Auto vars:     Size  Location     Type
  key             1   11[BANK0 ] unsigned char 
  code            1   12[BANK0 ] unsigned char 
  localCtrl       1   10[BANK0 ] unsigned char 
  localShift      1    8[BANK0 ] unsigned char 
 Return value:  Size  Location     Type
                  1    wreg      void 
 Registers used:
		wreg, fsr0l, fsr0h, status,2, status,0, pclath, cstack
 Tracked objects:
		On entry : 
		On exit  : 
		Unchanged: 
 Data sizes:     COMMON   BANK0   BANK1   BANK2
      Params:         0       1       0       0
      Locals:         0       5       0       0
      Temps:          0       1       0       0
      Totals:         0       7       0       0
Total ram usage:        7 bytes
 Hardware stack levels used:    1
 Hardware stack levels required when called:    3
 This function calls:
		_updatePort
 This function is called by:
		_processKeyCode
		_main
 This function uses a non-reentrant model


 *************** function _updatePort *****************
 Defined at:
		line 260 in file "main.c"
 Parameters:    Size  Location     Type
  bit_id          1    wreg     unsigned char 
  set             1    0[BANK0 ] unsigned char 
 Auto vars:     Size  Location     Type
  bit_id          1    5[BANK0 ] unsigned char 
  a               1    4[BANK0 ] unsigned char 
 Return value:  Size  Location     Type
                  1    wreg      void 
 Registers used:
		wreg, fsr0l, fsr0h, status,2, status,0
 Tracked objects:
		On entry : 
		On exit  : 
		Unchanged: 
 Data sizes:     COMMON   BANK0   BANK1   BANK2
      Params:         0       1       0       0
      Locals:         0       2       0       0
      Temps:          0       3       0       0
      Totals:         0       6       0       0
Total ram usage:        6 bytes
 Hardware stack levels used:    1
 Hardware stack levels required when called:    2
 This function calls:
		Nothing
 This function is called by:
		_updateKey
		_main
 This function uses a non-reentrant model


 *************** function _calculateBitsFromTable *****************
 Defined at:
		line 268 in file "main.c"
 Parameters:    Size  Location     Type
  keyCode         1    wreg     PTR unsigned char 
		 -> processKeyCode@keyCode(1), 
  keyDown         1    0[BANK0 ] PTR unsigned char 
		 -> processKeyCode@keyDown(1), 
  bits            1    1[BANK0 ] PTR unsigned char 
		 -> kempstonMouseEmulatorKeys(1), shift_ctrl_alt(1), 
  table           1    2[BANK0 ] PTR unsigned char 
		 -> kempstonMouseKeys(6), importantKeys(6), 
  count           1    3[BANK0 ] unsigned char 
  clearIfFound    1    4[BANK0 ] unsigned char 
 Auto vars:     Size  Location     Type
  keyCode         1    7[BANK0 ] PTR unsigned char 
		 -> processKeyCode@keyCode(1), 
  i               1    8[BANK0 ] unsigned char 
 Return value:  Size  Location     Type
                  1    wreg      void 
 Registers used:
		wreg, fsr0l, fsr0h, status,2, status,0, pclath
 Tracked objects:
		On entry : 
		On exit  : 
		Unchanged: 
 Data sizes:     COMMON   BANK0   BANK1   BANK2
      Params:         0       5       0       0
      Locals:         0       2       0       0
      Temps:          0       2       0       0
      Totals:         0       9       0       0
Total ram usage:        9 bytes
 Hardware stack levels used:    1
 Hardware stack levels required when called:    2
 This function calls:
		Nothing
 This function is called by:
		_processKeyCode
 This function uses a non-reentrant model


 *************** function _deviceDataInit *****************
 Defined at:
		line 407 in file "main.c"
 Parameters:    Size  Location     Type
  device          1    wreg     PTR struct PS2DeviceData
		 -> devices(26), 
 Auto vars:     Size  Location     Type
  device          1    0[BANK0 ] PTR struct PS2DeviceData
		 -> devices(26), 
 Return value:  Size  Location     Type
                  1    wreg      void 
 Registers used:
		wreg, fsr0l, fsr0h, status,2, status,0
 Tracked objects:
		On entry : 
		On exit  : 
		Unchanged: 
 Data sizes:     COMMON   BANK0   BANK1   BANK2
      Params:         0       0       0       0
      Locals:         0       1       0       0
      Temps:          0       0       0       0
      Totals:         0       1       0       0
Total ram usage:        1 bytes
 Hardware stack levels used:    1
 Hardware stack levels required when called:    2
 This function calls:
		Nothing
 This function is called by:
		_main
 This function uses a non-reentrant model


 *************** function ___bmul *****************
 Defined at:
		line 4 in file "C:\Program Files (x86)\Microchip\xc8\v2.00\pic\sources\c90\common\Umul8.c"
 Parameters:    Size  Location     Type
  multiplier      1    wreg     unsigned char 
  multiplicand    1    0[BANK0 ] unsigned char 
 Auto vars:     Size  Location     Type
  multiplier      1    3[BANK0 ] unsigned char 
  product         1    2[BANK0 ] unsigned char 
 Return value:  Size  Location     Type
                  1    wreg      unsigned char 
 Registers used:
		wreg, status,2, status,0
 Tracked objects:
		On entry : 
		On exit  : 
		Unchanged: 
 Data sizes:     COMMON   BANK0   BANK1   BANK2
      Params:         0       1       0       0
      Locals:         0       2       0       0
      Temps:          0       1       0       0
      Totals:         0       4       0       0
Total ram usage:        4 bytes
 Hardware stack levels used:    1
 Hardware stack levels required when called:    2
 This function calls:
		Nothing
 This function is called by:
		_myIsr
		_main
 This function uses a non-reentrant model


 *************** function _myIsr *****************
 Defined at:
		line 154 in file "main.c"
 Parameters:    Size  Location     Type
		None
 Auto vars:     Size  Location     Type
  device          1    9[COMMON] PTR struct PS2DeviceData
		 -> devices(26), 
 Return value:  Size  Location     Type
                  1    wreg      void 
 Registers used:
		wreg, fsr0l, fsr0h, status,2, status,0, pclath, cstack
 Tracked objects:
		On entry : 
		On exit  : 
		Unchanged: 
 Data sizes:     COMMON   BANK0   BANK1   BANK2
      Params:         0       0       0       0
      Locals:         1       0       0       0
      Temps:          5       0       0       0
      Totals:         6       0       0       0
Total ram usage:        6 bytes
 Hardware stack levels used:    1
 Hardware stack levels required when called:    1
 This function calls:
		i1___bmul
 This function is called by:
		Interrupt level 1
 This function uses a non-reentrant model


 *************** function i1___bmul *****************
 Defined at:
		line 4 in file "C:\Program Files (x86)\Microchip\xc8\v2.00\pic\sources\c90\common\Umul8.c"
 Parameters:    Size  Location     Type
  multiplier      1    wreg     unsigned char 
  multiplicand    1    0[COMMON] unsigned char 
 Auto vars:     Size  Location     Type
  multiplier      1    2[COMMON] unsigned char 
  __bmul          1    3[COMMON] unsigned char 
 Return value:  Size  Location     Type
                  1    wreg      unsigned char 
 Registers used:
		wreg, status,2, status,0
 Tracked objects:
		On entry : 
		On exit  : 
		Unchanged: 
 Data sizes:     COMMON   BANK0   BANK1   BANK2
      Params:         1       0       0       0
      Locals:         2       0       0       0
      Temps:          1       0       0       0
      Totals:         4       0       0       0
Total ram usage:        4 bytes
 Hardware stack levels used:    1
 This function calls:
		Nothing
 This function is called by:
		_myIsr
 This function uses a non-reentrant model



MODULE INFORMATION

Module		Function		Class		Link	Load	Size
C:\Program Files (x86)\Microchip\xc8\v2.00\pic\sources\c90\common\Umul8.c
		___bmul        		CODE           	027F	0000	20

C:\Program Files (x86)\Microchip\xc8\v2.00\pic\sources\c90\common\Umul8.c estimated size: 20

shared
		__stringtab    		STRING         	0300	0000	7
		_kempstonMouseKeys		STRING         	03E5	0000	7
		_codeToMatrix  		STRING         	0306	0000	129
		_importantKeys 		STRING         	03DF	0000	7
		_replaceTwoBytesCodes		STRING         	03B0	0000	29
		_deviceLogicMouseIndex		STRING         	03DE	0000	2
		__initialization		CODE           	000D	0000	38
		_deviceLogic   		STRING         	03CC	0000	10
		_replaceOnShiftKeyDown		STRING         	0386	0000	43
		_replaceOnDelayKeyDown		STRING         	03D5	0000	9
		_deviceLogicMax		STRING         	03DD	0000	2
		i1___bmul      		CODE           	0292	0000	18

shared estimated size: 301

main.c
		_updatePort    		CODE           	024E	0000	50
		_deviceDataInit		CODE           	07DB	0000	25
		_main          		CODE           	0034	0000	539
		_processKeyCode		CODE           	03EB	0000	214
		_calculateBitsFromTable		CODE           	0796	0000	70
		_myIsr         		CODE           	0568	0000	164
		_deviceDataUpdateKeyboard		CODE           	060B	0000	134
		_deviceDataUpdateMouse		CODE           	04C0	0000	169
		_myDelay       		CODE           	07FF	0000	2
		_updateKey     		CODE           	06F5	0000	88
		_sendDataToAltera		CODE           	074C	0000	75
		_send          		CODE           	0690	0000	102

main.c estimated size: 1632

