Microchip MPLAB XC8 Compiler V2.00 ()

Linker command line:

-W-3 --edf=C:\Program Files (x86)\Microchip\xc8\v2.00\pic\dat\en_msgs.txt \
  -cs -h+dist/default/production\pic16F628A.production.sym \
  --cmf=dist/default/production\pic16F628A.production.cmf -z -Q16F628A \
  -oC:\Users\FOMONS~1\AppData\Local\Temp\scu4.2 \
  -Mdist/default/production/pic16F628A.production.map -E1 -ver=XC8 \
  --acfsm=1493 -ASTACK=0C0h-0efh -pstack=STACK -ACODE=00h-07FFh \
  -ASTRCODE=00h-07FFh -ASTRING=00h-0FFhx8 -ACONST=00h-0FFhx8 \
  -AENTRY=00h-0FFhx8 -ACOMMON=070h-07Fh -ABANK0=020h-06Fh -ABANK1=0A0h-0EFh \
  -ABANK2=0120h-014Fh -ARAM=020h-06Fh,0A0h-0EFh,0120h-014Fh \
  -AABS1=020h-07Fh,0A0h-0EFh,0120h-014Fh -ASFR0=00h-01Fh -ASFR1=080h-09Fh \
  -ASFR2=0100h-011Fh -ASFR3=0180h-01EFh \
  -preset_vec=00h,intentry=04h,init,end_init -ppowerup=CODE -pcinit=CODE \
  -pfunctab=ENTRY -ACONFIG=02007h-02007h -pconfig=CONFIG -DCONFIG=2 \
  -AIDLOC=02000h-02003h -pidloc=IDLOC -DIDLOC=2 -AEEDATA=00h-07Fh/02100h \
  -peeprom_data=EEDATA -DEEDATA=2 -DCODE=2 -DSTRCODE=2 -DSTRING=2 -DCONST=2 \
  -DENTRY=2 -k C:\Users\FOMONS~1\AppData\Local\Temp\scu4.o \
  dist/default/production\pic16F628A.production.o 

Object code version is 3.11

Machine type is 16F628A



                Name                               Link     Load   Length Selector   Space Scale
C:\Users\FOMONS~1\AppData\Local\Temp\scu4.o
                end_init                              C        C        1        8       0
                reset_vec                             0        0        1        0       0
dist/default/production\pic16F628A.production.o
                cinit                                 D        D       25        8       0
                intentry                              4        4        8        8       0
                text10                              375      375       95      3C0       0
                text9                               487      487       63      3C0       0
                text8                               5FD      5FD       1F      3C0       0
                text7                               587      587       45      3C0       0
                text6                               5CC      5CC       31      3C0       0
                text5                               4EA      4EA       53      3C0       0
                text4                               1E0      1E0       D5      3C0       0
                text3                               40A      40A       7D      3C0       0
                text2                               62F      62F        1      3C0       0
                text1                               53D      53D       4A      3C0       0
                maintext                            2B5      2B5       C0      3C0       0
                cstackBANK0                          20       20       1F       20       1
                cstackCOMMON                         76       76        6       70       1
                clrtext                             627      627        8      3C0       0
                bssBANK1                             A0       A0       20       A0       1
                dataBANK0                            3F       3F        B       20       1
                bssBANK0                             4A       4A        9       20       1
                bssCOMMON                            70       70        6       70       1
                strings                             100      100       E0      200       0
                idataBANK0                          61C      61C        B      3C0       0

TOTAL           Name                               Link     Load   Length     Space
        CLASS   STACK          

        CLASS   CODE           
                end_init                              C        C        1         0
                cinit                                 D        D       25         0
                intentry                              4        4        8         0
                reset_vec                             0        0        1         0
                text10                              375      375       95         0
                text9                               487      487       63         0
                text8                               5FD      5FD       1F         0
                text7                               587      587       45         0
                text6                               5CC      5CC       31         0
                text5                               4EA      4EA       53         0
                text4                               1E0      1E0       D5         0
                text3                               40A      40A       7D         0
                text2                               62F      62F        1         0
                text1                               53D      53D       4A         0
                maintext                            2B5      2B5       C0         0
                clrtext                             627      627        8         0
                idataBANK0                          61C      61C        B         0

        CLASS   STRCODE        

        CLASS   STRING         
                strings                             100      100       E0         0

        CLASS   CONST          

        CLASS   ENTRY          

        CLASS   COMMON         
                cstackCOMMON                         76       76        6         1
                bssCOMMON                            70       70        6         1

        CLASS   BANK0          
                cstackBANK0                          20       20       1F         1
                dataBANK0                            3F       3F        B         1
                bssBANK0                             4A       4A        9         1

        CLASS   BANK1          
                bssBANK1                             A0       A0       20         1

        CLASS   BANK2          

        CLASS   RAM            

        CLASS   ABS1           
                abs_s1                               7E       7E        2         1

        CLASS   SFR0           

        CLASS   SFR1           

        CLASS   SFR2           

        CLASS   SFR3           

        CLASS   CONFIG         

        CLASS   IDLOC          

        CLASS   EEDATA         

        CLASS   BANK3          



SEGMENTS        Name                           Load    Length   Top    Selector   Space  Class     Delta

                reset_vec                      000000  000001  000001         0       0  CODE        2
                intentry                       000004  00002E  000032         8       0  CODE        2
                cstackBANK0                    000020  000033  000053        20       1  BANK0       1
                bssCOMMON                      000070  00000C  00007C        70       1  COMMON      1
                bssBANK1                       0000A0  000020  0000C0        A0       1  BANK1       1
                strings                        000100  0000E0  0001E0       200       0  STRING      2
                text4                          0001E0  000450  000630       3C0       0  CODE        2


UNUSED ADDRESS RANGES

        Name                Unused          Largest block    Delta
        BANK0            053-06F            1D           1
        BANK1            0C0-0EF            30           1
        BANK2            120-14F            30           1
        CODE             001-003             3           2
                         032-0FF            CE
                         630-7FF           1D0
        COMMON           07C-07D             2           1
        CONFIG           2007-2007             1           2
        CONST            001-003             3           2
                         032-0FF            CE
                         630-7FF            D0
        EEDATA           2100-217F            80           2
        ENTRY            001-003             3           2
                         032-0FF            CE
                         630-7FF            D0
        IDLOC            2000-2003             4           2
        RAM              053-06F            1D           1
                         0C0-0EF            30
                         120-14F            30
        SFR0             000-01F            20           1
        SFR1             080-09F            20           1
        SFR2             100-11F            20           1
        SFR3             180-1EF            70           1
        STACK            0C0-0EF            30           1
        STRCODE          001-003             3           2
                         032-0FF            CE
                         630-7FF           1D0
        STRING           001-003             3           2
                         032-0FF            CE
                         630-7FF            D0

                                  Symbol Table

_CCP1CON                            (abs)        017
_CCP1IE                             (abs)        462
_CCP1IF                             (abs)        062
_CCPR1H                             (abs)        016
_CCPR1L                             (abs)        015
_CMCON                              (abs)        01F
_CMIE                               (abs)        466
_CMIF                               (abs)        066
_EEIE                               (abs)        467
_EEIF                               (abs)        067
_GIE                                (abs)        05F
_INTE                               (abs)        05C
_INTEDG                             (abs)        40E
_INTF                               (abs)        059
_PEIE                               (abs)        05E
_PORTA                              (abs)        005
_PORTB                              (abs)        006
_PS0                                (abs)        408
_PS1                                (abs)        409
_PS2                                (abs)        40A
_PSA                                (abs)        40B
_RA0                                (abs)        028
_RA1                                (abs)        029
_RA2                                (abs)        02A
_RA3                                (abs)        02B
_RA4                                (abs)        02C
_RBIE                               (abs)        05B
_RBIF                               (abs)        058
_RCIE                               (abs)        465
_RCIF                               (abs)        065
_RCSTA                              (abs)        018
_SPEN                               (abs)        0C7
_T0CS                               (abs)        40D
_T0IE                               (abs)        05D
_T0IF                               (abs)        05A
_T0SE                               (abs)        40C
_T1CON                              (abs)        010
_TMR0                               (abs)        001
_TMR1H                              (abs)        00F
_TMR1IE                             (abs)        460
_TMR1IF                             (abs)        060
_TMR1L                              (abs)        00E
_TMR2                               (abs)        011
_TMR2IE                             (abs)        461
_TMR2IF                             (abs)        061
_TRISA                              (abs)        085
_TRISB                              (abs)        086
_TXIE                               (abs)        464
_TXIF                               (abs)        064
_TXSTA                              (abs)        098
_VRCON                              (abs)        09F
__Habs1                             abs1         000
__Hbank0                            bank0        000
__Hbank1                            bank1        000
__Hbank2                            bank2        000
__Hbank3                            bank3        000
__HbssBANK0                         bssBANK0     000
__HbssBANK1                         bssBANK1     000
__HbssCOMMON                        bssCOMMON    000
__Hcinit                            cinit        032
__Hclrtext                          clrtext      000
__Hcode                             code         000
__Hcommon                           common       000
__Hconfig                           config       000
__HcstackBANK0                      cstackBANK0  000
__HcstackCOMMON                     cstackCOMMON 000
__HdataBANK0                        dataBANK0    000
__Heeprom_data                      eeprom_data  000
__Hend_init                         end_init     00D
__Hfunctab                          functab      000
__HidataBANK0                       idataBANK0   000
__Hidloc                            idloc        000
__Hinit                             init         00C
__Hintentry                         intentry     00C
__Hmaintext                         maintext     000
__Hpowerup                          powerup      000
__Hram                              ram          000
__Hreset_vec                        reset_vec    001
__Hsfr0                             sfr0         000
__Hsfr1                             sfr1         000
__Hsfr2                             sfr2         000
__Hsfr3                             sfr3         000
__Hspace_0                          (abs)        630
__Hspace_1                          (abs)        0C0
__Hspace_2                          (abs)        000
__Hspace_3                          (abs)        000
__Hstack                            stack        000
__Hstrings                          strings      000
__Htext                             text         000
__Labs1                             abs1         000
__Lbank0                            bank0        000
__Lbank1                            bank1        000
__Lbank2                            bank2        000
__Lbank3                            bank3        000
__LbssBANK0                         bssBANK0     000
__LbssBANK1                         bssBANK1     000
__LbssCOMMON                        bssCOMMON    000
__Lcinit                            cinit        00D
__Lclrtext                          clrtext      000
__Lcode                             code         000
__Lcommon                           common       000
__Lconfig                           config       000
__LcstackBANK0                      cstackBANK0  000
__LcstackCOMMON                     cstackCOMMON 000
__LdataBANK0                        dataBANK0    000
__Leeprom_data                      eeprom_data  000
__Lend_init                         end_init     00C
__Lfunctab                          functab      000
__LidataBANK0                       idataBANK0   000
__Lidloc                            idloc        000
__Linit                             init         00C
__Lintentry                         intentry     004
__Lmaintext                         maintext     000
__Lpowerup                          powerup      000
__Lram                              ram          000
__Lreset_vec                        reset_vec    000
__Lsfr0                             sfr0         000
__Lsfr1                             sfr1         000
__Lsfr2                             sfr2         000
__Lsfr3                             sfr3         000
__Lspace_0                          (abs)        000
__Lspace_1                          (abs)        000
__Lspace_2                          (abs)        000
__Lspace_3                          (abs)        000
__Lstack                            stack        000
__Lstrings                          strings      000
__Ltext                             text         000
__S0                                (abs)        630
__S1                                (abs)        0C0
__S2                                (abs)        000
__S3                                (abs)        000
___int_sp                           stack        000
___latbits                          (abs)        000
___sp                               stack        000
__end_of__initialization            cinit        030
__end_of__stringtab                 strings      106
__end_of_calculateBitsFromTable     text7        5CC
__end_of_codeToMatrix               strings      186
__end_of_deviceDataInit             text9        4EA
__end_of_deviceDataRead             text8        61C
__end_of_deviceDataUpdate           text3        487
__end_of_importantKeys              strings      1DA
__end_of_kempstonMouseKeys          strings      1E0
__end_of_main                       maintext     375
__end_of_myDelay                    text2        630
__end_of_myIsr                      text10       40A
__end_of_processKeyCode             text4        2B5
__end_of_replaceOnDelayKeyDown      strings      1D4
__end_of_replaceOnShiftKeyDown      strings      1B0
__end_of_replaceTwoBytesCodes       strings      1CC
__end_of_sendDataToAltera           text1        587
__end_of_updateKey                  text5        53D
__end_of_updatePort                 text6        5FD
__initialization                    cinit        00D
__pbssBANK0                         bssBANK0     04A
__pbssBANK1                         bssBANK1     0A0
__pbssCOMMON                        bssCOMMON    070
__pcstackBANK0                      cstackBANK0  020
__pcstackCOMMON                     cstackCOMMON 076
__pdataBANK0                        dataBANK0    03F
__pidataBANK0                       idataBANK0   61C
__pintentry                         intentry     004
__pmaintext                         maintext     2B5
__pstrings                          strings      100
__ptext1                            text1        53D
__ptext10                           text10       375
__ptext2                            text2        62F
__ptext3                            text3        40A
__ptext4                            text4        1E0
__ptext5                            text5        4EA
__ptext6                            text6        5CC
__ptext7                            text7        587
__ptext8                            text8        5FD
__ptext9                            text9        487
__size_of_calculateBitsFromTable    (abs)        000
__size_of_deviceDataInit            (abs)        000
__size_of_deviceDataRead            (abs)        000
__size_of_deviceDataUpdate          (abs)        000
__size_of_main                      (abs)        000
__size_of_myDelay                   (abs)        000
__size_of_myIsr                     (abs)        000
__size_of_processKeyCode            (abs)        000
__size_of_sendDataToAltera          (abs)        000
__size_of_updateKey                 (abs)        000
__size_of_updatePort                (abs)        000
__stringbase                        strings      105
__stringtab                         strings      100
_calculateBitsFromTable             text7        587
_codeToMatrix                       strings      106
_delay                              bssBANK0     04C
_delayedKey                         bssBANK0     04E
_deviceDataInit                     text9        487
_deviceDataRead                     text8        5FD
_deviceDataUpdate                   text3        40A
_deviceDataUpdate$197               cstackBANK0  038
_devices                            bssBANK1     0A0
_importantKeys                      strings      1D4
_kempstonMouseEmulatorDelay         bssBANK0     04A
_kempstonMouseEmulatorKeys          bssBANK0     052
_kempstonMouseKeys                  strings      1DA
_main                               maintext     2B5
_myDelay                            text2        62F
_myIsr                              text10       375
_nRBPU                              (abs)        40F
_needSave                           bssBANK0     050
_numLock                            bssBANK0     04F
_outPorts                           dataBANK0    03F
_processKeyCode                     text4        1E0
_ps2Bits                            bssCOMMON    073
_ps2BitsCount                       bssCOMMON    071
_ps2DataState                       bssCOMMON    074
_ps2Device                          bssBANK0     051
_ps2Parity                          bssCOMMON    072
_replaceOnDelayKeyDown              strings      1CC
_replaceOnShiftKeyDown              strings      186
_replaceTwoBytesCodes               strings      1B0
_replaced                           bssCOMMON    070
_sendDataToAltera                   text1        53D
_sendDataToAltera$155               cstackBANK0  022
_shift_ctrl_alt                     bssCOMMON    075
_updateKey                          text5        4EA
_updateKey$148                      cstackBANK0  02A
_updatePort                         text6        5CC
btemp                               (abs)        07E
calculateBitsFromTable@bits         cstackBANK0  021
calculateBitsFromTable@clearIfFound cstackBANK0  024
calculateBitsFromTable@count        cstackBANK0  023
calculateBitsFromTable@i            cstackBANK0  028
calculateBitsFromTable@keyCode      cstackBANK0  027
calculateBitsFromTable@keyDown      cstackBANK0  020
calculateBitsFromTable@table        cstackBANK0  022
clear_ram0                          clrtext      627
deviceDataInit@device               cstackBANK0  020
deviceDataRead@code                 cstackBANK0  022
deviceDataRead@device               cstackBANK0  023
deviceDataUpdate@code               cstackBANK0  03B
deviceDataUpdate@device             cstackBANK0  03C
deviceDataUpdate@i                  cstackBANK0  03A
end_of_initialization               cinit        030
interrupt_function                  intentry     004
intlevel0                           functab      000
intlevel1                           functab      000
intlevel2                           functab      000
intlevel3                           functab      000
intlevel4                           functab      000
intlevel5                           functab      000
main@i                              cstackBANK0  03E
myIsr@device                        cstackCOMMON 07B
processKeyCode@i                    cstackBANK0  034
processKeyCode@i_161                cstackBANK0  033
processKeyCode@keyCode              cstackBANK0  035
processKeyCode@keyDown              cstackBANK0  02D
reset_vec                           reset_vec    000
saved_w                             (abs)        07E
sendDataToAltera@i                  cstackBANK0  024
stackhi                             (abs)        000
stacklo                             (abs)        000
start                               init         00C
start_initialization                cinit        00D
updateKey@code                      cstackBANK0  02C
updateKey@down                      cstackBANK0  026
updateKey@key                       cstackBANK0  028
updateKey@localCtrl                 cstackBANK0  02B
updateKey@localShift                cstackBANK0  029
updatePort@a                        cstackBANK0  024
updatePort@bit_id                   cstackBANK0  025
updatePort@set                      cstackBANK0  020
wtemp0                              (abs)        07E


FUNCTION INFORMATION:

 *************** function _main *****************
 Defined at:
		line 504 in file "main.c"
 Parameters:    Size  Location     Type
		None
 Auto vars:     Size  Location     Type
  i               1   30[BANK0 ] char 
 Return value:  Size  Location     Type
                  1    wreg      void 
 Registers used:
		wreg, fsr0l, fsr0h, status,2, status,0, pclath, cstack
 Tracked objects:
		On entry : 
		On exit  : 
		Unchanged: 
 Data sizes:     COMMON   BANK0   BANK1   BANK2
      Params:         0       0       0       0
      Locals:         0       1       0       0
      Temps:          0       1       0       0
      Totals:         0       2       0       0
Total ram usage:        2 bytes
 Hardware stack levels required when called:    5
 This function calls:
		_deviceDataInit
		_deviceDataUpdate
		_sendDataToAltera
 This function is called by:
		Startup code after reset
 This function uses a non-reentrant model


 *************** function _sendDataToAltera *****************
 Defined at:
		line 303 in file "main.c"
 Parameters:    Size  Location     Type
		None
 Auto vars:     Size  Location     Type
  i               1    4[BANK0 ] char 
 Return value:  Size  Location     Type
                  1    wreg      void 
 Registers used:
		wreg, fsr0l, fsr0h, status,2, status,0, pclath, cstack
 Tracked objects:
		On entry : 
		On exit  : 
		Unchanged: 
 Data sizes:     COMMON   BANK0   BANK1   BANK2
      Params:         0       0       0       0
      Locals:         0       3       0       0
      Temps:          0       2       0       0
      Totals:         0       5       0       0
Total ram usage:        5 bytes
 Hardware stack levels used:    1
 Hardware stack levels required when called:    2
 This function calls:
		_myDelay
 This function is called by:
		_main
 This function uses a non-reentrant model


 *************** function _myDelay *****************
 Defined at:
		line 298 in file "main.c"
 Parameters:    Size  Location     Type
		None
 Auto vars:     Size  Location     Type
		None
 Return value:  Size  Location     Type
                  1    wreg      void 
 Registers used:
		None
 Tracked objects:
		On entry : 
		On exit  : 
		Unchanged: 
 Data sizes:     COMMON   BANK0   BANK1   BANK2
      Params:         0       0       0       0
      Locals:         0       0       0       0
      Temps:          0       0       0       0
      Totals:         0       0       0       0
Total ram usage:        0 bytes
 Hardware stack levels used:    1
 Hardware stack levels required when called:    1
 This function calls:
		Nothing
 This function is called by:
		_sendDataToAltera
 This function uses a non-reentrant model


 *************** function _deviceDataUpdate *****************
 Defined at:
		line 415 in file "main.c"
 Parameters:    Size  Location     Type
  device          1    wreg     PTR struct PS2DeviceData
		 -> devices(32), 
 Auto vars:     Size  Location     Type
  device          1   28[BANK0 ] PTR struct PS2DeviceData
		 -> devices(32), 
  i               1   26[BANK0 ] char 
  code            1   27[BANK0 ] unsigned char 
 Return value:  Size  Location     Type
                  1    wreg      void 
 Registers used:
		wreg, fsr0l, fsr0h, status,2, status,0, pclath, cstack
 Tracked objects:
		On entry : 
		On exit  : 
		Unchanged: 
 Data sizes:     COMMON   BANK0   BANK1   BANK2
      Params:         0       0       0       0
      Locals:         0       5       0       0
      Temps:          0       2       0       0
      Totals:         0       7       0       0
Total ram usage:        7 bytes
 Hardware stack levels used:    1
 Hardware stack levels required when called:    4
 This function calls:
		_deviceDataRead
		_processKeyCode
 This function is called by:
		_main
 This function uses a non-reentrant model


 *************** function _processKeyCode *****************
 Defined at:
		line 324 in file "main.c"
 Parameters:    Size  Location     Type
  keyCode         1    wreg     unsigned char 
  keyDown         1   13[BANK0 ] unsigned char 
 Auto vars:     Size  Location     Type
  keyCode         1   21[BANK0 ] unsigned char 
  i               1   19[BANK0 ] char 
  i               1   20[BANK0 ] char 
 Return value:  Size  Location     Type
                  1    wreg      void 
 Registers used:
		wreg, fsr0l, fsr0h, status,2, status,0, pclath, cstack
 Tracked objects:
		On entry : 
		On exit  : 
		Unchanged: 
 Data sizes:     COMMON   BANK0   BANK1   BANK2
      Params:         0       1       0       0
      Locals:         0       3       0       0
      Temps:          0       5       0       0
      Totals:         0       9       0       0
Total ram usage:        9 bytes
 Hardware stack levels used:    1
 Hardware stack levels required when called:    3
 This function calls:
		_calculateBitsFromTable
		_updateKey
 This function is called by:
		_deviceDataUpdate
 This function uses a non-reentrant model


 *************** function _updateKey *****************
 Defined at:
		line 280 in file "main.c"
 Parameters:    Size  Location     Type
  key             1    wreg     unsigned char 
  down            1    6[BANK0 ] unsigned char 
 Auto vars:     Size  Location     Type
  key             1    8[BANK0 ] unsigned char 
  code            1   12[BANK0 ] unsigned char 
  localCtrl       1   11[BANK0 ] unsigned char 
  localShift      1    9[BANK0 ] unsigned char 
 Return value:  Size  Location     Type
                  1    wreg      void 
 Registers used:
		wreg, fsr0l, fsr0h, status,2, status,0, pclath, cstack
 Tracked objects:
		On entry : 
		On exit  : 
		Unchanged: 
 Data sizes:     COMMON   BANK0   BANK1   BANK2
      Params:         0       1       0       0
      Locals:         0       5       0       0
      Temps:          0       1       0       0
      Totals:         0       7       0       0
Total ram usage:        7 bytes
 Hardware stack levels used:    1
 Hardware stack levels required when called:    2
 This function calls:
		_updatePort
 This function is called by:
		_processKeyCode
 This function uses a non-reentrant model


 *************** function _updatePort *****************
 Defined at:
		line 254 in file "main.c"
 Parameters:    Size  Location     Type
  bit_id          1    wreg     unsigned char 
  set             1    0[BANK0 ] unsigned char 
 Auto vars:     Size  Location     Type
  bit_id          1    5[BANK0 ] unsigned char 
  a               1    4[BANK0 ] unsigned char 
 Return value:  Size  Location     Type
                  1    wreg      void 
 Registers used:
		wreg, fsr0l, fsr0h, status,2, status,0
 Tracked objects:
		On entry : 
		On exit  : 
		Unchanged: 
 Data sizes:     COMMON   BANK0   BANK1   BANK2
      Params:         0       1       0       0
      Locals:         0       2       0       0
      Temps:          0       3       0       0
      Totals:         0       6       0       0
Total ram usage:        6 bytes
 Hardware stack levels used:    1
 Hardware stack levels required when called:    1
 This function calls:
		Nothing
 This function is called by:
		_updateKey
 This function uses a non-reentrant model


 *************** function _calculateBitsFromTable *****************
 Defined at:
		line 262 in file "main.c"
 Parameters:    Size  Location     Type
  keyCode         1    wreg     PTR unsigned char 
		 -> processKeyCode@keyCode(1), 
  keyDown         1    0[BANK0 ] PTR unsigned char 
		 -> processKeyCode@keyDown(1), 
  bits            1    1[BANK0 ] PTR unsigned char 
		 -> kempstonMouseEmulatorKeys(1), shift_ctrl_alt(1), 
  table           1    2[BANK0 ] PTR unsigned char 
		 -> kempstonMouseKeys(6), importantKeys(6), 
  count           1    3[BANK0 ] unsigned char 
  clearIfFound    1    4[BANK0 ] unsigned char 
 Auto vars:     Size  Location     Type
  keyCode         1    7[BANK0 ] PTR unsigned char 
		 -> processKeyCode@keyCode(1), 
  i               1    8[BANK0 ] unsigned char 
 Return value:  Size  Location     Type
                  1    wreg      void 
 Registers used:
		wreg, fsr0l, fsr0h, status,2, status,0, pclath
 Tracked objects:
		On entry : 
		On exit  : 
		Unchanged: 
 Data sizes:     COMMON   BANK0   BANK1   BANK2
      Params:         0       5       0       0
      Locals:         0       2       0       0
      Temps:          0       2       0       0
      Totals:         0       9       0       0
Total ram usage:        9 bytes
 Hardware stack levels used:    2
 Hardware stack levels required when called:    1
 This function calls:
		Nothing
 This function is called by:
		_processKeyCode
 This function uses a non-reentrant model


 *************** function _deviceDataRead *****************
 Defined at:
		line 408 in file "main.c"
 Parameters:    Size  Location     Type
  device          1    wreg     PTR struct PS2DeviceData
		 -> devices(32), 
 Auto vars:     Size  Location     Type
  device          1    3[BANK0 ] PTR struct PS2DeviceData
		 -> devices(32), 
  code            1    2[BANK0 ] unsigned char 
 Return value:  Size  Location     Type
                  1    wreg      unsigned char 
 Registers used:
		wreg, fsr0l, fsr0h, status,2, status,0
 Tracked objects:
		On entry : 
		On exit  : 
		Unchanged: 
 Data sizes:     COMMON   BANK0   BANK1   BANK2
      Params:         0       0       0       0
      Locals:         0       2       0       0
      Temps:          0       2       0       0
      Totals:         0       4       0       0
Total ram usage:        4 bytes
 Hardware stack levels used:    1
 Hardware stack levels required when called:    1
 This function calls:
		Nothing
 This function is called by:
		_deviceDataUpdate
 This function uses a non-reentrant model


 *************** function _deviceDataInit *****************
 Defined at:
		line 397 in file "main.c"
 Parameters:    Size  Location     Type
  device          2    0[BANK0 ] PTR struct PS2DeviceData
		 -> RAM(512), NULL(0), 
 Auto vars:     Size  Location     Type
		None
 Return value:  Size  Location     Type
                  1    wreg      void 
 Registers used:
		wreg, fsr0l, fsr0h, status,2, status,0
 Tracked objects:
		On entry : 
		On exit  : 
		Unchanged: 
 Data sizes:     COMMON   BANK0   BANK1   BANK2
      Params:         0       2       0       0
      Locals:         0       0       0       0
      Temps:          0       2       0       0
      Totals:         0       4       0       0
Total ram usage:        4 bytes
 Hardware stack levels used:    1
 Hardware stack levels required when called:    1
 This function calls:
		Nothing
 This function is called by:
		_main
 This function uses a non-reentrant model


 *************** function _myIsr *****************
 Defined at:
		line 156 in file "main.c"
 Parameters:    Size  Location     Type
		None
 Auto vars:     Size  Location     Type
  device          1    5[COMMON] PTR struct PS2DeviceData
		 -> devices(32), 
 Return value:  Size  Location     Type
                  1    wreg      void 
 Registers used:
		wreg, fsr0l, fsr0h, status,2, status,0
 Tracked objects:
		On entry : 
		On exit  : 
		Unchanged: 
 Data sizes:     COMMON   BANK0   BANK1   BANK2
      Params:         0       0       0       0
      Locals:         1       0       0       0
      Temps:          5       0       0       0
      Totals:         6       0       0       0
Total ram usage:        6 bytes
 Hardware stack levels used:    1
 This function calls:
		Nothing
 This function is called by:
		Interrupt level 1
 This function uses a non-reentrant model



MODULE INFORMATION

Module		Function		Class		Link	Load	Size
shared
		__stringtab    		STRING         	0100	0000	7
		_kempstonMouseKeys		STRING         	01DA	0000	7
		_codeToMatrix  		STRING         	0106	0000	129
		_importantKeys 		STRING         	01D4	0000	7
		_replaceTwoBytesCodes		STRING         	01B0	0000	29
		__initialization		CODE           	000D	0000	36
		_replaceOnShiftKeyDown		STRING         	0186	0000	43
		_replaceOnDelayKeyDown		STRING         	01CC	0000	9

shared estimated size: 267

main.c
		_deviceDataUpdate		CODE           	040A	0000	126
		_updatePort    		CODE           	05CC	0000	50
		_deviceDataRead		CODE           	05FD	0000	32
		_deviceDataInit		CODE           	0487	0000	100
		_main          		CODE           	02B5	0000	193
		_processKeyCode		CODE           	01E0	0000	214
		_calculateBitsFromTable		CODE           	0587	0000	70
		_myIsr         		CODE           	0375	0000	150
		_myDelay       		CODE           	062F	0000	2
		_updateKey     		CODE           	04EA	0000	84
		_sendDataToAltera		CODE           	053D	0000	75

main.c estimated size: 1096

