Analysis & Synthesis report for zcontroller
Tue Sep 11 22:32:52 2018
Quartus II Version 9.1 Build 350 03/24/2010 Service Pack 2 SJ Web Edition


---------------------
; Table of Contents ;
---------------------
  1. Legal Notice
  2. Analysis & Synthesis Summary
  3. Analysis & Synthesis Settings
  4. Parallel Compilation
  5. Analysis & Synthesis Source Files Read
  6. Analysis & Synthesis Resource Usage Summary
  7. Analysis & Synthesis Resource Utilization by Entity
  8. Analysis & Synthesis Messages



----------------
; Legal Notice ;
----------------
Copyright (C) 1991-2010 Altera Corporation
Your use of Altera Corporation's design tools, logic functions 
and other software and tools, and its AMPP partner logic 
functions, and any output files from any of the foregoing 
(including device programming or simulation files), and any 
associated documentation or information are expressly subject 
to the terms and conditions of the Altera Program License 
Subscription Agreement, Altera MegaCore Function License 
Agreement, or other applicable license agreement, including, 
without limitation, that your use is for the sole purpose of 
programming logic devices manufactured by Altera and sold by 
Altera or its authorized distributors.  Please refer to the 
applicable agreement for further details.



+----------------------------------------------------------------------------+
; Analysis & Synthesis Summary                                               ;
+-----------------------------+----------------------------------------------+
; Analysis & Synthesis Status ; Successful - Tue Sep 11 22:32:52 2018        ;
; Quartus II Version          ; 9.1 Build 350 03/24/2010 SP 2 SJ Web Edition ;
; Revision Name               ; zcontroller                                  ;
; Top-level Entity Name       ; zcontroller                                  ;
; Family                      ; MAX7000S                                     ;
; Total macrocells            ; 109                                          ;
; Total pins                  ; 64                                           ;
+-----------------------------+----------------------------------------------+


+--------------------------------------------------------------------------------------------------------------+
; Analysis & Synthesis Settings                                                                                ;
+----------------------------------------------------------------------------+-----------------+---------------+
; Option                                                                     ; Setting         ; Default Value ;
+----------------------------------------------------------------------------+-----------------+---------------+
; Device                                                                     ; EPM7128SLC84-15 ;               ;
; Top-level entity name                                                      ; zcontroller     ; zcontroller   ;
; Family name                                                                ; MAX7000S        ; Stratix II    ;
; Optimization Technique                                                     ; Area            ; Speed         ;
; Use Generated Physical Constraints File                                    ; Off             ;               ;
; Use smart compilation                                                      ; Off             ; Off           ;
; Enable parallel Assembler and TimeQuest Timing Analyzer during compilation ; On              ; On            ;
; Enable compact report table                                                ; Off             ; Off           ;
; Create Debugging Nodes for IP Cores                                        ; Off             ; Off           ;
; Preserve fewer node names                                                  ; On              ; On            ;
; Disable OpenCore Plus hardware evaluation                                  ; Off             ; Off           ;
; Verilog Version                                                            ; Verilog_2001    ; Verilog_2001  ;
; VHDL Version                                                               ; VHDL_1993       ; VHDL_1993     ;
; State Machine Processing                                                   ; Auto            ; Auto          ;
; Safe State Machine                                                         ; Off             ; Off           ;
; Extract Verilog State Machines                                             ; On              ; On            ;
; Extract VHDL State Machines                                                ; On              ; On            ;
; Ignore Verilog initial constructs                                          ; Off             ; Off           ;
; Iteration limit for constant Verilog loops                                 ; 5000            ; 5000          ;
; Iteration limit for non-constant Verilog loops                             ; 250             ; 250           ;
; Add Pass-Through Logic to Inferred RAMs                                    ; On              ; On            ;
; Parallel Synthesis                                                         ; On              ; On            ;
; NOT Gate Push-Back                                                         ; On              ; On            ;
; Power-Up Don't Care                                                        ; On              ; On            ;
; Remove Duplicate Registers                                                 ; On              ; On            ;
; Ignore CARRY Buffers                                                       ; Off             ; Off           ;
; Ignore CASCADE Buffers                                                     ; Off             ; Off           ;
; Ignore GLOBAL Buffers                                                      ; Off             ; Off           ;
; Ignore ROW GLOBAL Buffers                                                  ; Off             ; Off           ;
; Ignore LCELL Buffers                                                       ; Auto            ; Auto          ;
; Ignore SOFT Buffers                                                        ; Off             ; Off           ;
; Limit AHDL Integers to 32 Bits                                             ; Off             ; Off           ;
; Allow XOR Gate Usage                                                       ; On              ; On            ;
; Auto Logic Cell Insertion                                                  ; On              ; On            ;
; Parallel Expander Chain Length                                             ; 4               ; 4             ;
; Auto Parallel Expanders                                                    ; On              ; On            ;
; Auto Open-Drain Pins                                                       ; On              ; On            ;
; Auto Resource Sharing                                                      ; Off             ; Off           ;
; Maximum Fan-in Per Macrocell                                               ; 100             ; 100           ;
; Use LogicLock Constraints during Resource Balancing                        ; On              ; On            ;
; Ignore translate_off and synthesis_off directives                          ; Off             ; Off           ;
; Show Parameter Settings Tables in Synthesis Report                         ; On              ; On            ;
; HDL message level                                                          ; Level2          ; Level2        ;
; Suppress Register Optimization Related Messages                            ; Off             ; Off           ;
; Number of Removed Registers Reported in Synthesis Report                   ; 5000            ; 5000          ;
; Number of Inverted Registers Reported in Synthesis Report                  ; 100             ; 100           ;
; Block Design Naming                                                        ; Auto            ; Auto          ;
; Synthesis Effort                                                           ; Auto            ; Auto          ;
; Shift Register Replacement - Allow Asynchronous Clear Signal               ; On              ; On            ;
; Analysis & Synthesis Message Level                                         ; Medium          ; Medium        ;
; Disable Register Merging Across Hierarchies                                ; Auto            ; Auto          ;
+----------------------------------------------------------------------------+-----------------+---------------+


Parallel compilation was disabled, but you have multiple processors available. Enable parallel compilation to reduce compilation time.
+-------------------------------------+
; Parallel Compilation                ;
+----------------------------+--------+
; Processors                 ; Number ;
+----------------------------+--------+
; Number detected on machine ; 6      ;
; Maximum allowed            ; 1      ;
+----------------------------+--------+


+-----------------------------------------------------------------------------------------------------------------------------------------------------------------------------------------+
; Analysis & Synthesis Source Files Read                                                                                                                                                  ;
+----------------------------------+-----------------+------------------------------------+-----------------------------------------------------------------------------------------------+
; File Name with User-Entered Path ; Used in Netlist ; File Type                          ; File Name with Absolute Path                                                                  ;
+----------------------------------+-----------------+------------------------------------+-----------------------------------------------------------------------------------------------+
; zcontroller.bdf                  ; yes             ; User Block Diagram/Schematic File  ; C:/Users/fomonster/Dropbox/ZX/z-controller/zcontroller/alteraEPM7128SLC84bdf/zcontroller.bdf  ;
; register_kbg.bdf                 ; yes             ; User Block Diagram/Schematic File  ; C:/Users/fomonster/Dropbox/ZX/z-controller/zcontroller/alteraEPM7128SLC84bdf/register_kbg.bdf ;
; decoder_addr.bdf                 ; yes             ; User Block Diagram/Schematic File  ; C:/Users/fomonster/Dropbox/ZX/z-controller/zcontroller/alteraEPM7128SLC84bdf/decoder_addr.bdf ;
; counter_pic.bdf                  ; yes             ; User Block Diagram/Schematic File  ; C:/Users/fomonster/Dropbox/ZX/z-controller/zcontroller/alteraEPM7128SLC84bdf/counter_pic.bdf  ;
+----------------------------------+-----------------+------------------------------------+-----------------------------------------------------------------------------------------------+


+---------------------------------------------+
; Analysis & Synthesis Resource Usage Summary ;
+----------------------+----------------------+
; Resource             ; Usage                ;
+----------------------+----------------------+
; Logic cells          ; 109                  ;
; Total registers      ; 63                   ;
; I/O pins             ; 64                   ;
; Parallel expanders   ; 4                    ;
; Maximum fan-out node ; counter_pic:inst1|12 ;
; Maximum fan-out      ; 60                   ;
; Total fan-out        ; 712                  ;
; Average fan-out      ; 4.12                 ;
+----------------------+----------------------+


+--------------------------------------------------------------------------------------------------+
; Analysis & Synthesis Resource Utilization by Entity                                              ;
+----------------------------+------------+------+----------------------------------+--------------+
; Compilation Hierarchy Node ; Macrocells ; Pins ; Full Hierarchy Name              ; Library Name ;
+----------------------------+------------+------+----------------------------------+--------------+
; |zcontroller               ; 109        ; 64   ; |zcontroller                     ; work         ;
;    |counter_pic:inst1|     ; 4          ; 0    ; |zcontroller|counter_pic:inst1   ; work         ;
;    |decoder_addr:inst|     ; 1          ; 0    ; |zcontroller|decoder_addr:inst   ; work         ;
;    |register_kbg:inst13|   ; 86         ; 0    ; |zcontroller|register_kbg:inst13 ; work         ;
+----------------------------+------------+------+----------------------------------+--------------+


+-------------------------------+
; Analysis & Synthesis Messages ;
+-------------------------------+
Info: *******************************************************************
Info: Running Quartus II Analysis & Synthesis
    Info: Version 9.1 Build 350 03/24/2010 Service Pack 2 SJ Web Edition
    Info: Processing started: Tue Sep 11 22:32:51 2018
Info: Command: quartus_map --read_settings_files=on --write_settings_files=off zcontroller -c zcontroller
Info: Found 1 design units, including 1 entities, in source file zcontroller.bdf
    Info: Found entity 1: zcontroller
Info: Found 1 design units, including 1 entities, in source file register_kbg.bdf
    Info: Found entity 1: register_kbg
Info: Found 1 design units, including 1 entities, in source file decoder_addr.bdf
    Info: Found entity 1: decoder_addr
Info: Found 1 design units, including 1 entities, in source file counter_pic.bdf
    Info: Found entity 1: counter_pic
Info: Elaborating entity "zcontroller" for the top level hierarchy
Warning: Pin "WR" not connected
Warning: Pin "SDTAKT" not connected
Warning: Pin "SDDET" not connected
Warning: Pin "SDRO" not connected
Warning: Pin "SDIN" not connected
Warning: Pin "SDCS" not connected
Warning: Pin "RES" not connected
Warning: Pin "NMI" not connected
Warning: Pin "IO3D" not connected
Warning: Primitive "NOR2" of instance "inst18" not used
Info: Elaborating entity "register_kbg" for hierarchy "register_kbg:inst13"
Info: Elaborating entity "counter_pic" for hierarchy "counter_pic:inst1"
Info: Elaborating entity "decoder_addr" for hierarchy "decoder_addr:inst"
Warning: Output pins are stuck at VCC or GND
    Warning (13410): Pin "WRH" is stuck at GND
    Warning (13410): Pin "IOW" is stuck at VCC
    Warning (13410): Pin "RDH" is stuck at VCC
    Warning (13410): Pin "IOR" is stuck at GND
    Warning (13410): Pin "EBL" is stuck at VCC
    Warning (13410): Pin "SDDO" is stuck at GND
    Warning (13410): Pin "SC" is stuck at GND
    Warning (13410): Pin "IO0" is stuck at GND
    Warning (13410): Pin "IO1" is stuck at GND
    Warning (13410): Pin "IO2" is stuck at GND
    Warning (13410): Pin "IO3" is stuck at GND
    Warning (13410): Pin "IO4" is stuck at GND
    Warning (13410): Pin "IO5" is stuck at GND
    Warning (13410): Pin "IO6" is stuck at GND
    Warning (13410): Pin "IO7" is stuck at GND
Info: Promoted pin-driven signal(s) to global signal
    Info: Promoted clock signal driven by pin "STROBE" to global clock signal
Warning: Design contains 9 input pin(s) that do not drive logic
    Warning (15610): No output dependent on input pin "WR"
    Warning (15610): No output dependent on input pin "SDTAKT"
    Warning (15610): No output dependent on input pin "SDDET"
    Warning (15610): No output dependent on input pin "SDRO"
    Warning (15610): No output dependent on input pin "SDIN"
    Warning (15610): No output dependent on input pin "SDCS"
    Warning (15610): No output dependent on input pin "RES"
    Warning (15610): No output dependent on input pin "NMI"
    Warning (15610): No output dependent on input pin "IO3D"
Info: Implemented 173 device resources after synthesis - the final resource count might be different
    Info: Implemented 39 input pins
    Info: Implemented 16 output pins
    Info: Implemented 9 bidirectional pins
    Info: Implemented 109 macrocells
Info: Quartus II Analysis & Synthesis was successful. 0 errors, 36 warnings
    Info: Peak virtual memory: 235 megabytes
    Info: Processing ended: Tue Sep 11 22:32:52 2018
    Info: Elapsed time: 00:00:01
    Info: Total CPU time (on all processors): 00:00:01


