Microchip MPLAB XC8 Compiler V2.00 ()

Linker command line:

-W-3 --edf=C:\Program Files (x86)\Microchip\xc8\v2.00\pic\dat\en_msgs.txt \
  -cs -h+dist/default/production\pic16F622A.production.sym \
  --cmf=dist/default/production\pic16F622A.production.cmf -z -Q16C622A \
  -oC:\Users\FOMONS~1\AppData\Local\Temp\sji0.2 \
  -Mdist/default/production/pic16F622A.production.map -E1 -ver=XC8 \
  --acfsm=1493 -ASTACK=03Fh-06fh -pstack=STACK -ACODE=00h-07FFh \
  -ASTRCODE=00h-07FFh -ASTRING=00h-0FFhx8 -ACONST=00h-0FFhx8 \
  -AENTRY=00h-0FFhx8 -ACOMMON=070h-07Fh -ABANK0=020h-06Fh -ABANK1=0A0h-0BFh \
  -ARAM=020h-06Fh,0A0h-0BFh -AABS1=020h-07Fh,0A0h-0BFh -ASFR0=00h-01Fh \
  -ASFR1=080h-09Fh -preset_vec=00h,intentry=04h,init,end_init \
  -ppowerup=CODE -pcinit=CODE -pfunctab=ENTRY -ACONFIG=02007h-02007h \
  -pconfig=CONFIG -DCONFIG=2 -AIDLOC=02000h-02003h -pidloc=IDLOC -DIDLOC=2 \
  -DCODE=2 -DSTRCODE=2 -DSTRING=2 -DCONST=2 -DENTRY=2 -k \
  C:\Users\FOMONS~1\AppData\Local\Temp\sji0.o \
  dist/default/production\pic16F622A.production.o 

Object code version is 3.11

Machine type is 16C622A



                Name                               Link     Load   Length Selector   Space Scale
C:\Users\FOMONS~1\AppData\Local\Temp\sji0.o
                end_init                              4        4        1        8       0
                reset_vec                             0        0        1        0       0
dist/default/production\pic16F622A.production.o
                cinit                                 5        5       1F        8       0
                text5                               2C3      2C3        A      3D6       0
                text4                               265      265       2B      3D6       0
                text3                               290      290       27      3D6       0
                text2                               236      236       2F      3D6       0
                text1                               1EB      1EB       4B      3D6       0
                maintext                             24       24       ED        8       0
                cstackBANK0                          3B       3B        3       20       1
                cstackCOMMON                         70       70        E       70       1
                clrtext                             2CD      2CD        8      3D6       0
                dataBANK0                            2F       2F        C       20       1
                bssBANK0                             20       20        F       20       1
                nvBANK0                              3E       3E        1       20       1
                strings                             111      111       DA      222       0
                idataBANK0                          2B7      2B7        C      3D6       0

TOTAL           Name                               Link     Load   Length     Space
        CLASS   STACK          

        CLASS   CODE           
                end_init                              4        4        1         0
                cinit                                 5        5       1F         0
                reset_vec                             0        0        1         0
                text5                               2C3      2C3        A         0
                text4                               265      265       2B         0
                text3                               290      290       27         0
                text2                               236      236       2F         0
                text1                               1EB      1EB       4B         0
                maintext                             24       24       ED         0
                clrtext                             2CD      2CD        8         0
                idataBANK0                          2B7      2B7        C         0

        CLASS   STRCODE        

        CLASS   STRING         
                strings                             111      111       DA         0

        CLASS   CONST          

        CLASS   ENTRY          

        CLASS   COMMON         
                cstackCOMMON                         70       70        E         1

        CLASS   BANK0          
                cstackBANK0                          3B       3B        3         1
                dataBANK0                            2F       2F        C         1
                bssBANK0                             20       20        F         1
                nvBANK0                              3E       3E        1         1

        CLASS   BANK1          

        CLASS   RAM            

        CLASS   ABS1           
                abs_s1                               7E       7E        2         1

        CLASS   SFR0           

        CLASS   SFR1           

        CLASS   CONFIG         

        CLASS   IDLOC          

        CLASS   EEDATA         



SEGMENTS        Name                           Load    Length   Top    Selector   Space  Class     Delta

                reset_vec                      000000  000001  000001         0       0  CODE        2
                intentry                       000004  00010D  000111         8       0  CODE        2
                bssBANK0                       000020  00001F  00003F        20       1  BANK0       1
                cstackCOMMON                   000070  00000E  00007E        70       1  COMMON      1
                strings                        000111  0000DA  0001EB       222       0  STRING      2
                text1                          0001EB  0000EA  0002D5       3D6       0  CODE        2


UNUSED ADDRESS RANGES

        Name                Unused          Largest block    Delta
        BANK0            03F-06F            31           1
        BANK1            0A0-0BF            20           1
        CODE             001-003             3           2
                         2D5-7FF           52B
        CONFIG           2007-2007             1           2
        CONST            001-003             3           2
                         2D5-7FF           100
        ENTRY            001-003             3           2
                         2D5-7FF           100
        IDLOC            2000-2003             4           2
        RAM              03F-06F            31           1
                         0A0-0BF            20
        SFR0             000-01F            20           1
        SFR1             080-09F            20           1
        STACK            03F-06F            31           1
        STRCODE          001-003             3           2
                         2D5-7FF           52B
        STRING           001-003             3           2
                         2D5-7FF           100

                                  Symbol Table

_PORTA                         (abs)        005
_PORTAbits                     (abs)        005
_PORTB                         (abs)        006
_RA1                           (abs)        029
_RA2                           (abs)        02A
_TMR0                          (abs)        001
_TRISA0                        (abs)        428
_TRISA1                        (abs)        429
_TRISA2                        (abs)        42A
_TRISA3                        (abs)        42B
_TRISA4                        (abs)        42C
_TRISB                         (abs)        086
__Habs1                        abs1         000
__Hbank0                       bank0        000
__Hbank1                       bank1        000
__HbssBANK0                    bssBANK0     000
__Hcinit                       cinit        024
__Hclrtext                     clrtext      000
__Hcode                        code         000
__Hcommon                      common       000
__Hconfig                      config       000
__HcstackBANK0                 cstackBANK0  000
__HcstackCOMMON                cstackCOMMON 000
__HdataBANK0                   dataBANK0    000
__Heeprom_data                 eeprom_data  000
__Hend_init                    end_init     005
__Hfunctab                     functab      000
__HidataBANK0                  idataBANK0   000
__Hidloc                       idloc        000
__Hinit                        init         004
__Hintentry                    intentry     004
__Hmaintext                    maintext     000
__HnvBANK0                     nvBANK0      000
__Hpowerup                     powerup      000
__Hram                         ram          000
__Hreset_vec                   reset_vec    001
__Hsfr0                        sfr0         000
__Hsfr1                        sfr1         000
__Hspace_0                     (abs)        2D5
__Hspace_1                     (abs)        07E
__Hspace_2                     (abs)        000
__Hspace_3                     (abs)        000
__Hstack                       stack        000
__Hstrings                     strings      000
__Htext                        text         000
__Labs1                        abs1         000
__Lbank0                       bank0        000
__Lbank1                       bank1        000
__LbssBANK0                    bssBANK0     000
__Lcinit                       cinit        005
__Lclrtext                     clrtext      000
__Lcode                        code         000
__Lcommon                      common       000
__Lconfig                      config       000
__LcstackBANK0                 cstackBANK0  000
__LcstackCOMMON                cstackCOMMON 000
__LdataBANK0                   dataBANK0    000
__Leeprom_data                 eeprom_data  000
__Lend_init                    end_init     004
__Lfunctab                     functab      000
__LidataBANK0                  idataBANK0   000
__Lidloc                       idloc        000
__Linit                        init         004
__Lintentry                    intentry     004
__Lmaintext                    maintext     000
__LnvBANK0                     nvBANK0      000
__Lpowerup                     powerup      000
__Lram                         ram          000
__Lreset_vec                   reset_vec    000
__Lsfr0                        sfr0         000
__Lsfr1                        sfr1         000
__Lspace_0                     (abs)        000
__Lspace_1                     (abs)        000
__Lspace_2                     (abs)        000
__Lspace_3                     (abs)        000
__Lstack                       stack        000
__Lstrings                     strings      000
__Ltext                        text         000
__S0                           (abs)        2D5
__S1                           (abs)        07E
__S2                           (abs)        000
___int_sp                      stack        000
___latbits                     (abs)        000
___sp                          stack        000
__end_of__initialization       cinit        022
__end_of__stringtab            strings      117
__end_of_codeToMatrix          strings      197
__end_of_digitsTable           strings      1EB
__end_of_main                  maintext     111
__end_of_myDelay               text5        2CD
__end_of_replaceOnDelayKeyDown strings      1E3
__end_of_replaceOnShiftKeyDown strings      1C1
__end_of_replaceTwoBytesCodes  strings      1DB
__end_of_sendDataToAltera      text4        290
__end_of_sendToPs2Device       text3        2B7
__end_of_updateKey             text1        236
__end_of_updatePort            text2        265
__initialization               cinit        005
__pbssBANK0                    bssBANK0     020
__pcstackBANK0                 cstackBANK0  03B
__pcstackCOMMON                cstackCOMMON 070
__pdataBANK0                   dataBANK0    02F
__pidataBANK0                  idataBANK0   2B7
__pmaintext                    maintext     024
__pnvBANK0                     nvBANK0      03E
__pstrings                     strings      111
__ptext1                       text1        1EB
__ptext2                       text2        236
__ptext3                       text3        290
__ptext4                       text4        265
__ptext5                       text5        2C3
__size_of_main                 (abs)        000
__size_of_myDelay              (abs)        000
__size_of_sendDataToAltera     (abs)        000
__size_of_sendToPs2Device      (abs)        000
__size_of_updateKey            (abs)        000
__size_of_updatePort           (abs)        000
__stringbase                   strings      116
__stringtab                    strings      111
_codeToMatrix                  strings      117
_ctrl                          bssBANK0     026
_delay                         bssBANK0     022
_delayA                        bssBANK0     020
_delayedKey                    bssBANK0     024
_digitsTable                   strings      1E3
_main                          maintext     024
_myDelay                       text5        2C3
_outPorts                      dataBANK0    02F
_ps2BitsCount                  bssBANK0     02C
_ps2Data                       bssBANK0     02B
_ps2DataState                  bssBANK0     02E
_ps2Device                     bssBANK0     02A
_ps2Down                       nvBANK0      03E
_ps2NeedEncode                 bssBANK0     028
_ps2WaitCode                   bssBANK0     029
_replaceOnDelayKeyDown         strings      1DB
_replaceOnShiftKeyDown         strings      197
_replaced                      bssBANK0     025
_sendDataToAltera              text4        265
_sendToPs2Device               text3        290
_shift                         bssBANK0     027
_updateKey                     text1        1EB
_updateKey$77                  cstackCOMMON 079
_updatePort                    text2        236
btemp                          (abs)        07E
clear_ram0                     clrtext      2CD
end_of_initialization          cinit        022
intlevel0                      functab      000
intlevel1                      functab      000
intlevel2                      functab      000
intlevel3                      functab      000
intlevel4                      functab      000
intlevel5                      functab      000
main@i                         cstackBANK0  03D
main@i_98                      cstackBANK0  03C
main@i_99                      cstackBANK0  03B
myDelay@j                      cstackCOMMON 071
reset_vec                      reset_vec    000
sendDataToAltera@i             cstackCOMMON 073
sendToPs2Device@j              cstackCOMMON 071
stackhi                        (abs)        000
stacklo                        (abs)        000
start                          init         004
start_initialization           cinit        005
updateKey@code                 cstackCOMMON 07C
updateKey@key                  cstackCOMMON 07B
updateKey@localCtrl            cstackCOMMON 07A
updateKey@localShift           cstackCOMMON 078
updateKey@set                  cstackCOMMON 076
updatePort@a                   cstackCOMMON 074
updatePort@bit_id              cstackCOMMON 075
updatePort@set                 cstackCOMMON 070
wtemp0                         (abs)        07E


FUNCTION INFORMATION:

 *************** function _main *****************
 Defined at:
		line 335 in file "main.c"
 Parameters:    Size  Location     Type
		None
 Auto vars:     Size  Location     Type
  i               1    2[BANK0 ] char 
  i               1    0[BANK0 ] char 
  i               1    1[BANK0 ] char 
 Return value:  Size  Location     Type
                  1    wreg      void 
 Registers used:
		wreg, fsr0l, fsr0h, status,2, status,0, pclath, cstack
 Tracked objects:
		On entry : 
		On exit  : 
		Unchanged: 
 Data sizes:     COMMON   BANK0   BANK1
      Params:         0       0       0
      Locals:         0       3       0
      Temps:          1       0       0
      Totals:         1       3       0
Total ram usage:        4 bytes
 Hardware stack levels required when called:    2
 This function calls:
		_sendDataToAltera
		_sendToPs2Device
		_updateKey
 This function is called by:
		Startup code after reset
 This function uses a non-reentrant model


 *************** function _updateKey *****************
 Defined at:
		line 178 in file "main.c"
 Parameters:    Size  Location     Type
  key             1    wreg     unsigned char 
  set             1    6[COMMON] unsigned char 
 Auto vars:     Size  Location     Type
  key             1   11[COMMON] unsigned char 
  code            1   12[COMMON] unsigned char 
  localCtrl       1   10[COMMON] unsigned char 
  localShift      1    8[COMMON] unsigned char 
 Return value:  Size  Location     Type
                  1    wreg      void 
 Registers used:
		wreg, fsr0l, fsr0h, status,2, status,0, pclath, cstack
 Tracked objects:
		On entry : 
		On exit  : 
		Unchanged: 
 Data sizes:     COMMON   BANK0   BANK1
      Params:         1       0       0
      Locals:         5       0       0
      Temps:          1       0       0
      Totals:         7       0       0
Total ram usage:        7 bytes
 Hardware stack levels used:    1
 Hardware stack levels required when called:    1
 This function calls:
		_updatePort
 This function is called by:
		_main
 This function uses a non-reentrant model


 *************** function _updatePort *****************
 Defined at:
		line 169 in file "main.c"
 Parameters:    Size  Location     Type
  bit_id          1    wreg     unsigned char 
  set             1    0[COMMON] unsigned char 
 Auto vars:     Size  Location     Type
  bit_id          1    5[COMMON] unsigned char 
  a               1    4[COMMON] unsigned char 
 Return value:  Size  Location     Type
                  1    wreg      void 
 Registers used:
		wreg, fsr0l, fsr0h, status,2, status,0
 Tracked objects:
		On entry : 
		On exit  : 
		Unchanged: 
 Data sizes:     COMMON   BANK0   BANK1
      Params:         1       0       0
      Locals:         2       0       0
      Temps:          3       0       0
      Totals:         6       0       0
Total ram usage:        6 bytes
 Hardware stack levels used:    1
 This function calls:
		Nothing
 This function is called by:
		_updateKey
 This function uses a non-reentrant model


 *************** function _sendToPs2Device *****************
 Defined at:
		line 251 in file "main.c"
 Parameters:    Size  Location     Type
		None
 Auto vars:     Size  Location     Type
  j               1    1[COMMON] unsigned char 
 Return value:  Size  Location     Type
                  1    wreg      void 
 Registers used:
		wreg, status,2, status,0
 Tracked objects:
		On entry : 
		On exit  : 
		Unchanged: 
 Data sizes:     COMMON   BANK0   BANK1
      Params:         0       0       0
      Locals:         1       0       0
      Temps:          1       0       0
      Totals:         2       0       0
Total ram usage:        2 bytes
 Hardware stack levels used:    1
 This function calls:
		Nothing
 This function is called by:
		_main
 This function uses a non-reentrant model


 *************** function _sendDataToAltera *****************
 Defined at:
		line 229 in file "main.c"
 Parameters:    Size  Location     Type
		None
 Auto vars:     Size  Location     Type
  i               1    3[COMMON] char 
 Return value:  Size  Location     Type
                  1    wreg      void 
 Registers used:
		wreg, fsr0l, fsr0h, status,2, status,0, pclath, cstack
 Tracked objects:
		On entry : 
		On exit  : 
		Unchanged: 
 Data sizes:     COMMON   BANK0   BANK1
      Params:         0       0       0
      Locals:         1       0       0
      Temps:          1       0       0
      Totals:         2       0       0
Total ram usage:        2 bytes
 Hardware stack levels used:    1
 Hardware stack levels required when called:    1
 This function calls:
		_myDelay
 This function is called by:
		_main
 This function uses a non-reentrant model


 *************** function _myDelay *****************
 Defined at:
		line 197 in file "main.c"
 Parameters:    Size  Location     Type
		None
 Auto vars:     Size  Location     Type
  j               1    1[COMMON] unsigned char 
 Return value:  Size  Location     Type
                  1    wreg      void 
 Registers used:
		wreg, status,2, status,0
 Tracked objects:
		On entry : 
		On exit  : 
		Unchanged: 
 Data sizes:     COMMON   BANK0   BANK1
      Params:         0       0       0
      Locals:         1       0       0
      Temps:          1       0       0
      Totals:         2       0       0
Total ram usage:        2 bytes
 Hardware stack levels used:    1
 This function calls:
		Nothing
 This function is called by:
		_sendDataToAltera
 This function uses a non-reentrant model



MODULE INFORMATION

Module		Function		Class		Link	Load	Size
shared
		__stringtab    		STRING         	0111	0000	7
		_codeToMatrix  		STRING         	0117	0000	129
		_digitsTable   		STRING         	01E3	0000	9
		_replaceTwoBytesCodes		STRING         	0000	0000	0
		__initialization		CODE           	0005	0000	30
		_replaceOnShiftKeyDown		STRING         	0197	0000	43
		_replaceOnDelayKeyDown		STRING         	01DB	0000	9

shared estimated size: 227

main.c
		_sendToPs2Device		CODE           	0290	0000	40
		_updatePort    		CODE           	0236	0000	48
		_main          		CODE           	0024	0000	238
		_myDelay       		CODE           	02C3	0000	11
		_updateKey     		CODE           	01EB	0000	76
		_sendDataToAltera		CODE           	0265	0000	44

main.c estimated size: 457

